Archive member included to satisfy reference by file (symbol)

/usr/lib/gcc/arm-none-eabi/14.2.1/../../../arm-none-eabi/lib/thumb/v8-m.main+fp/softfp/libm.a(libm_a-wf_sqrt.o)
                              CMakeFiles/traffic_light.dir/home/olof/pico-sdk/src/rp2_common/pico_float/float_math.c.o (sqrtf)
/usr/lib/gcc/arm-none-eabi/14.2.1/../../../arm-none-eabi/lib/thumb/v8-m.main+fp/softfp/libm.a(libm_a-ef_sqrt.o)
                              /usr/lib/gcc/arm-none-eabi/14.2.1/../../../arm-none-eabi/lib/thumb/v8-m.main+fp/softfp/libm.a(libm_a-wf_sqrt.o) (__ieee754_sqrtf)
/usr/lib/gcc/arm-none-eabi/14.2.1/thumb/v8-m.main+fp/softfp/libgcc.a(_arm_addsubdf3.o)
                              CMakeFiles/traffic_light.dir/home/olof/programs/school/embedded/2/ES-Lab-Kit/Software/bsp/bsp.c.o (__aeabi_f2d)
/usr/lib/gcc/arm-none-eabi/14.2.1/thumb/v8-m.main+fp/softfp/libgcc.a(_aeabi_ldivmod.o)
                              CMakeFiles/traffic_light.dir/home/olof/programs/school/embedded/2/ES-Lab-Kit/Software/bsp/psram.c.o (__aeabi_ldivmod)
/usr/lib/gcc/arm-none-eabi/14.2.1/thumb/v8-m.main+fp/softfp/libgcc.a(_aeabi_uldivmod.o)
                              CMakeFiles/traffic_light.dir/home/olof/pico-sdk/src/rp2_common/hardware_clocks/clocks.c.o (__aeabi_uldivmod)
/usr/lib/gcc/arm-none-eabi/14.2.1/thumb/v8-m.main+fp/softfp/libgcc.a(_udivmoddi4.o)
                              /usr/lib/gcc/arm-none-eabi/14.2.1/thumb/v8-m.main+fp/softfp/libgcc.a(_aeabi_ldivmod.o) (__udivmoddi4)
/usr/lib/gcc/arm-none-eabi/14.2.1/thumb/v8-m.main+fp/softfp/libgcc.a(_dvmd_tls.o)
                              /usr/lib/gcc/arm-none-eabi/14.2.1/thumb/v8-m.main+fp/softfp/libgcc.a(_aeabi_ldivmod.o) (__aeabi_ldiv0)
/usr/lib/gcc/arm-none-eabi/14.2.1/../../../arm-none-eabi/lib/thumb/v8-m.main+fp/softfp/libg.a(libc_a-strlen-stub.o)
                              CMakeFiles/traffic_light.dir/home/olof/programs/school/embedded/2/ES-Lab-Kit/Software/bsp/ht16k33.c.o (strlen)
/usr/lib/gcc/arm-none-eabi/14.2.1/../../../arm-none-eabi/lib/thumb/v8-m.main+fp/softfp/libg.a(libc_a-memset.o)
                              /usr/lib/gcc/arm-none-eabi/14.2.1/../../../arm-none-eabi/lib/thumb/v8-m.main+fp/softfp/crt0.o (memset)
/usr/lib/gcc/arm-none-eabi/14.2.1/../../../arm-none-eabi/lib/thumb/v8-m.main+fp/softfp/libg.a(libc_a-fini.o)
                              /usr/lib/gcc/arm-none-eabi/14.2.1/../../../arm-none-eabi/lib/thumb/v8-m.main+fp/softfp/crt0.o (__libc_fini_array)
/usr/lib/gcc/arm-none-eabi/14.2.1/../../../arm-none-eabi/lib/thumb/v8-m.main+fp/softfp/libg.a(libc_a-calloc.o)
                              CMakeFiles/traffic_light.dir/home/olof/pico-sdk/src/rp2_common/pico_malloc/malloc.c.o (calloc)
/usr/lib/gcc/arm-none-eabi/14.2.1/../../../arm-none-eabi/lib/thumb/v8-m.main+fp/softfp/libg.a(libc_a-callocr.o)
                              /usr/lib/gcc/arm-none-eabi/14.2.1/../../../arm-none-eabi/lib/thumb/v8-m.main+fp/softfp/libg.a(libc_a-calloc.o) (_calloc_r)
/usr/lib/gcc/arm-none-eabi/14.2.1/../../../arm-none-eabi/lib/thumb/v8-m.main+fp/softfp/libg.a(libc_a-realloc.o)
                              CMakeFiles/traffic_light.dir/home/olof/pico-sdk/src/rp2_common/pico_malloc/malloc.c.o (realloc)
/usr/lib/gcc/arm-none-eabi/14.2.1/../../../arm-none-eabi/lib/thumb/v8-m.main+fp/softfp/libg.a(libc_a-mallocr.o)
                              /usr/lib/gcc/arm-none-eabi/14.2.1/../../../arm-none-eabi/lib/thumb/v8-m.main+fp/softfp/libg.a(libc_a-callocr.o) (_malloc_r)
/usr/lib/gcc/arm-none-eabi/14.2.1/../../../arm-none-eabi/lib/thumb/v8-m.main+fp/softfp/libg.a(libc_a-freer.o)
                              /usr/lib/gcc/arm-none-eabi/14.2.1/../../../arm-none-eabi/lib/thumb/v8-m.main+fp/softfp/libg.a(libc_a-mallocr.o) (_free_r)
/usr/lib/gcc/arm-none-eabi/14.2.1/../../../arm-none-eabi/lib/thumb/v8-m.main+fp/softfp/libg.a(libc_a-memcmp.o)
                              CMakeFiles/traffic_light.dir/home/olof/pico-sdk/src/rp2_common/pico_atomic/atomic.c.o (memcmp)
/usr/lib/gcc/arm-none-eabi/14.2.1/../../../arm-none-eabi/lib/thumb/v8-m.main+fp/softfp/libg.a(libc_a-errno.o)
                              /usr/lib/gcc/arm-none-eabi/14.2.1/../../../arm-none-eabi/lib/thumb/v8-m.main+fp/softfp/libm.a(libm_a-wf_sqrt.o) (__errno)
/usr/lib/gcc/arm-none-eabi/14.2.1/../../../arm-none-eabi/lib/thumb/v8-m.main+fp/softfp/libg.a(libc_a-malloc.o)
                              CMakeFiles/traffic_light.dir/home/olof/pico-sdk/src/rp2_common/pico_malloc/malloc.c.o (malloc)
/usr/lib/gcc/arm-none-eabi/14.2.1/../../../arm-none-eabi/lib/thumb/v8-m.main+fp/softfp/libg.a(libc_a-reallocr.o)
                              /usr/lib/gcc/arm-none-eabi/14.2.1/../../../arm-none-eabi/lib/thumb/v8-m.main+fp/softfp/libg.a(libc_a-realloc.o) (_realloc_r)
/usr/lib/gcc/arm-none-eabi/14.2.1/../../../arm-none-eabi/lib/thumb/v8-m.main+fp/softfp/libg.a(libc_a-mktime.o)
                              CMakeFiles/traffic_light.dir/home/olof/pico-sdk/src/common/pico_util/datetime.c.o (mktime)
[...]
Memory Configuration

Name             Origin             Length             Attributes
FLASH            0x10000000         0x00400000         xr
RAM              0x20000000         0x00080000         xrw
SCRATCH_X        0x20080000         0x00001000         xrw
SCRATCH_Y        0x20081000         0x00001000         xrw
*default*        0x00000000         0xffffffff

Linker script and memory map

LOAD /usr/lib/gcc/arm-none-eabi/14.2.1/thumb/v8-m.main+fp/softfp/crti.o
LOAD /usr/lib/gcc/arm-none-eabi/14.2.1/thumb/v8-m.main+fp/softfp/crtbegin.o
LOAD /usr/lib/gcc/arm-none-eabi/14.2.1/../../../arm-none-eabi/lib/thumb/v8-m.main+fp/softfp/crt0.o

.flash_begin    0x10000000        0x0
                0x10000000                        __flash_binary_start = .

.text           0x10000000     0x28e0
                0x10000000                        __logical_binary_start = .
 *(.vectors)
 .vectors       0x10000000      0x124 CMakeFiles/traffic_light.dir/home/olof/pico-sdk/src/rp2_common/pico_crt0/crt0.S.o
                0x10000000                __vectors
                0x10000000                __VECTOR_TABLE
                0x10000110                isr_securefault
                0x10000110                isr_irq30
                0x10000110                __unhandled_user_irq
                0x10000110                isr_irq49
                0x10000110                isr_irq13
                0x10000110                isr_irq43
                0x10000110                isr_irq45
                0x10000110                isr_irq27
                0x10000110                isr_irq32
                0x10000110                isr_irq31
                0x10000110                isr_irq5
                0x10000110                isr_irq11
                0x10000110                isr_irq23
                0x10000110                isr_usagefault
                0x10000110                isr_irq48
                0x10000110                isr_irq35
                0x10000110                isr_irq18
                0x10000110                isr_irq50
                0x10000110                isr_irq40
                0x10000110                isr_irq28
                0x10000110                isr_irq19
                0x10000110                isr_irq36
                0x10000110                isr_irq41
                0x10000110                isr_irq0
                0x10000110                isr_irq6
                0x10000110                isr_memmanage
                0x10000110                isr_irq37
                0x10000110                isr_irq42
                0x10000110                isr_irq22
                0x10000110                isr_irq17
                0x10000110                isr_irq38
                0x10000110                isr_irq14
                0x10000110                __vectors_end
                0x10000110                __default_isrs_start
                0x10000110                isr_irq2
                0x10000110                isr_irq10
                0x10000110                isr_irq8
                0x10000110                isr_debugmonitor
                0x10000110                isr_irq24
                0x10000110                isr_irq46
                0x10000110                isr_irq1
                0x10000110                isr_irq47
                0x10000110                isr_irq51
                0x10000110                isr_irq7
                0x10000110                isr_irq21
                0x10000110                isr_irq39
                0x10000110                isr_irq20
                0x10000110                isr_irq15
                0x10000110                isr_irq25
                0x10000110                isr_irq34
                0x10000110                isr_irq4
                0x10000110                isr_busfault
                0x10000110                isr_irq16
                0x10000110                isr_irq44
                0x10000110                isr_irq29
                0x10000110                isr_irq26
                0x10000110                isr_irq33
                0x10000110                isr_irq3
                0x10000110                isr_irq12
                0x10000110                isr_irq9
                0x10000116                unhandled_user_irq_num_in_r0
                0x10000118                isr_invalid
                0x1000011a                isr_nmi
                0x1000011c                isr_hardfault
                0x1000011e                isr_svcall
                0x10000120                isr_pendsv
                0x10000122                isr_systick
                0x10000124                __default_isrs_end
 *(.binary_info_header)
 .binary_info_header
                0x10000124       0x14 CMakeFiles/traffic_light.dir/home/olof/pico-sdk/src/rp2_common/pico_crt0/crt0.S.o
                0x10000138                        __binary_info_header_end = .
 *(.embedded_block)
 .embedded_block
                0x10000138       0x14 CMakeFiles/traffic_light.dir/home/olof/pico-sdk/src/rp2_common/pico_crt0/crt0.S.o
                0x1000014c                        __embedded_block_end = .
 *(.reset)
 .reset         0x1000014c       0x98 CMakeFiles/traffic_light.dir/home/olof/pico-sdk/src/rp2_common/pico_crt0/crt0.S.o
                0x1000014c                _entry_point
 *(.init)
 .init          0x100001e4        0x4 /usr/lib/gcc/arm-none-eabi/14.2.1/thumb/v8-m.main+fp/softfp/crti.o
                0x100001e4                _init
 *libgcc.a:cmse_nonsecure_call.o()
 *(EXCLUDE_FILE(*libm.a: *libc.a:*lib_a-mem*.o *libgcc.a:) .text*)
 .text          0x100001e8       0x8c /usr/lib/gcc/arm-none-eabi/14.2.1/thumb/v8-m.main+fp/softfp/crtbegin.o
 .text.startup.main
                0x10000274       0x78 CMakeFiles/traffic_light.dir/main.c.o
                0x10000274                main
 .text.BSP_Init
                0x100002ec      0x220 CMakeFiles/traffic_light.dir/home/olof/programs/school/embedded/2/ES-Lab-Kit/Software/bsp/bsp.c.o
                0x100002ec                BSP_Init
 .text.BSP_ShiftRegWriteAll
                0x1000050c       0x54 CMakeFiles/traffic_light.dir/home/olof/programs/school/embedded/2/ES-Lab-Kit/Software/bsp/bsp.c.o
                0x1000050c                BSP_ShiftRegWriteAll
 .text.BSP_SetLED
                0x10000560       0x20 CMakeFiles/traffic_light.dir/home/olof/programs/school/embedded/2/ES-Lab-Kit/Software/bsp/bsp.c.o
                0x10000560                BSP_SetLED
 .text.pwm_gpio_to_slice_num
                0x10000580       0x14 CMakeFiles/traffic_light.dir/home/olof/programs/school/embedded/2/ES-Lab-Kit/Software/bsp/bsp.c.o
 .text.pwm_set_wrap
                0x10000594       0x14 CMakeFiles/traffic_light.dir/home/olof/programs/school/embedded/2/ES-Lab-Kit/Software/bsp/bsp.c.o
 .text.pwm_set_gpio_level
                0x100005a8       0x40 CMakeFiles/traffic_light.dir/home/olof/programs/school/embedded/2/ES-Lab-Kit/Software/bsp/bsp.c.o
 .text.pwm_set_enabled
                0x100005e8       0x20 CMakeFiles/traffic_light.dir/home/olof/programs/school/embedded/2/ES-Lab-Kit/Software/bsp/bsp.c.o
 .text.gpio_put
                0x10000608        0x8 CMakeFiles/traffic_light.dir/home/olof/programs/school/embedded/2/ES-Lab-Kit/Software/bsp/bsp.c.o
 .text.gpio_set_dir
                0x10000610        0x8 CMakeFiles/traffic_light.dir/home/olof/programs/school/embedded/2/ES-Lab-Kit/Software/bsp/bsp.c.o
 .text.gpio_pull_up
                0x10000618        0x8 CMakeFiles/traffic_light.dir/home/olof/programs/school/embedded/2/ES-Lab-Kit/Software/bsp/bsp.c.o
 .text.i2c_write_byte
                0x10000620       0x2c CMakeFiles/traffic_light.dir/home/olof/programs/school/embedded/2/ES-Lab-Kit/Software/bsp/ht16k33.c.o
                0x10000620                i2c_write_byte
 .text.ht16k33_init
                0x1000064c       0x24 CMakeFiles/traffic_light.dir/home/olof/programs/school/embedded/2/ES-Lab-Kit/Software/bsp/ht16k33.c.o
                0x1000064c                ht16k33_init
 .text.ht16k33_display_set
                0x10000670       0x44 CMakeFiles/traffic_light.dir/home/olof/programs/school/embedded/2/ES-Lab-Kit/Software/bsp/ht16k33.c.o
 .text.ht16k33_clear_all
                0x100006b4       0x28 CMakeFiles/traffic_light.dir/home/olof/programs/school/embedded/2/ES-Lab-Kit/Software/bsp/ht16k33.c.o
                0x100006b4                ht16k33_clear_all
 .text.mma8452q_setScale
                0x100006dc      0x118 CMakeFiles/traffic_light.dir/home/olof/programs/school/embedded/2/ES-Lab-Kit/Software/bsp/mma8452q.c.o
                0x100006dc                mma8452q_setScale
 .text.mma8452q_setDataRate
                0x100007f4      0x110 CMakeFiles/traffic_light.dir/home/olof/programs/school/embedded/2/ES-Lab-Kit/Software/bsp/mma8452q.c.o
                0x100007f4                mma8452q_setDataRate
 .text.setupTap
                0x10000904      0x1ac CMakeFiles/traffic_light.dir/home/olof/programs/school/embedded/2/ES-Lab-Kit/Software/bsp/mma8452q.c.o
                0x10000904                setupTap
 .text.mma8452q_init
                0x10000ab0      0x168 CMakeFiles/traffic_light.dir/home/olof/programs/school/embedded/2/ES-Lab-Kit/Software/bsp/mma8452q.c.o
                0x10000ab0                mma8452q_init
 .text.psram_setup
                0x10000c18        0x4 CMakeFiles/traffic_light.dir/home/olof/programs/school/embedded/2/ES-Lab-Kit/Software/bsp/psram.c.o
                0x10000c18                psram_setup
 .text.gpio_set_function
                0x10000c1c       0x3c CMakeFiles/traffic_light.dir/home/olof/pico-sdk/src/rp2_common/hardware_gpio/gpio.c.o
                0x10000c1c                gpio_set_function
 .text.gpio_set_pulls
                0x10000c58       0x28 CMakeFiles/traffic_light.dir/home/olof/pico-sdk/src/rp2_common/hardware_gpio/gpio.c.o
                0x10000c58                gpio_set_pulls
 .text.gpio_init
                0x10000c80       0x48 CMakeFiles/traffic_light.dir/home/olof/pico-sdk/src/rp2_common/hardware_gpio/gpio.c.o
                0x10000c80                gpio_init
 .text.panic    0x10000cc8       0x30 CMakeFiles/traffic_light.dir/home/olof/pico-sdk/src/rp2_common/pico_platform_panic/panic.c.o
                0x10000cc8                panic
 .text.hw_claim_or_assert
                0x10000cf8       0x58 CMakeFiles/traffic_light.dir/home/olof/pico-sdk/src/common/hardware_claim/claim.c.o
                0x10000cf8                hw_claim_or_assert
 .text.next_striped_spin_lock_num
                0x10000d50       0x18 CMakeFiles/traffic_light.dir/home/olof/pico-sdk/src/rp2_common/hardware_sync/sync.c.o
                0x10000d50                next_striped_spin_lock_num
 .text.spinlock_set_extexclall
                0x10000d68       0x10 CMakeFiles/traffic_light.dir/home/olof/pico-sdk/src/rp2_common/hardware_sync_spin_lock/sync_spin_lock.c.o
 .text.spin_locks_reset
                0x10000d78       0x18 CMakeFiles/traffic_light.dir/home/olof/pico-sdk/src/rp2_common/hardware_sync_spin_lock/sync_spin_lock.c.o
                0x10000d78                spin_locks_reset
 .text.runtime_init_per_core_irq_priorities
                0x10000d90       0x40 CMakeFiles/traffic_light.dir/home/olof/pico-sdk/src/rp2_common/hardware_irq/irq.c.o
                0x10000d90                runtime_init_per_core_irq_priorities
 .text.irq_set_enabled
                0x10000dd0       0x2c CMakeFiles/traffic_light.dir/home/olof/pico-sdk/src/rp2_common/hardware_irq/irq.c.o
                0x10000dd0                irq_set_enabled
 .text.irq_set_exclusive_handler
                0x10000dfc       0x60 CMakeFiles/traffic_light.dir/home/olof/pico-sdk/src/rp2_common/hardware_irq/irq.c.o
                0x10000dfc                irq_set_exclusive_handler
 .text.irq_remove_handler
                0x10000e5c      0x1f4 CMakeFiles/traffic_light.dir/home/olof/pico-sdk/src/rp2_common/hardware_irq/irq.c.o
                0x10000e5c                irq_remove_handler
 .text.irq_add_tail_to_free_list
                0x10001050       0xbc CMakeFiles/traffic_light.dir/home/olof/pico-sdk/src/rp2_common/hardware_irq/irq.c.o
                0x10001050                irq_add_tail_to_free_list
 .text.lock_init
                0x1000110c        0xc CMakeFiles/traffic_light.dir/home/olof/pico-sdk/src/common/pico_sync/lock_core.c.o
                0x1000110c                lock_init
 .text.runtime_init_mutex
                0x10001118       0x4c CMakeFiles/traffic_light.dir/home/olof/pico-sdk/src/common/pico_sync/mutex.c.o
                0x10001118                runtime_init_mutex
 .text.sleep_until_callback
                0x10001164       0x3c CMakeFiles/traffic_light.dir/home/olof/pico-sdk/src/common/pico_time/time.c.o
 .text.alarm_pool_irq_handler
                0x100011a0      0x2f0 CMakeFiles/traffic_light.dir/home/olof/pico-sdk/src/common/pico_time/time.c.o
 .text.runtime_init_default_alarm_pool
                0x10001490      0x100 CMakeFiles/traffic_light.dir/home/olof/pico-sdk/src/common/pico_time/time.c.o
                0x10001490                runtime_init_default_alarm_pool
 .text.alarm_pool_add_alarm_at_force_in_context
                0x10001590       0xc8 CMakeFiles/traffic_light.dir/home/olof/pico-sdk/src/common/pico_time/time.c.o
                0x10001590                alarm_pool_add_alarm_at_force_in_context
 .text.alarm_pool_cancel_alarm
                0x10001658       0x80 CMakeFiles/traffic_light.dir/home/olof/pico-sdk/src/common/pico_time/time.c.o
                0x10001658                alarm_pool_cancel_alarm
 .text.sleep_ms
                0x100016d8       0xdc CMakeFiles/traffic_light.dir/home/olof/pico-sdk/src/common/pico_time/time.c.o
                0x100016d8                sleep_ms
 .text.best_effort_wfe_or_timeout
                0x100017b4       0xd4 CMakeFiles/traffic_light.dir/home/olof/pico-sdk/src/common/pico_time/time.c.o
                0x100017b4                best_effort_wfe_or_timeout
 .text.timer_hardware_alarm_claim
                0x10001888       0x24 CMakeFiles/traffic_light.dir/home/olof/pico-sdk/src/rp2_common/hardware_timer/timer.c.o
                0x10001888                timer_hardware_alarm_claim
 .text.timer_time_us_64
                0x100018ac       0x10 CMakeFiles/traffic_light.dir/home/olof/pico-sdk/src/rp2_common/hardware_timer/timer.c.o
                0x100018ac                timer_time_us_64
 .text.time_us_64
                0x100018bc       0x14 CMakeFiles/traffic_light.dir/home/olof/pico-sdk/src/rp2_common/hardware_timer/timer.c.o
                0x100018bc                time_us_64
 .text.busy_wait_us
                0x100018d0       0x5c CMakeFiles/traffic_light.dir/home/olof/pico-sdk/src/rp2_common/hardware_timer/timer.c.o
                0x100018d0                busy_wait_us
 .text.busy_wait_until
                0x1000192c       0x24 CMakeFiles/traffic_light.dir/home/olof/pico-sdk/src/rp2_common/hardware_timer/timer.c.o
                0x1000192c                busy_wait_until
 .text.uart_init
                0x10001950      0x104 CMakeFiles/traffic_light.dir/home/olof/pico-sdk/src/rp2_common/hardware_uart/uart.c.o
                0x10001950                uart_init
 .text.clock_configure_undivided
                0x10001a54       0xd0 CMakeFiles/traffic_light.dir/home/olof/pico-sdk/src/rp2_common/hardware_clocks/clocks.c.o
                0x10001a54                clock_configure_undivided
 .text.clock_get_hz
                0x10001b24        0xc CMakeFiles/traffic_light.dir/home/olof/pico-sdk/src/rp2_common/hardware_clocks/clocks.c.o
                0x10001b24                clock_get_hz
 .text.pll_init
                0x10001b30       0x8c CMakeFiles/traffic_light.dir/home/olof/pico-sdk/src/rp2_common/hardware_pll/pll.c.o
                0x10001b30                pll_init
 .text.tick_start
                0x10001bbc       0x18 CMakeFiles/traffic_light.dir/home/olof/pico-sdk/src/rp2_common/hardware_ticks/ticks.c.o
                0x10001bbc                tick_start
 .text.rom_func_lookup
                0x10001bd4       0x18 CMakeFiles/traffic_light.dir/home/olof/pico-sdk/src/rp2_common/pico_bootrom/bootrom.c.o
                0x10001bd4                rom_func_lookup
 .text.runtime_init_bootrom_locking_enable
                0x10001bec       0x14 CMakeFiles/traffic_light.dir/home/olof/pico-sdk/src/rp2_common/pico_bootrom/bootrom_lock.c.o
                0x10001bec                runtime_init_bootrom_locking_enable
 .text.runtime_init_boot_locks_reset
                0x10001c00       0x1c CMakeFiles/traffic_light.dir/home/olof/pico-sdk/src/rp2_common/hardware_boot_lock/boot_lock.c.o
                0x10001c00                runtime_init_boot_locks_reset
 .text.xosc_init
                0x10001c1c       0x30 CMakeFiles/traffic_light.dir/home/olof/pico-sdk/src/rp2_common/hardware_xosc/xosc.c.o
                0x10001c1c                xosc_init
 .text.first_per_core_initializer
                0x10001c4c        0x4 CMakeFiles/traffic_light.dir/home/olof/pico-sdk/src/rp2_common/pico_runtime/runtime.c.o
 .text.hard_assertion_failure
                0x10001c50        0xc CMakeFiles/traffic_light.dir/home/olof/pico-sdk/src/rp2_common/pico_runtime/runtime.c.o
                0x10001c50                hard_assertion_failure
 .text.runtime_run_initializers
                0x10001c5c       0x20 CMakeFiles/traffic_light.dir/home/olof/pico-sdk/src/rp2_common/pico_runtime/runtime.c.o
                0x10001c5c                runtime_run_initializers
 .text.runtime_init_early_resets
                0x10001c7c       0x34 CMakeFiles/traffic_light.dir/home/olof/pico-sdk/src/rp2_common/pico_runtime_init/runtime_init.c.o
                0x10001c7c                runtime_init_early_resets
 .text.runtime_init_usb_power_down
                0x10001cb0       0x1c CMakeFiles/traffic_light.dir/home/olof/pico-sdk/src/rp2_common/pico_runtime_init/runtime_init.c.o
                0x10001cb0                runtime_init_usb_power_down
 .text.runtime_init_per_core_enable_coprocessors
                0x10001ccc       0x1c CMakeFiles/traffic_light.dir/home/olof/pico-sdk/src/rp2_common/pico_runtime_init/runtime_init.c.o
                0x10001ccc                runtime_init_per_core_enable_coprocessors
 .text.runtime_init_post_clock_resets
                0x10001ce8       0x20 CMakeFiles/traffic_light.dir/home/olof/pico-sdk/src/rp2_common/pico_runtime_init/runtime_init.c.o
                0x10001ce8                runtime_init_post_clock_resets
 .text.runtime_init_bootrom_reset
                0x10001d08       0x14 CMakeFiles/traffic_light.dir/home/olof/pico-sdk/src/rp2_common/pico_runtime_init/runtime_init.c.o
                0x10001d08                runtime_init_bootrom_reset
 .text.runtime_init_per_core_bootrom_reset
                0x10001d1c       0x14 CMakeFiles/traffic_light.dir/home/olof/pico-sdk/src/rp2_common/pico_runtime_init/runtime_init.c.o
                0x10001d1c                runtime_init_per_core_bootrom_reset
 .text.runtime_init_spin_locks_reset
                0x10001d30        0x4 CMakeFiles/traffic_light.dir/home/olof/pico-sdk/src/rp2_common/pico_runtime_init/runtime_init.c.o
                0x10001d30                runtime_init_spin_locks_reset
 .text.runtime_init_install_ram_vector_table
                0x10001d34       0x68 CMakeFiles/traffic_light.dir/home/olof/pico-sdk/src/rp2_common/pico_runtime_init/runtime_init.c.o
                0x10001d34                runtime_init_install_ram_vector_table
 .text.runtime_init_clocks
                0x10001d9c       0xdc CMakeFiles/traffic_light.dir/home/olof/pico-sdk/src/rp2_common/pico_runtime_init/runtime_init_clocks.c.o
                0x10001d9c                runtime_init_clocks
 .text._out_char
                0x10001e78        0x8 CMakeFiles/traffic_light.dir/home/olof/pico-sdk/src/rp2_common/pico_printf/printf.c.o
 .text.weak_raw_vprintf
                0x10001e80       0x30 CMakeFiles/traffic_light.dir/home/olof/pico-sdk/src/rp2_common/pico_printf/printf.c.o
                0x10001e80                weak_raw_vprintf
 .text._exit    0x10001eb0        0x4 CMakeFiles/traffic_light.dir/home/olof/pico-sdk/src/rp2_common/pico_clib_interface/newlib_interface.c.o
                0x10001eb0                _exit
 .text.exit     0x10001eb4        0x8 CMakeFiles/traffic_light.dir/home/olof/pico-sdk/src/rp2_common/pico_clib_interface/newlib_interface.c.o
                0x10001eb4                exit
 .text.runtime_init
                0x10001ebc       0x24 CMakeFiles/traffic_light.dir/home/olof/pico-sdk/src/rp2_common/pico_clib_interface/newlib_interface.c.o
                0x10001ebc                runtime_init
 .text.stdio_out_chars_no_crlf
                0x10001ee0        0x8 CMakeFiles/traffic_light.dir/home/olof/pico-sdk/src/rp2_common/pico_stdio/stdio.c.o
 .text.stdio_out_chars_crlf
                0x10001ee8       0xb0 CMakeFiles/traffic_light.dir/home/olof/pico-sdk/src/rp2_common/pico_stdio/stdio.c.o
 .text.stdio_put_string
                0x10001f98       0xec CMakeFiles/traffic_light.dir/home/olof/pico-sdk/src/rp2_common/pico_stdio/stdio.c.o
                0x10001f98                stdio_put_string
 .text.stdio_set_driver_enabled
                0x10002084       0x28 CMakeFiles/traffic_light.dir/home/olof/pico-sdk/src/rp2_common/pico_stdio/stdio.c.o
                0x10002084                stdio_set_driver_enabled
 .text.stdio_init_all
                0x100020ac        0xc CMakeFiles/traffic_light.dir/home/olof/pico-sdk/src/rp2_common/pico_stdio/stdio.c.o
                0x100020ac                stdio_init_all
 .text.__wrap_putchar
                0x100020b8       0x84 CMakeFiles/traffic_light.dir/home/olof/pico-sdk/src/rp2_common/pico_stdio/stdio.c.o
                0x100020b8                stdio_putchar
                0x100020b8                __wrap_putchar
 .text.__wrap_puts
                0x1000213c       0x3c CMakeFiles/traffic_light.dir/home/olof/pico-sdk/src/rp2_common/pico_stdio/stdio.c.o
                0x1000213c                __wrap_puts
                0x1000213c                stdio_puts
 .text.stdio_uart_out_chars
                0x10002178       0x50 CMakeFiles/traffic_light.dir/home/olof/pico-sdk/src/rp2_common/pico_stdio_uart/stdio_uart.c.o
 .text.stdio_uart_in_chars
                0x100021c8       0x94 CMakeFiles/traffic_light.dir/home/olof/pico-sdk/src/rp2_common/pico_stdio_uart/stdio_uart.c.o
                0x100021c8                stdio_uart_in_chars
 .text.on_uart_rx
                0x1000225c       0x24 CMakeFiles/traffic_light.dir/home/olof/pico-sdk/src/rp2_common/pico_stdio_uart/stdio_uart.c.o
 .text.stdio_uart_out_flush
                0x10002280       0x10 CMakeFiles/traffic_light.dir/home/olof/pico-sdk/src/rp2_common/pico_stdio_uart/stdio_uart.c.o
 .text.stdio_uart_set_chars_available_callback
                0x10002290       0x88 CMakeFiles/traffic_light.dir/home/olof/pico-sdk/src/rp2_common/pico_stdio_uart/stdio_uart.c.o
 .text.stdio_uart_init
                0x10002318       0x54 CMakeFiles/traffic_light.dir/home/olof/pico-sdk/src/rp2_common/pico_stdio_uart/stdio_uart.c.o
                0x10002318                stdio_uart_init
 .text.spi_init
                0x1000236c       0xf4 CMakeFiles/traffic_light.dir/home/olof/pico-sdk/src/rp2_common/hardware_spi/spi.c.o
                0x1000236c                spi_init
 .text.i2c_read_blocking_internal.constprop.0
                0x10002460       0x70 CMakeFiles/traffic_light.dir/home/olof/pico-sdk/src/rp2_common/hardware_i2c/i2c.c.o
 .text.i2c_write_blocking_internal.constprop.0
                0x100024d0       0x9c CMakeFiles/traffic_light.dir/home/olof/pico-sdk/src/rp2_common/hardware_i2c/i2c.c.o
 .text.i2c_set_baudrate
                0x1000256c       0xa4 CMakeFiles/traffic_light.dir/home/olof/pico-sdk/src/rp2_common/hardware_i2c/i2c.c.o
                0x1000256c                i2c_set_baudrate
 .text.i2c_init
                0x10002610       0x4c CMakeFiles/traffic_light.dir/home/olof/pico-sdk/src/rp2_common/hardware_i2c/i2c.c.o
                0x10002610                i2c_init
 .text.i2c_write_blocking
                0x1000265c       0x10 CMakeFiles/traffic_light.dir/home/olof/pico-sdk/src/rp2_common/hardware_i2c/i2c.c.o
                0x1000265c                i2c_write_blocking
 .text.i2c_read_blocking
                0x1000266c       0x10 CMakeFiles/traffic_light.dir/home/olof/pico-sdk/src/rp2_common/hardware_i2c/i2c.c.o
                0x1000266c                i2c_read_blocking
 .text          0x1000267c       0x5c /usr/lib/gcc/arm-none-eabi/14.2.1/../../../arm-none-eabi/lib/thumb/v8-m.main+fp/softfp/libg.a(libc_a-strlen-stub.o)
                0x1000267c                strlen
 .text          0x100026d8       0x28 /usr/lib/gcc/arm-none-eabi/14.2.1/../../../arm-none-eabi/lib/thumb/v8-m.main+fp/softfp/libg.a(libc_a-fini.o)
                0x100026d8                __libc_fini_array
 .text          0x10002700        0xc /usr/lib/gcc/arm-none-eabi/14.2.1/../../../arm-none-eabi/lib/thumb/v8-m.main+fp/softfp/libg.a(libc_a-atexit.o)
                0x10002700                atexit
 .text          0x1000270c       0xec /usr/lib/gcc/arm-none-eabi/14.2.1/../../../arm-none-eabi/lib/thumb/v8-m.main+fp/softfp/libg.a(libc_a-memcpy.o)
                0x1000270c                memcpy
 .text          0x100027f8       0x64 /usr/lib/gcc/arm-none-eabi/14.2.1/../../../arm-none-eabi/lib/thumb/v8-m.main+fp/softfp/libg.a(libc_a-__atexit.o)
                0x100027f8                __register_exitproc
 .text.startup  0x1000285c       0x14 /usr/lib/gcc/arm-none-eabi/14.2.1/../../../arm-none-eabi/lib/thumb/v8-m.main+fp/softfp/libg.a(libc_a-__call_atexit.o)
 *(.fini)
 .fini          0x10002870        0x4 /usr/lib/gcc/arm-none-eabi/14.2.1/thumb/v8-m.main+fp/softfp/crti.o
                0x10002870                _fini
 *fill*         0x10002874        0x4 
 .fini.__stub   0x10002878       0x20 linker stubs
 *crtbegin.o(.ctors)
 *crtbegin?.o(.ctors)
 *(EXCLUDE_FILE(*crtend.o *crtend?.o) .ctors)
 *(SORT_BY_NAME(.ctors.*))
 *(.ctors)
 *crtbegin.o(.dtors)
 *crtbegin?.o(.dtors)
 *(EXCLUDE_FILE(*crtend.o *crtend?.o) .dtors)
 *(SORT_BY_NAME(.dtors.*))
 *(.dtors)
                0x10002898                        . = ALIGN (0x4)
                0x10002898                        PROVIDE (__preinit_array_start = .)
 *(SORT_BY_NAME(.preinit_array.*))
 .preinit_array.00050
                0x10002898        0x4 CMakeFiles/traffic_light.dir/home/olof/pico-sdk/src/rp2_common/pico_runtime_init/runtime_init.c.o
                0x10002898                __pre_init_runtime_init_bootrom_reset
 .preinit_array.00100
                0x1000289c        0x4 CMakeFiles/traffic_light.dir/home/olof/pico-sdk/src/rp2_common/pico_runtime_init/runtime_init.c.o
                0x1000289c                __pre_init_runtime_init_early_resets
 .preinit_array.00101
                0x100028a0        0x4 CMakeFiles/traffic_light.dir/home/olof/pico-sdk/src/rp2_common/pico_runtime_init/runtime_init.c.o
                0x100028a0                __pre_init_runtime_init_usb_power_down
 .preinit_array.00500
                0x100028a4        0x4 CMakeFiles/traffic_light.dir/home/olof/pico-sdk/src/rp2_common/pico_runtime_init/runtime_init.c.o
                0x100028a4                __pre_init_runtime_init_clocks
 .preinit_array.00600
                0x100028a8        0x4 CMakeFiles/traffic_light.dir/home/olof/pico-sdk/src/rp2_common/pico_runtime_init/runtime_init.c.o
                0x100028a8                __pre_init_runtime_init_post_clock_resets
 .preinit_array.01000
                0x100028ac        0x4 CMakeFiles/traffic_light.dir/home/olof/pico-sdk/src/rp2_common/hardware_boot_lock/boot_lock.c.o
                0x100028ac                __pre_init_runtime_init_boot_locks_reset
 .preinit_array.01000
                0x100028b0        0x4 CMakeFiles/traffic_light.dir/home/olof/pico-sdk/src/rp2_common/pico_runtime_init/runtime_init.c.o
                0x100028b0                __pre_init_runtime_init_spin_locks_reset
 .preinit_array.01010
                0x100028b4        0x4 CMakeFiles/traffic_light.dir/home/olof/pico-sdk/src/rp2_common/pico_bootrom/bootrom_lock.c.o
                0x100028b4                __pre_init_runtime_init_bootrom_locking_enable
 .preinit_array.01100
                0x100028b8        0x4 CMakeFiles/traffic_light.dir/home/olof/pico-sdk/src/common/pico_sync/mutex.c.o
                0x100028b8                __pre_init_runtime_init_mutex
 .preinit_array.10080
                0x100028bc        0x4 CMakeFiles/traffic_light.dir/home/olof/pico-sdk/src/rp2_common/pico_runtime_init/runtime_init.c.o
                0x100028bc                __pre_init_runtime_init_install_ram_vector_table
 .preinit_array.11000
                0x100028c0        0x4 CMakeFiles/traffic_light.dir/home/olof/pico-sdk/src/common/pico_time/time.c.o
                0x100028c0                __pre_init_runtime_init_default_alarm_pool
 .preinit_array.YYYYY
                0x100028c4        0x4 CMakeFiles/traffic_light.dir/home/olof/pico-sdk/src/rp2_common/pico_runtime/runtime.c.o
                0x100028c4                __pre_init_first_per_core_initializer
 .preinit_array.ZZZZZ.00051
                0x100028c8        0x4 CMakeFiles/traffic_light.dir/home/olof/pico-sdk/src/rp2_common/pico_runtime_init/runtime_init.c.o
                0x100028c8                __pre_init_runtime_init_per_core_bootrom_reset
 .preinit_array.ZZZZZ.00200
                0x100028cc        0x4 CMakeFiles/traffic_light.dir/home/olof/pico-sdk/src/rp2_common/pico_runtime_init/runtime_init.c.o
                0x100028cc                __pre_init_runtime_init_per_core_enable_coprocessors
 .preinit_array.ZZZZZ.01000
                0x100028d0        0x4 CMakeFiles/traffic_light.dir/home/olof/pico-sdk/src/rp2_common/hardware_sync_spin_lock/sync_spin_lock.c.o
                0x100028d0                __pre_init_spinlock_set_extexclall
 .preinit_array.ZZZZZ.01200
                0x100028d4        0x4 CMakeFiles/traffic_light.dir/home/olof/pico-sdk/src/rp2_common/hardware_irq/irq.c.o
                0x100028d4                __pre_init_runtime_init_per_core_irq_priorities
 *(.preinit_array)
                0x100028d8                        PROVIDE (__preinit_array_end = .)
                0x100028d8                        . = ALIGN (0x4)
                0x100028d8                        PROVIDE (__init_array_start = .)
 *(SORT_BY_NAME(.init_array.*))
 .init_array.00000
                0x100028d8        0x4 /usr/lib/gcc/arm-none-eabi/14.2.1/../../../arm-none-eabi/lib/thumb/v8-m.main+fp/softfp/libg.a(libc_a-__call_atexit.o)
 *(.init_array)
 .init_array    0x100028dc        0x4 /usr/lib/gcc/arm-none-eabi/14.2.1/thumb/v8-m.main+fp/softfp/crtbegin.o
                0x100028e0                        PROVIDE (__init_array_end = .)
                0x100028e0                        . = ALIGN (0x4)
                0x100028e0                        PROVIDE (__fini_array_start = .)
 *(SORT_BY_NAME(.fini_array.*))
 *(.fini_array)
                0x100028e0                        PROVIDE (__fini_array_end = .)
 *(.eh_frame*)
 .eh_frame      0x100028e0        0x0 /usr/lib/gcc/arm-none-eabi/14.2.1/thumb/v8-m.main+fp/softfp/crtbegin.o
                0x100028e0                        . = ALIGN (0x4)

.glue_7         0x100028e0        0x0
 .glue_7        0x100028e0        0x0 linker stubs

.glue_7t        0x100028e0        0x0
 .glue_7t       0x100028e0        0x0 linker stubs

.vfp11_veneer   0x100028e0        0x0
 .vfp11_veneer  0x100028e0        0x0 linker stubs

.v4_bx          0x100028e0        0x0
 .v4_bx         0x100028e0        0x0 linker stubs

.iplt           0x100028e0        0x0
 .iplt          0x100028e0        0x0 /usr/lib/gcc/arm-none-eabi/14.2.1/thumb/v8-m.main+fp/softfp/crtbegin.o

.boot2          0x100028e0        0x0
                0x100028e0                        __boot2_start__ = .
 *(.boot2)
                0x100028e0                        __boot2_end__ = .
                0x00000001                        ASSERT (((__boot2_end__ - __boot2_start__) <= 0x100), ERROR: Pico second stage bootloader must be no more than 256 bytes in size)

.rodata         0x100028e0      0x138
 *(EXCLUDE_FILE(*libm.a: *libc.a:*lib_a-mem*.o *libgcc.a:) .rodata*)
 .rodata.panic.str1.4
                0x100028e0       0xb8 CMakeFiles/traffic_light.dir/home/olof/pico-sdk/src/rp2_common/pico_platform_panic/panic.c.o
                                 0x12 (size before relaxing)
 .rodata.timer_hardware_alarm_claim.str1.4
                0x10002998       0x22 CMakeFiles/traffic_light.dir/home/olof/pico-sdk/src/rp2_common/hardware_timer/timer.c.o
 .rodata.hard_assertion_failure.str1.4
                0x10002998        0xc CMakeFiles/traffic_light.dir/home/olof/pico-sdk/src/rp2_common/pico_runtime/runtime.c.o
 .rodata.str1.4
                0x10002998       0x48 CMakeFiles/traffic_light.dir/home/olof/pico-sdk/src/rp2_common/pico_standard_binary_info/standard_binary_info.c.o
 .rodata.__bi_84
                0x10002998        0xc CMakeFiles/traffic_light.dir/home/olof/pico-sdk/src/rp2_common/pico_standard_binary_info/standard_binary_info.c.o
 .rodata.__bi_78
                0x100029a4        0xc CMakeFiles/traffic_light.dir/home/olof/pico-sdk/src/rp2_common/pico_standard_binary_info/standard_binary_info.c.o
 .rodata.__bi_60
                0x100029b0        0xc CMakeFiles/traffic_light.dir/home/olof/pico-sdk/src/rp2_common/pico_standard_binary_info/standard_binary_info.c.o
 .rodata.__bi_54
                0x100029bc        0xc CMakeFiles/traffic_light.dir/home/olof/pico-sdk/src/rp2_common/pico_standard_binary_info/standard_binary_info.c.o
 .rodata.__bi_48
                0x100029c8        0xc CMakeFiles/traffic_light.dir/home/olof/pico-sdk/src/rp2_common/pico_standard_binary_info/standard_binary_info.c.o
 .rodata.__bi_42
                0x100029d4        0xc CMakeFiles/traffic_light.dir/home/olof/pico-sdk/src/rp2_common/pico_standard_binary_info/standard_binary_info.c.o
 .rodata.__bi_34
                0x100029e0        0xc CMakeFiles/traffic_light.dir/home/olof/pico-sdk/src/rp2_common/pico_standard_binary_info/standard_binary_info.c.o
 .rodata.__bi_26
                0x100029ec        0xc CMakeFiles/traffic_light.dir/home/olof/pico-sdk/src/rp2_common/pico_standard_binary_info/standard_binary_info.c.o
 .rodata.crlf_str.0
                0x100029f8        0x2 CMakeFiles/traffic_light.dir/home/olof/pico-sdk/src/rp2_common/pico_stdio/stdio.c.o
 .rodata.str1.4
                0x100029fa       0x2c CMakeFiles/traffic_light.dir/home/olof/pico-sdk/src/rp2_common/pico_stdio_uart/stdio_uart.c.o
 *fill*         0x100029fa        0x2 
 .rodata.__bi_45.4
                0x100029fc        0xc CMakeFiles/traffic_light.dir/home/olof/pico-sdk/src/rp2_common/pico_stdio_uart/stdio_uart.c.o
 .rodata.__bi_49.5
                0x10002a08        0x8 CMakeFiles/traffic_light.dir/home/olof/pico-sdk/src/rp2_common/pico_stdio_uart/stdio_uart.c.o
 .rodata.__bi_50.6
                0x10002a10        0x8 CMakeFiles/traffic_light.dir/home/olof/pico-sdk/src/rp2_common/pico_stdio_uart/stdio_uart.c.o
 *(.srodata*)
                0x10002a18                        . = ALIGN (0x4)
 *(SORT_BY_ALIGNMENT(SORT_BY_NAME(.flashdata*)))
                0x10002a18                        . = ALIGN (0x4)

.ARM.extab
 *(.ARM.extab* .gnu.linkonce.armextab.*)
                0x10002a18                        __exidx_start = .

.ARM.exidx      0x10002a18        0x8
 *(.ARM.exidx* .gnu.linkonce.armexidx.*)
 .ARM.exidx     0x10002a18        0x8 /usr/lib/gcc/arm-none-eabi/14.2.1/../../../arm-none-eabi/lib/thumb/v8-m.main+fp/softfp/libg.a(libc_a-memcpy.o)
 .ARM.exidx     0x10002a20        0x0 /usr/lib/gcc/arm-none-eabi/14.2.1/thumb/v8-m.main+fp/softfp/libgcc.a(_udivmoddi4.o)
                                  0x8 (size before relaxing)
                0x10002a20                        __exidx_end = .
                0x10002a20                        . = ALIGN (0x4)
                0x10002a20                        __binary_info_start = .

.binary_info    0x10002a20       0x2c
 *(.binary_info.keep.*)
 .binary_info.keep.__bi_ptr84
                0x10002a20        0x4 CMakeFiles/traffic_light.dir/home/olof/pico-sdk/src/rp2_common/pico_standard_binary_info/standard_binary_info.c.o
 .binary_info.keep.__bi_ptr78
                0x10002a24        0x4 CMakeFiles/traffic_light.dir/home/olof/pico-sdk/src/rp2_common/pico_standard_binary_info/standard_binary_info.c.o
 .binary_info.keep.__bi_ptr60
                0x10002a28        0x4 CMakeFiles/traffic_light.dir/home/olof/pico-sdk/src/rp2_common/pico_standard_binary_info/standard_binary_info.c.o
 .binary_info.keep.__bi_ptr54
                0x10002a2c        0x4 CMakeFiles/traffic_light.dir/home/olof/pico-sdk/src/rp2_common/pico_standard_binary_info/standard_binary_info.c.o
 .binary_info.keep.__bi_ptr48
                0x10002a30        0x4 CMakeFiles/traffic_light.dir/home/olof/pico-sdk/src/rp2_common/pico_standard_binary_info/standard_binary_info.c.o
 .binary_info.keep.__bi_ptr42
                0x10002a34        0x4 CMakeFiles/traffic_light.dir/home/olof/pico-sdk/src/rp2_common/pico_standard_binary_info/standard_binary_info.c.o
 .binary_info.keep.__bi_ptr34
                0x10002a38        0x4 CMakeFiles/traffic_light.dir/home/olof/pico-sdk/src/rp2_common/pico_standard_binary_info/standard_binary_info.c.o
 .binary_info.keep.__bi_ptr26
                0x10002a3c        0x4 CMakeFiles/traffic_light.dir/home/olof/pico-sdk/src/rp2_common/pico_standard_binary_info/standard_binary_info.c.o
 *(.binary_info.*)
 .binary_info.__bi_ptr50
                0x10002a40        0x4 CMakeFiles/traffic_light.dir/home/olof/pico-sdk/src/rp2_common/pico_stdio_uart/stdio_uart.c.o
 .binary_info.__bi_ptr49
                0x10002a44        0x4 CMakeFiles/traffic_light.dir/home/olof/pico-sdk/src/rp2_common/pico_stdio_uart/stdio_uart.c.o
 .binary_info.__bi_ptr45
                0x10002a48        0x4 CMakeFiles/traffic_light.dir/home/olof/pico-sdk/src/rp2_common/pico_stdio_uart/stdio_uart.c.o
                0x10002a4c                        __binary_info_end = .
                0x10002a4c                        . = ALIGN (0x4)

.ram_vector_table
                0x20000000      0x110
 *(.ram_vector_table)
 .ram_vector_table
                0x20000000      0x110 CMakeFiles/traffic_light.dir/home/olof/pico-sdk/src/rp2_common/pico_runtime_init/runtime_init.c.o
                0x20000000                ram_vector_table

.uninitialized_data
                0x20000110        0x0
                0x20000110                        . = ALIGN (0x4)
 *(.uninitialized_data*)

.data           0x20000110      0x874 load address 0x10002a4c
                0x20000110                        __data_start__ = .
 *(vtable)
 *(.time_critical*)
 .time_critical.get_psram_size
                0x20000110       0xc4 CMakeFiles/traffic_light.dir/home/olof/programs/school/embedded/2/ES-Lab-Kit/Software/bsp/psram.c.o
 *fill*         0x200001d4        0x4 
 .time_critical.set_psram_timing
                0x200001d8       0x8c CMakeFiles/traffic_light.dir/home/olof/programs/school/embedded/2/ES-Lab-Kit/Software/bsp/psram.c.o
 .time_critical.setup_psram
                0x20000264       0xe4 CMakeFiles/traffic_light.dir/home/olof/programs/school/embedded/2/ES-Lab-Kit/Software/bsp/psram.c.o
 .time_critical.mutex_enter_block_until
                0x20000348       0x6c CMakeFiles/traffic_light.dir/home/olof/pico-sdk/src/common/pico_sync/mutex.c.o
                0x20000348                mutex_enter_block_until
 .time_critical.mutex_try_enter_block_until
                0x200003b4       0x68 CMakeFiles/traffic_light.dir/home/olof/pico-sdk/src/common/pico_sync/mutex.c.o
                0x200003b4                mutex_try_enter_block_until
 .time_critical.mutex_exit
                0x2000041c       0x3c CMakeFiles/traffic_light.dir/home/olof/pico-sdk/src/common/pico_sync/mutex.c.o
                0x2000041c                mutex_exit
 .time_critical.spi_write_blocking
                0x20000458       0x90 CMakeFiles/traffic_light.dir/home/olof/pico-sdk/src/rp2_common/hardware_spi/spi.c.o
                0x20000458                spi_write_blocking
 *(.text*)
 .text          0x200004e8       0xa0 /usr/lib/gcc/arm-none-eabi/14.2.1/thumb/v8-m.main+fp/softfp/libgcc.a(_aeabi_ldivmod.o)
                0x200004e8                __aeabi_ldivmod
 .text          0x20000588      0x34c /usr/lib/gcc/arm-none-eabi/14.2.1/thumb/v8-m.main+fp/softfp/libgcc.a(_udivmoddi4.o)
                0x20000588                __udivmoddi4
 .text          0x200008d4        0x4 /usr/lib/gcc/arm-none-eabi/14.2.1/thumb/v8-m.main+fp/softfp/libgcc.a(_dvmd_tls.o)
                0x200008d4                __aeabi_ldiv0
                0x200008d4                __aeabi_idiv0
 .text.__stub   0x200008d8       0x18 linker stubs
                0x200008f0                        . = ALIGN (0x4)
 *(.rodata*)
                0x200008f0                        . = ALIGN (0x4)
 *(.data*)
 .data.striped_spin_lock_num
                0x200008f0        0x1 CMakeFiles/traffic_light.dir/home/olof/pico-sdk/src/rp2_common/hardware_sync/sync.c.o
 *fill*         0x200008f1        0x3 
 .data          0x200008f4       0x48 CMakeFiles/traffic_light.dir/home/olof/pico-sdk/src/rp2_common/hardware_irq/irq_handler_chain.S.o
                0x200008f4                irq_handler_chain_slots
                0x20000924                irq_handler_chain_first_slot
                0x2000092e                irq_handler_chain_remove_tail
 .data.default_alarm_pool
                0x2000093c       0x18 CMakeFiles/traffic_light.dir/home/olof/pico-sdk/src/common/pico_time/time.c.o
 .data.stdio_uart
                0x20000954       0x18 CMakeFiles/traffic_light.dir/home/olof/pico-sdk/src/rp2_common/pico_stdio_uart/stdio_uart.c.o
                0x20000954                stdio_uart
 .data.i2c0_inst
                0x2000096c        0x8 CMakeFiles/traffic_light.dir/home/olof/pico-sdk/src/rp2_common/hardware_i2c/i2c.c.o
                0x2000096c                i2c0_inst
 *(.sdata*)
                0x20000974                        . = ALIGN (0x4)
 *(.after_data.*)
                0x20000974                        . = ALIGN (0x4)
                0x20000974                        PROVIDE (__mutex_array_start = .)
 *(SORT_BY_NAME(.mutex_array.*))
 *(.mutex_array)
 .mutex_array   0x20000974        0x8 CMakeFiles/traffic_light.dir/home/olof/pico-sdk/src/rp2_common/pico_malloc/malloc.c.o
 .mutex_array   0x2000097c        0x8 CMakeFiles/traffic_light.dir/home/olof/pico-sdk/src/rp2_common/pico_stdio/stdio.c.o
                0x20000984                        PROVIDE (__mutex_array_end = .)
 *(.jcr)
                0x20000984                        . = ALIGN (0x4)

.tm_clone_table
                0x20000984        0x0 load address 0x100032c0
 .tm_clone_table
                0x20000984        0x0 /usr/lib/gcc/arm-none-eabi/14.2.1/thumb/v8-m.main+fp/softfp/crtbegin.o
 .tm_clone_table
                0x20000984        0x0 /usr/lib/gcc/arm-none-eabi/14.2.1/thumb/v8-m.main+fp/softfp/crtend.o

.igot.plt       0x20000984        0x0 load address 0x100032c0
 .igot.plt      0x20000984        0x0 /usr/lib/gcc/arm-none-eabi/14.2.1/thumb/v8-m.main+fp/softfp/crtbegin.o

.tdata          0x20000984        0x0 load address 0x100032c0
                0x20000984                        . = ALIGN (0x4)
 *(.tdata .tdata.* .gnu.linkonce.td.*)
                0x20000984                        __tdata_end = .
                0x20000984                        PROVIDE (__data_end__ = .)
                0x10002a4c                        __etext = LOADADDR (.data)

.tbss           0x20000984        0x0 load address 0x100032c0
                0x20000984                        . = ALIGN (0x4)
                0x20000984                        __bss_start__ = .
                0x20000984                        __tls_base = .
 *(.tbss .tbss.* .gnu.linkonce.tb.*)
 *(.tcommon)
                0x20000984                        __tls_end = .

.bss            0x20000988      0x3e0 load address 0x100032c0
                0x20000988                        . = ALIGN (0x4)
                0x20000988                        __tbss_end = .
 *(SORT_BY_ALIGNMENT(SORT_BY_NAME(.bss*)))
 .bss.default_alarm_pool_entries
                0x20000988      0x180 CMakeFiles/traffic_light.dir/home/olof/pico-sdk/src/common/pico_time/time.c.o
 .bss           0x20000b08       0x1c /usr/lib/gcc/arm-none-eabi/14.2.1/thumb/v8-m.main+fp/softfp/crtbegin.o
 .bss           0x20000b24      0x190 /usr/lib/gcc/arm-none-eabi/14.2.1/../../../arm-none-eabi/lib/thumb/v8-m.main+fp/softfp/libg.a(libc_a-__atexit.o)
                0x20000b24                __atexit0
 .bss           0x20000cb4        0x4 /usr/lib/gcc/arm-none-eabi/14.2.1/../../../arm-none-eabi/lib/thumb/v8-m.main+fp/softfp/libg.a(libc_a-__call_atexit.o)
                0x20000cb4                __atexit
 .bss._sw_spin_locks
                0x20000cb8       0x20 CMakeFiles/traffic_light.dir/home/olof/pico-sdk/src/rp2_common/hardware_sync_spin_lock/sync_spin_lock.c.o
                0x20000cb8                _sw_spin_locks
 .bss.acc       0x20000cd8       0x18 CMakeFiles/traffic_light.dir/home/olof/programs/school/embedded/2/ES-Lab-Kit/Software/bsp/bsp.c.o
 .bss.chars_available_callback
                0x20000cf0        0x4 CMakeFiles/traffic_light.dir/home/olof/pico-sdk/src/rp2_common/pico_stdio_uart/stdio_uart.c.o
 .bss.chars_available_param
                0x20000cf4        0x4 CMakeFiles/traffic_light.dir/home/olof/pico-sdk/src/rp2_common/pico_stdio_uart/stdio_uart.c.o
 .bss.claimed   0x20000cf8        0x2 CMakeFiles/traffic_light.dir/home/olof/pico-sdk/src/rp2_common/hardware_timer/timer.c.o
 *fill*         0x20000cfa        0x2 
 .bss.configured_freq
                0x20000cfc       0x28 CMakeFiles/traffic_light.dir/home/olof/pico-sdk/src/rp2_common/hardware_clocks/clocks.c.o
 .bss.drivers   0x20000d24        0x4 CMakeFiles/traffic_light.dir/home/olof/pico-sdk/src/rp2_common/pico_stdio/stdio.c.o
 .bss.filter    0x20000d28        0x4 CMakeFiles/traffic_light.dir/home/olof/pico-sdk/src/rp2_common/pico_stdio/stdio.c.o
 .bss.lazy_vsnprintf
                0x20000d2c        0x4 CMakeFiles/traffic_light.dir/home/olof/pico-sdk/src/rp2_common/pico_printf/printf.c.o
 .bss.pools     0x20000d30       0x20 CMakeFiles/traffic_light.dir/home/olof/pico-sdk/src/common/pico_time/time.c.o
 .bss.psram_size
                0x20000d50        0x4 CMakeFiles/traffic_light.dir/home/olof/programs/school/embedded/2/ES-Lab-Kit/Software/bsp/bsp.c.o
 .bss.sleep_notifier
                0x20000d54        0x4 CMakeFiles/traffic_light.dir/home/olof/pico-sdk/src/common/pico_time/time.c.o
 .bss.sr_data   0x20000d58        0x4 CMakeFiles/traffic_light.dir/home/olof/programs/school/embedded/2/ES-Lab-Kit/Software/bsp/bsp.c.o
 .bss.uart_char_to_line_feed
                0x20000d5c        0x4 CMakeFiles/traffic_light.dir/home/olof/pico-sdk/src/rp2_common/hardware_uart/uart.c.o
                0x20000d5c                uart_char_to_line_feed
 .bss.uart_instance
                0x20000d60        0x4 CMakeFiles/traffic_light.dir/home/olof/pico-sdk/src/rp2_common/pico_stdio_uart/stdio_uart.c.o
 .bss.irq_handler_chain_free_slot_head
                0x20000d64        0x1 CMakeFiles/traffic_light.dir/home/olof/pico-sdk/src/rp2_common/hardware_irq/irq.c.o
 .bss.mma8452q_initialized
                0x20000d65        0x1 CMakeFiles/traffic_light.dir/home/olof/programs/school/embedded/2/ES-Lab-Kit/Software/bsp/bsp.c.o
 *(COMMON)
                [!provide]                        PROVIDE (__global_pointer$ = (. + 0x800))
 *(.sbss*)
                0x20000d68                        . = ALIGN (0x4)
 *fill*         0x20000d66        0x2 
                0x20000d68                        __bss_end__ = .

.heap           0x20000d68      0x800 load address 0x100032c0
                0x20000d68                        __end__ = .
                0x20000d68                        end = __end__
 *(.heap*)
 .heap          0x20000d68      0x800 CMakeFiles/traffic_light.dir/home/olof/pico-sdk/src/rp2_common/pico_crt0/crt0.S.o
                0x20080000                        __HeapLimit = (ORIGIN (RAM) + LENGTH (RAM))

.scratch_x      0x20080000        0x0 load address 0x100032c0
                0x20080000                        __scratch_x_start__ = .
 *(.scratch_x.*)
                0x20080000                        . = ALIGN (0x4)
                0x20080000                        __scratch_x_end__ = .
                0x100032c0                        __scratch_x_source__ = LOADADDR (.scratch_x)

.scratch_y      0x20081000        0x0 load address 0x100032c0
                0x20081000                        __scratch_y_start__ = .
 *(.scratch_y.*)
                0x20081000                        . = ALIGN (0x4)
                0x20081000                        __scratch_y_end__ = .
                0x100032c0                        __scratch_y_source__ = LOADADDR (.scratch_y)

.stack1_dummy   0x20080000      0x800
 *(.stack1*)
 .stack1        0x20080000      0x800 CMakeFiles/traffic_light.dir/home/olof/pico-sdk/src/rp2_common/pico_multicore/multicore.c.o

.stack_dummy    0x20081000      0x800
 *(.stack*)
 .stack         0x20081000      0x800 CMakeFiles/traffic_light.dir/home/olof/pico-sdk/src/rp2_common/pico_crt0/crt0.S.o

.flash_end      0x100032c0       0x14
 *(.embedded_end_block*)
 .embedded_end_block
                0x100032c0       0x14 CMakeFiles/traffic_light.dir/home/olof/pico-sdk/src/rp2_common/pico_crt0/crt0.S.o
                0x100032d4                        PROVIDE (__flash_binary_end = .)
                0x20080000                        __StackLimit = (ORIGIN (RAM) + LENGTH (RAM))
                0x20081000                        __StackOneTop = (ORIGIN (SCRATCH_X) + LENGTH (SCRATCH_X))
                0x20082000                        __StackTop = (ORIGIN (SCRATCH_Y) + LENGTH (SCRATCH_Y))
                0x20080800                        __StackOneBottom = (__StackOneTop - SIZEOF (.stack1_dummy))
                0x20081800                        __StackBottom = (__StackTop - SIZEOF (.stack_dummy))
                0x20082000                        PROVIDE (__stack = __StackTop)
                [!provide]                        PROVIDE (__heap_start = __end__)
                [!provide]                        PROVIDE (__heap_end = __HeapLimit)
                [!provide]                        PROVIDE (__tls_align = MAX (ALIGNOF (.tdata), ALIGNOF (.tbss)))
                [!provide]                        PROVIDE (__tls_size_align = (((__tls_size + __tls_align) - 0x1) & ~ ((__tls_align - 0x1))))
                [!provide]                        PROVIDE (__arm32_tls_tcb_offset = MAX (0x8, __tls_align))
                [!provide]                        PROVIDE (_end = __end__)
                [!provide]                        PROVIDE (__llvm_libc_heap_limit = __HeapLimit)
                0x00000001                        ASSERT ((__StackLimit >= __HeapLimit), region RAM overflowed)
                0x00000001                        ASSERT (((__binary_info_header_end - __logical_binary_start) <= 0x400), Binary info must be in first 1024 bytes of the binary)
                0x00000001                        ASSERT (((__embedded_block_end - __logical_binary_start) <= 0x1000), Embedded block must be in first 4096 bytes of the binary)
LOAD CMakeFiles/traffic_light.dir/main.c.o
LOAD CMakeFiles/traffic_light.dir/home/olof/programs/school/embedded/2/ES-Lab-Kit/Software/bsp/bsp.c.o
LOAD CMakeFiles/traffic_light.dir/home/olof/programs/school/embedded/2/ES-Lab-Kit/Software/bsp/ht16k33.c.o
LOAD CMakeFiles/traffic_light.dir/home/olof/programs/school/embedded/2/ES-Lab-Kit/Software/bsp/mma8452q.c.o
LOAD CMakeFiles/traffic_light.dir/home/olof/programs/school/embedded/2/ES-Lab-Kit/Software/bsp/psram.c.o
LOAD CMakeFiles/traffic_light.dir/home/olof/pico-sdk/src/rp2_common/pico_stdlib/stdlib.c.o
LOAD CMakeFiles/traffic_light.dir/home/olof/pico-sdk/src/rp2_common/hardware_gpio/gpio.c.o
LOAD CMakeFiles/traffic_light.dir/home/olof/pico-sdk/src/rp2350/pico_platform/platform.c.o
LOAD CMakeFiles/traffic_light.dir/home/olof/pico-sdk/src/rp2_common/pico_platform_common/common.c.o
LOAD CMakeFiles/traffic_light.dir/home/olof/pico-sdk/src/rp2_common/pico_platform_panic/panic.c.o
LOAD CMakeFiles/traffic_light.dir/home/olof/pico-sdk/src/common/hardware_claim/claim.c.o
LOAD CMakeFiles/traffic_light.dir/home/olof/pico-sdk/src/rp2_common/hardware_sync/sync.c.o
LOAD CMakeFiles/traffic_light.dir/home/olof/pico-sdk/src/rp2_common/hardware_sync_spin_lock/sync_spin_lock.c.o
LOAD CMakeFiles/traffic_light.dir/home/olof/pico-sdk/src/rp2_common/hardware_irq/irq.c.o
LOAD CMakeFiles/traffic_light.dir/home/olof/pico-sdk/src/rp2_common/hardware_irq/irq_handler_chain.S.o
LOAD CMakeFiles/traffic_light.dir/home/olof/pico-sdk/src/common/pico_sync/sem.c.o
LOAD CMakeFiles/traffic_light.dir/home/olof/pico-sdk/src/common/pico_sync/lock_core.c.o
LOAD CMakeFiles/traffic_light.dir/home/olof/pico-sdk/src/common/pico_sync/mutex.c.o
LOAD CMakeFiles/traffic_light.dir/home/olof/pico-sdk/src/common/pico_sync/critical_section.c.o
LOAD CMakeFiles/traffic_light.dir/home/olof/pico-sdk/src/common/pico_time/time.c.o
LOAD CMakeFiles/traffic_light.dir/home/olof/pico-sdk/src/common/pico_time/timeout_helper.c.o
LOAD CMakeFiles/traffic_light.dir/home/olof/pico-sdk/src/rp2_common/hardware_timer/timer.c.o
LOAD CMakeFiles/traffic_light.dir/home/olof/pico-sdk/src/common/pico_util/datetime.c.o
LOAD CMakeFiles/traffic_light.dir/home/olof/pico-sdk/src/common/pico_util/pheap.c.o
LOAD CMakeFiles/traffic_light.dir/home/olof/pico-sdk/src/common/pico_util/queue.c.o
LOAD CMakeFiles/traffic_light.dir/home/olof/pico-sdk/src/rp2_common/hardware_uart/uart.c.o
LOAD CMakeFiles/traffic_light.dir/home/olof/pico-sdk/src/rp2_common/hardware_clocks/clocks.c.o
LOAD CMakeFiles/traffic_light.dir/home/olof/pico-sdk/src/rp2_common/hardware_pll/pll.c.o
LOAD CMakeFiles/traffic_light.dir/home/olof/pico-sdk/src/rp2_common/hardware_vreg/vreg.c.o
LOAD CMakeFiles/traffic_light.dir/home/olof/pico-sdk/src/rp2_common/hardware_watchdog/watchdog.c.o
LOAD CMakeFiles/traffic_light.dir/home/olof/pico-sdk/src/rp2_common/hardware_ticks/ticks.c.o
LOAD CMakeFiles/traffic_light.dir/home/olof/pico-sdk/src/rp2_common/pico_bootrom/bootrom.c.o
LOAD CMakeFiles/traffic_light.dir/home/olof/pico-sdk/src/rp2_common/pico_bootrom/bootrom_lock.c.o
LOAD CMakeFiles/traffic_light.dir/home/olof/pico-sdk/src/rp2_common/hardware_boot_lock/boot_lock.c.o
LOAD CMakeFiles/traffic_light.dir/home/olof/pico-sdk/src/rp2_common/pico_flash/flash.c.o
LOAD CMakeFiles/traffic_light.dir/home/olof/pico-sdk/src/rp2_common/hardware_xosc/xosc.c.o
LOAD CMakeFiles/traffic_light.dir/home/olof/pico-sdk/src/rp2_common/hardware_divider/divider.c.o
LOAD CMakeFiles/traffic_light.dir/home/olof/pico-sdk/src/rp2_common/pico_runtime/runtime.c.o
LOAD CMakeFiles/traffic_light.dir/home/olof/pico-sdk/src/rp2_common/pico_runtime_init/runtime_init.c.o
LOAD CMakeFiles/traffic_light.dir/home/olof/pico-sdk/src/rp2_common/pico_runtime_init/runtime_init_clocks.c.o
LOAD CMakeFiles/traffic_light.dir/home/olof/pico-sdk/src/rp2_common/pico_runtime_init/runtime_init_stack_guard.c.o
LOAD CMakeFiles/traffic_light.dir/home/olof/pico-sdk/src/rp2_common/pico_bit_ops/bit_ops_aeabi.S.o
LOAD CMakeFiles/traffic_light.dir/home/olof/pico-sdk/src/rp2_common/pico_divider/divider_compiler.c.o
LOAD CMakeFiles/traffic_light.dir/home/olof/pico-sdk/src/rp2_common/pico_double/double_math.c.o
LOAD CMakeFiles/traffic_light.dir/home/olof/pico-sdk/src/rp2_common/pico_double/double_aeabi_dcp.S.o
LOAD CMakeFiles/traffic_light.dir/home/olof/pico-sdk/src/rp2_common/pico_double/double_fma_dcp.S.o
LOAD CMakeFiles/traffic_light.dir/home/olof/pico-sdk/src/rp2_common/pico_double/double_sci_m33.S.o
LOAD CMakeFiles/traffic_light.dir/home/olof/pico-sdk/src/rp2_common/pico_double/double_conv_m33.S.o
LOAD CMakeFiles/traffic_light.dir/home/olof/pico-sdk/src/rp2_common/pico_float/float_math.c.o
LOAD CMakeFiles/traffic_light.dir/home/olof/pico-sdk/src/rp2_common/pico_float/float_conv32_vfp.S.o
LOAD CMakeFiles/traffic_light.dir/home/olof/pico-sdk/src/rp2_common/pico_float/float_common_m33.S.o
LOAD CMakeFiles/traffic_light.dir/home/olof/pico-sdk/src/rp2_common/pico_float/float_sci_m33_vfp.S.o
LOAD CMakeFiles/traffic_light.dir/home/olof/pico-sdk/src/rp2_common/pico_malloc/malloc.c.o
LOAD CMakeFiles/traffic_light.dir/home/olof/pico-sdk/src/rp2_common/pico_atomic/atomic.c.o
LOAD CMakeFiles/traffic_light.dir/home/olof/pico-sdk/src/rp2_common/pico_cxx_options/new_delete.cpp.o
LOAD CMakeFiles/traffic_light.dir/home/olof/pico-sdk/src/rp2_common/pico_standard_binary_info/standard_binary_info.c.o
LOAD CMakeFiles/traffic_light.dir/home/olof/pico-sdk/src/rp2_common/pico_printf/printf.c.o
LOAD CMakeFiles/traffic_light.dir/home/olof/pico-sdk/src/rp2_common/pico_crt0/crt0.S.o
LOAD CMakeFiles/traffic_light.dir/home/olof/pico-sdk/src/rp2_common/pico_clib_interface/newlib_interface.c.o
LOAD CMakeFiles/traffic_light.dir/home/olof/pico-sdk/src/rp2_common/pico_stdio/stdio.c.o
LOAD CMakeFiles/traffic_light.dir/home/olof/pico-sdk/src/rp2_common/pico_stdio_uart/stdio_uart.c.o
LOAD CMakeFiles/traffic_light.dir/home/olof/pico-sdk/src/rp2_common/pico_multicore/multicore.c.o
LOAD CMakeFiles/traffic_light.dir/home/olof/pico-sdk/src/rp2_common/hardware_spi/spi.c.o
LOAD CMakeFiles/traffic_light.dir/home/olof/pico-sdk/src/rp2_common/hardware_i2c/i2c.c.o
LOAD pico-sdk/src/rp2350/boot_stage2/CMakeFiles/bs2_default_library.dir/bs2_default_padded_checksummed.S.o
LOAD /usr/lib/gcc/arm-none-eabi/14.2.1/../../../arm-none-eabi/lib/thumb/v8-m.main+fp/softfp/libstdc++.a
LOAD /usr/lib/gcc/arm-none-eabi/14.2.1/../../../arm-none-eabi/lib/thumb/v8-m.main+fp/softfp/libm.a
START GROUP
LOAD /usr/lib/gcc/arm-none-eabi/14.2.1/thumb/v8-m.main+fp/softfp/libgcc.a
LOAD /usr/lib/gcc/arm-none-eabi/14.2.1/../../../arm-none-eabi/lib/thumb/v8-m.main+fp/softfp/libg.a
LOAD /usr/lib/gcc/arm-none-eabi/14.2.1/../../../arm-none-eabi/lib/thumb/v8-m.main+fp/softfp/libc.a
END GROUP
START GROUP
LOAD /usr/lib/gcc/arm-none-eabi/14.2.1/thumb/v8-m.main+fp/softfp/libgcc.a
LOAD /usr/lib/gcc/arm-none-eabi/14.2.1/../../../arm-none-eabi/lib/thumb/v8-m.main+fp/softfp/libc.a
LOAD /usr/lib/gcc/arm-none-eabi/14.2.1/../../../arm-none-eabi/lib/thumb/v8-m.main+fp/softfp/libnosys.a
END GROUP
LOAD /usr/lib/gcc/arm-none-eabi/14.2.1/thumb/v8-m.main+fp/softfp/crtend.o
LOAD /usr/lib/gcc/arm-none-eabi/14.2.1/thumb/v8-m.main+fp/softfp/crtn.o
OUTPUT(traffic_light.elf elf32-littlearm)
LOAD linker stubs

.rel.dyn        0x100032d4        0x0
 .rel.iplt      0x100032d4        0x0 /usr/lib/gcc/arm-none-eabi/14.2.1/thumb/v8-m.main+fp/softfp/crtbegin.o

.ARM.attributes
                0x00000000       0x34
 .ARM.attributes
                0x00000000       0x26 /usr/lib/gcc/arm-none-eabi/14.2.1/thumb/v8-m.main+fp/softfp/crti.o
 .ARM.attributes
                0x00000026       0x36 /usr/lib/gcc/arm-none-eabi/14.2.1/thumb/v8-m.main+fp/softfp/crtbegin.o
 .ARM.attributes
                0x0000005c       0x38 CMakeFiles/traffic_light.dir/main.c.o
 .ARM.attributes
                0x00000094       0x38 CMakeFiles/traffic_light.dir/home/olof/programs/school/embedded/2/ES-Lab-Kit/Software/bsp/bsp.c.o
 .ARM.attributes
                0x000000cc       0x38 CMakeFiles/traffic_light.dir/home/olof/programs/school/embedded/2/ES-Lab-Kit/Software/bsp/ht16k33.c.o
 .ARM.attributes
                0x00000104       0x38 CMakeFiles/traffic_light.dir/home/olof/programs/school/embedded/2/ES-Lab-Kit/Software/bsp/mma8452q.c.o
 .ARM.attributes
                0x0000013c       0x38 CMakeFiles/traffic_light.dir/home/olof/programs/school/embedded/2/ES-Lab-Kit/Software/bsp/psram.c.o
 .ARM.attributes
                0x00000174       0x38 CMakeFiles/traffic_light.dir/home/olof/pico-sdk/src/rp2_common/hardware_gpio/gpio.c.o
 .ARM.attributes
                0x000001ac       0x38 CMakeFiles/traffic_light.dir/home/olof/pico-sdk/src/rp2_common/pico_platform_panic/panic.c.o
 .ARM.attributes
                0x000001e4       0x38 CMakeFiles/traffic_light.dir/home/olof/pico-sdk/src/common/hardware_claim/claim.c.o
 .ARM.attributes
                0x0000021c       0x38 CMakeFiles/traffic_light.dir/home/olof/pico-sdk/src/rp2_common/hardware_sync/sync.c.o
 .ARM.attributes
                0x00000254       0x38 CMakeFiles/traffic_light.dir/home/olof/pico-sdk/src/rp2_common/hardware_sync_spin_lock/sync_spin_lock.c.o
 .ARM.attributes
                0x0000028c       0x38 CMakeFiles/traffic_light.dir/home/olof/pico-sdk/src/rp2_common/hardware_irq/irq.c.o
 .ARM.attributes
                0x000002c4       0x28 CMakeFiles/traffic_light.dir/home/olof/pico-sdk/src/rp2_common/hardware_irq/irq_handler_chain.S.o
 .ARM.attributes
                0x000002ec       0x38 CMakeFiles/traffic_light.dir/home/olof/pico-sdk/src/common/pico_sync/lock_core.c.o
 .ARM.attributes
                0x00000324       0x38 CMakeFiles/traffic_light.dir/home/olof/pico-sdk/src/common/pico_sync/mutex.c.o
 .ARM.attributes
                0x0000035c       0x38 CMakeFiles/traffic_light.dir/home/olof/pico-sdk/src/common/pico_time/time.c.o
 .ARM.attributes
                0x00000394       0x38 CMakeFiles/traffic_light.dir/home/olof/pico-sdk/src/rp2_common/hardware_timer/timer.c.o
 .ARM.attributes
                0x000003cc       0x38 CMakeFiles/traffic_light.dir/home/olof/pico-sdk/src/rp2_common/hardware_uart/uart.c.o
 .ARM.attributes
                0x00000404       0x38 CMakeFiles/traffic_light.dir/home/olof/pico-sdk/src/rp2_common/hardware_clocks/clocks.c.o
 .ARM.attributes
                0x0000043c       0x38 CMakeFiles/traffic_light.dir/home/olof/pico-sdk/src/rp2_common/hardware_pll/pll.c.o
 .ARM.attributes
                0x00000474       0x38 CMakeFiles/traffic_light.dir/home/olof/pico-sdk/src/rp2_common/hardware_ticks/ticks.c.o
 .ARM.attributes
                0x000004ac       0x38 CMakeFiles/traffic_light.dir/home/olof/pico-sdk/src/rp2_common/pico_bootrom/bootrom.c.o
 .ARM.attributes
                0x000004e4       0x38 CMakeFiles/traffic_light.dir/home/olof/pico-sdk/src/rp2_common/pico_bootrom/bootrom_lock.c.o
 .ARM.attributes
                0x0000051c       0x38 CMakeFiles/traffic_light.dir/home/olof/pico-sdk/src/rp2_common/hardware_boot_lock/boot_lock.c.o
 .ARM.attributes
                0x00000554       0x38 CMakeFiles/traffic_light.dir/home/olof/pico-sdk/src/rp2_common/hardware_xosc/xosc.c.o
 .ARM.attributes
                0x0000058c       0x38 CMakeFiles/traffic_light.dir/home/olof/pico-sdk/src/rp2_common/pico_runtime/runtime.c.o
 .ARM.attributes
                0x000005c4       0x38 CMakeFiles/traffic_light.dir/home/olof/pico-sdk/src/rp2_common/pico_runtime_init/runtime_init.c.o
 .ARM.attributes
                0x000005fc       0x38 CMakeFiles/traffic_light.dir/home/olof/pico-sdk/src/rp2_common/pico_runtime_init/runtime_init_clocks.c.o
 .ARM.attributes
                0x00000634       0x38 CMakeFiles/traffic_light.dir/home/olof/pico-sdk/src/rp2_common/pico_malloc/malloc.c.o
 .ARM.attributes
                0x0000066c       0x38 CMakeFiles/traffic_light.dir/home/olof/pico-sdk/src/rp2_common/pico_standard_binary_info/standard_binary_info.c.o
 .ARM.attributes
                0x000006a4       0x38 CMakeFiles/traffic_light.dir/home/olof/pico-sdk/src/rp2_common/pico_printf/printf.c.o
 .ARM.attributes
                0x000006dc       0x28 CMakeFiles/traffic_light.dir/home/olof/pico-sdk/src/rp2_common/pico_crt0/crt0.S.o
 .ARM.attributes
                0x00000704       0x38 CMakeFiles/traffic_light.dir/home/olof/pico-sdk/src/rp2_common/pico_clib_interface/newlib_interface.c.o
 .ARM.attributes
                0x0000073c       0x38 CMakeFiles/traffic_light.dir/home/olof/pico-sdk/src/rp2_common/pico_stdio/stdio.c.o
 .ARM.attributes
                0x00000774       0x38 CMakeFiles/traffic_light.dir/home/olof/pico-sdk/src/rp2_common/pico_stdio_uart/stdio_uart.c.o
 .ARM.attributes
                0x000007ac       0x38 CMakeFiles/traffic_light.dir/home/olof/pico-sdk/src/rp2_common/pico_multicore/multicore.c.o
 .ARM.attributes
                0x000007e4       0x38 CMakeFiles/traffic_light.dir/home/olof/pico-sdk/src/rp2_common/hardware_spi/spi.c.o
 .ARM.attributes
                0x0000081c       0x38 CMakeFiles/traffic_light.dir/home/olof/pico-sdk/src/rp2_common/hardware_i2c/i2c.c.o
 .ARM.attributes
                0x00000854       0x26 /usr/lib/gcc/arm-none-eabi/14.2.1/thumb/v8-m.main+fp/softfp/libgcc.a(_aeabi_ldivmod.o)
 .ARM.attributes
                0x0000087a       0x36 /usr/lib/gcc/arm-none-eabi/14.2.1/thumb/v8-m.main+fp/softfp/libgcc.a(_udivmoddi4.o)
 .ARM.attributes
                0x000008b0       0x26 /usr/lib/gcc/arm-none-eabi/14.2.1/thumb/v8-m.main+fp/softfp/libgcc.a(_dvmd_tls.o)
 .ARM.attributes
                0x000008d6       0x36 /usr/lib/gcc/arm-none-eabi/14.2.1/../../../arm-none-eabi/lib/thumb/v8-m.main+fp/softfp/libg.a(libc_a-strlen-stub.o)
 .ARM.attributes
                0x0000090c       0x36 /usr/lib/gcc/arm-none-eabi/14.2.1/../../../arm-none-eabi/lib/thumb/v8-m.main+fp/softfp/libg.a(libc_a-fini.o)
 .ARM.attributes
                0x00000942       0x36 /usr/lib/gcc/arm-none-eabi/14.2.1/../../../arm-none-eabi/lib/thumb/v8-m.main+fp/softfp/libg.a(libc_a-atexit.o)
 .ARM.attributes
                0x00000978       0x24 /usr/lib/gcc/arm-none-eabi/14.2.1/../../../arm-none-eabi/lib/thumb/v8-m.main+fp/softfp/libg.a(libc_a-memcpy.o)
 .ARM.attributes
                0x0000099c       0x36 /usr/lib/gcc/arm-none-eabi/14.2.1/../../../arm-none-eabi/lib/thumb/v8-m.main+fp/softfp/libg.a(libc_a-__atexit.o)
 .ARM.attributes
                0x000009d2       0x36 /usr/lib/gcc/arm-none-eabi/14.2.1/../../../arm-none-eabi/lib/thumb/v8-m.main+fp/softfp/libg.a(libc_a-__call_atexit.o)
 .ARM.attributes
                0x00000a08       0x36 /usr/lib/gcc/arm-none-eabi/14.2.1/thumb/v8-m.main+fp/softfp/crtend.o

.comment        0x00000000       0x4c
 .comment       0x00000000       0x4c /usr/lib/gcc/arm-none-eabi/14.2.1/thumb/v8-m.main+fp/softfp/crtbegin.o
                                 0x27 (size before relaxing)
 .comment       0x0000004c       0x27 CMakeFiles/traffic_light.dir/main.c.o
 .comment       0x0000004c       0x27 CMakeFiles/traffic_light.dir/home/olof/programs/school/embedded/2/ES-Lab-Kit/Software/bsp/bsp.c.o
 .comment       0x0000004c       0x27 CMakeFiles/traffic_light.dir/home/olof/programs/school/embedded/2/ES-Lab-Kit/Software/bsp/ht16k33.c.o
 .comment       0x0000004c       0x27 CMakeFiles/traffic_light.dir/home/olof/programs/school/embedded/2/ES-Lab-Kit/Software/bsp/mma8452q.c.o
 .comment       0x0000004c       0x27 CMakeFiles/traffic_light.dir/home/olof/programs/school/embedded/2/ES-Lab-Kit/Software/bsp/psram.c.o
 .comment       0x0000004c       0x27 CMakeFiles/traffic_light.dir/home/olof/pico-sdk/src/rp2_common/hardware_gpio/gpio.c.o
 .comment       0x0000004c       0x27 CMakeFiles/traffic_light.dir/home/olof/pico-sdk/src/rp2_common/pico_platform_panic/panic.c.o
 .comment       0x0000004c       0x27 CMakeFiles/traffic_light.dir/home/olof/pico-sdk/src/common/hardware_claim/claim.c.o
 .comment       0x0000004c       0x27 CMakeFiles/traffic_light.dir/home/olof/pico-sdk/src/rp2_common/hardware_sync/sync.c.o
 .comment       0x0000004c       0x27 CMakeFiles/traffic_light.dir/home/olof/pico-sdk/src/rp2_common/hardware_sync_spin_lock/sync_spin_lock.c.o
 .comment       0x0000004c       0x27 CMakeFiles/traffic_light.dir/home/olof/pico-sdk/src/rp2_common/hardware_irq/irq.c.o
 .comment       0x0000004c       0x27 CMakeFiles/traffic_light.dir/home/olof/pico-sdk/src/common/pico_sync/lock_core.c.o
 .comment       0x0000004c       0x27 CMakeFiles/traffic_light.dir/home/olof/pico-sdk/src/common/pico_sync/mutex.c.o
 .comment       0x0000004c       0x27 CMakeFiles/traffic_light.dir/home/olof/pico-sdk/src/common/pico_time/time.c.o
 .comment       0x0000004c       0x27 CMakeFiles/traffic_light.dir/home/olof/pico-sdk/src/rp2_common/hardware_timer/timer.c.o
 .comment       0x0000004c       0x27 CMakeFiles/traffic_light.dir/home/olof/pico-sdk/src/rp2_common/hardware_uart/uart.c.o
 .comment       0x0000004c       0x27 CMakeFiles/traffic_light.dir/home/olof/pico-sdk/src/rp2_common/hardware_clocks/clocks.c.o
 .comment       0x0000004c       0x27 CMakeFiles/traffic_light.dir/home/olof/pico-sdk/src/rp2_common/hardware_pll/pll.c.o
 .comment       0x0000004c       0x27 CMakeFiles/traffic_light.dir/home/olof/pico-sdk/src/rp2_common/hardware_ticks/ticks.c.o
 .comment       0x0000004c       0x27 CMakeFiles/traffic_light.dir/home/olof/pico-sdk/src/rp2_common/pico_bootrom/bootrom.c.o
 .comment       0x0000004c       0x27 CMakeFiles/traffic_light.dir/home/olof/pico-sdk/src/rp2_common/pico_bootrom/bootrom_lock.c.o
 .comment       0x0000004c       0x27 CMakeFiles/traffic_light.dir/home/olof/pico-sdk/src/rp2_common/hardware_boot_lock/boot_lock.c.o
 .comment       0x0000004c       0x27 CMakeFiles/traffic_light.dir/home/olof/pico-sdk/src/rp2_common/hardware_xosc/xosc.c.o
 .comment       0x0000004c       0x27 CMakeFiles/traffic_light.dir/home/olof/pico-sdk/src/rp2_common/pico_runtime/runtime.c.o
 .comment       0x0000004c       0x27 CMakeFiles/traffic_light.dir/home/olof/pico-sdk/src/rp2_common/pico_runtime_init/runtime_init.c.o
 .comment       0x0000004c       0x27 CMakeFiles/traffic_light.dir/home/olof/pico-sdk/src/rp2_common/pico_runtime_init/runtime_init_clocks.c.o
 .comment       0x0000004c       0x27 CMakeFiles/traffic_light.dir/home/olof/pico-sdk/src/rp2_common/pico_malloc/malloc.c.o
 .comment       0x0000004c       0x27 CMakeFiles/traffic_light.dir/home/olof/pico-sdk/src/rp2_common/pico_standard_binary_info/standard_binary_info.c.o
 .comment       0x0000004c       0x27 CMakeFiles/traffic_light.dir/home/olof/pico-sdk/src/rp2_common/pico_printf/printf.c.o
 .comment       0x0000004c       0x27 CMakeFiles/traffic_light.dir/home/olof/pico-sdk/src/rp2_common/pico_clib_interface/newlib_interface.c.o
 .comment       0x0000004c       0x27 CMakeFiles/traffic_light.dir/home/olof/pico-sdk/src/rp2_common/pico_stdio/stdio.c.o
 .comment       0x0000004c       0x27 CMakeFiles/traffic_light.dir/home/olof/pico-sdk/src/rp2_common/pico_stdio_uart/stdio_uart.c.o
 .comment       0x0000004c       0x27 CMakeFiles/traffic_light.dir/home/olof/pico-sdk/src/rp2_common/pico_multicore/multicore.c.o
 .comment       0x0000004c       0x27 CMakeFiles/traffic_light.dir/home/olof/pico-sdk/src/rp2_common/hardware_spi/spi.c.o
 .comment       0x0000004c       0x27 CMakeFiles/traffic_light.dir/home/olof/pico-sdk/src/rp2_common/hardware_i2c/i2c.c.o
 .comment       0x0000004c       0x27 /usr/lib/gcc/arm-none-eabi/14.2.1/thumb/v8-m.main+fp/softfp/libgcc.a(_udivmoddi4.o)
 .comment       0x0000004c       0x27 /usr/lib/gcc/arm-none-eabi/14.2.1/../../../arm-none-eabi/lib/thumb/v8-m.main+fp/softfp/libg.a(libc_a-strlen-stub.o)
 .comment       0x0000004c       0x27 /usr/lib/gcc/arm-none-eabi/14.2.1/../../../arm-none-eabi/lib/thumb/v8-m.main+fp/softfp/libg.a(libc_a-fini.o)
 .comment       0x0000004c       0x27 /usr/lib/gcc/arm-none-eabi/14.2.1/../../../arm-none-eabi/lib/thumb/v8-m.main+fp/softfp/libg.a(libc_a-atexit.o)
 .comment       0x0000004c       0x27 /usr/lib/gcc/arm-none-eabi/14.2.1/../../../arm-none-eabi/lib/thumb/v8-m.main+fp/softfp/libg.a(libc_a-__atexit.o)
 .comment       0x0000004c       0x27 /usr/lib/gcc/arm-none-eabi/14.2.1/../../../arm-none-eabi/lib/thumb/v8-m.main+fp/softfp/libg.a(libc_a-__call_atexit.o)
 .comment       0x0000004c       0x27 /usr/lib/gcc/arm-none-eabi/14.2.1/thumb/v8-m.main+fp/softfp/crtend.o

.debug_info     0x00000000    0x2d0dc
 .debug_info    0x00000000      0x227 CMakeFiles/traffic_light.dir/main.c.o
 .debug_info    0x00000227     0x18c1 CMakeFiles/traffic_light.dir/home/olof/programs/school/embedded/2/ES-Lab-Kit/Software/bsp/bsp.c.o
 .debug_info    0x00001ae8      0x67e CMakeFiles/traffic_light.dir/home/olof/programs/school/embedded/2/ES-Lab-Kit/Software/bsp/ht16k33.c.o
 .debug_info    0x00002166     0x37cd CMakeFiles/traffic_light.dir/home/olof/programs/school/embedded/2/ES-Lab-Kit/Software/bsp/mma8452q.c.o
 .debug_info    0x00005933      0x921 CMakeFiles/traffic_light.dir/home/olof/programs/school/embedded/2/ES-Lab-Kit/Software/bsp/psram.c.o
 .debug_info    0x00006254     0x23e6 CMakeFiles/traffic_light.dir/home/olof/pico-sdk/src/rp2_common/hardware_gpio/gpio.c.o
 .debug_info    0x0000863a      0x1be CMakeFiles/traffic_light.dir/home/olof/pico-sdk/src/rp2_common/pico_platform_panic/panic.c.o
 .debug_info    0x000087f8      0xb60 CMakeFiles/traffic_light.dir/home/olof/pico-sdk/src/common/hardware_claim/claim.c.o
 .debug_info    0x00009358      0x457 CMakeFiles/traffic_light.dir/home/olof/pico-sdk/src/rp2_common/hardware_sync/sync.c.o
 .debug_info    0x000097af     0x143a CMakeFiles/traffic_light.dir/home/olof/pico-sdk/src/rp2_common/hardware_sync_spin_lock/sync_spin_lock.c.o
 .debug_info    0x0000abe9     0x25e5 CMakeFiles/traffic_light.dir/home/olof/pico-sdk/src/rp2_common/hardware_irq/irq.c.o
 .debug_info    0x0000d1ce      0x17b CMakeFiles/traffic_light.dir/home/olof/pico-sdk/src/common/pico_sync/lock_core.c.o
 .debug_info    0x0000d349     0x1e34 CMakeFiles/traffic_light.dir/home/olof/pico-sdk/src/common/pico_sync/mutex.c.o
 .debug_info    0x0000f17d     0x5432 CMakeFiles/traffic_light.dir/home/olof/pico-sdk/src/common/pico_time/time.c.o
 .debug_info    0x000145af     0x308a CMakeFiles/traffic_light.dir/home/olof/pico-sdk/src/rp2_common/hardware_timer/timer.c.o
 .debug_info    0x00017639     0x1982 CMakeFiles/traffic_light.dir/home/olof/pico-sdk/src/rp2_common/hardware_uart/uart.c.o
 .debug_info    0x00018fbb     0x2886 CMakeFiles/traffic_light.dir/home/olof/pico-sdk/src/rp2_common/hardware_clocks/clocks.c.o
 .debug_info    0x0001b841      0x4ef CMakeFiles/traffic_light.dir/home/olof/pico-sdk/src/rp2_common/hardware_pll/pll.c.o
 .debug_info    0x0001bd30      0x254 CMakeFiles/traffic_light.dir/home/olof/pico-sdk/src/rp2_common/hardware_ticks/ticks.c.o
 .debug_info    0x0001bf84     0x106f CMakeFiles/traffic_light.dir/home/olof/pico-sdk/src/rp2_common/pico_bootrom/bootrom.c.o
 .debug_info    0x0001cff3      0x1ac CMakeFiles/traffic_light.dir/home/olof/pico-sdk/src/rp2_common/pico_bootrom/bootrom_lock.c.o
 .debug_info    0x0001d19f      0x2fe CMakeFiles/traffic_light.dir/home/olof/pico-sdk/src/rp2_common/hardware_boot_lock/boot_lock.c.o
 .debug_info    0x0001d49d      0x199 CMakeFiles/traffic_light.dir/home/olof/pico-sdk/src/rp2_common/hardware_xosc/xosc.c.o
 .debug_info    0x0001d636      0x20e CMakeFiles/traffic_light.dir/home/olof/pico-sdk/src/rp2_common/pico_runtime/runtime.c.o
 .debug_info    0x0001d844     0x1c1c CMakeFiles/traffic_light.dir/home/olof/pico-sdk/src/rp2_common/pico_runtime_init/runtime_init.c.o
 .debug_info    0x0001f460      0x7b1 CMakeFiles/traffic_light.dir/home/olof/pico-sdk/src/rp2_common/pico_runtime_init/runtime_init_clocks.c.o
 .debug_info    0x0001fc11      0x6a9 CMakeFiles/traffic_light.dir/home/olof/pico-sdk/src/rp2_common/pico_malloc/malloc.c.o
 .debug_info    0x000202ba      0x2b2 CMakeFiles/traffic_light.dir/home/olof/pico-sdk/src/rp2_common/pico_standard_binary_info/standard_binary_info.c.o
 .debug_info    0x0002056c     0x22e7 CMakeFiles/traffic_light.dir/home/olof/pico-sdk/src/rp2_common/pico_printf/printf.c.o
 .debug_info    0x00022853       0x23 CMakeFiles/traffic_light.dir/home/olof/pico-sdk/src/rp2_common/pico_crt0/crt0.S.o
 .debug_info    0x00022876      0xc25 CMakeFiles/traffic_light.dir/home/olof/pico-sdk/src/rp2_common/pico_clib_interface/newlib_interface.c.o
 .debug_info    0x0002349b     0x1d99 CMakeFiles/traffic_light.dir/home/olof/pico-sdk/src/rp2_common/pico_stdio/stdio.c.o
 .debug_info    0x00025234     0x18d3 CMakeFiles/traffic_light.dir/home/olof/pico-sdk/src/rp2_common/pico_stdio_uart/stdio_uart.c.o
 .debug_info    0x00026b07     0x281d CMakeFiles/traffic_light.dir/home/olof/pico-sdk/src/rp2_common/pico_multicore/multicore.c.o
 .debug_info    0x00029324     0x11f0 CMakeFiles/traffic_light.dir/home/olof/pico-sdk/src/rp2_common/hardware_spi/spi.c.o
 .debug_info    0x0002a514     0x1cec CMakeFiles/traffic_light.dir/home/olof/pico-sdk/src/rp2_common/hardware_i2c/i2c.c.o
 .debug_info    0x0002c200       0x25 /usr/lib/gcc/arm-none-eabi/14.2.1/thumb/v8-m.main+fp/softfp/libgcc.a(_aeabi_ldivmod.o)
 .debug_info    0x0002c225      0x6f5 /usr/lib/gcc/arm-none-eabi/14.2.1/thumb/v8-m.main+fp/softfp/libgcc.a(_udivmoddi4.o)
 .debug_info    0x0002c91a       0x3c /usr/lib/gcc/arm-none-eabi/14.2.1/thumb/v8-m.main+fp/softfp/libgcc.a(_dvmd_tls.o)
 .debug_info    0x0002c956       0xbd /usr/lib/gcc/arm-none-eabi/14.2.1/../../../arm-none-eabi/lib/thumb/v8-m.main+fp/softfp/libg.a(libc_a-strlen-stub.o)
 .debug_info    0x0002ca13       0xf7 /usr/lib/gcc/arm-none-eabi/14.2.1/../../../arm-none-eabi/lib/thumb/v8-m.main+fp/softfp/libg.a(libc_a-fini.o)
 .debug_info    0x0002cb0a      0x11e /usr/lib/gcc/arm-none-eabi/14.2.1/../../../arm-none-eabi/lib/thumb/v8-m.main+fp/softfp/libg.a(libc_a-atexit.o)
 .debug_info    0x0002cc28       0x33 /usr/lib/gcc/arm-none-eabi/14.2.1/../../../arm-none-eabi/lib/thumb/v8-m.main+fp/softfp/libg.a(libc_a-memcpy.o)
 .debug_info    0x0002cc5b      0x1fd /usr/lib/gcc/arm-none-eabi/14.2.1/../../../arm-none-eabi/lib/thumb/v8-m.main+fp/softfp/libg.a(libc_a-__atexit.o)
 .debug_info    0x0002ce58      0x284 /usr/lib/gcc/arm-none-eabi/14.2.1/../../../arm-none-eabi/lib/thumb/v8-m.main+fp/softfp/libg.a(libc_a-__call_atexit.o)

.debug_abbrev   0x00000000     0x7b3a
 .debug_abbrev  0x00000000       0xbc CMakeFiles/traffic_light.dir/main.c.o
 .debug_abbrev  0x000000bc      0x4ea CMakeFiles/traffic_light.dir/home/olof/programs/school/embedded/2/ES-Lab-Kit/Software/bsp/bsp.c.o
 .debug_abbrev  0x000005a6      0x204 CMakeFiles/traffic_light.dir/home/olof/programs/school/embedded/2/ES-Lab-Kit/Software/bsp/ht16k33.c.o
 .debug_abbrev  0x000007aa      0x433 CMakeFiles/traffic_light.dir/home/olof/programs/school/embedded/2/ES-Lab-Kit/Software/bsp/mma8452q.c.o
 .debug_abbrev  0x00000bdd      0x2fc CMakeFiles/traffic_light.dir/home/olof/programs/school/embedded/2/ES-Lab-Kit/Software/bsp/psram.c.o
 .debug_abbrev  0x00000ed9      0x558 CMakeFiles/traffic_light.dir/home/olof/pico-sdk/src/rp2_common/hardware_gpio/gpio.c.o
 .debug_abbrev  0x00001431      0x12b CMakeFiles/traffic_light.dir/home/olof/pico-sdk/src/rp2_common/pico_platform_panic/panic.c.o
 .debug_abbrev  0x0000155c      0x35e CMakeFiles/traffic_light.dir/home/olof/pico-sdk/src/common/hardware_claim/claim.c.o
 .debug_abbrev  0x000018ba      0x22f CMakeFiles/traffic_light.dir/home/olof/pico-sdk/src/rp2_common/hardware_sync/sync.c.o
 .debug_abbrev  0x00001ae9      0x26e CMakeFiles/traffic_light.dir/home/olof/pico-sdk/src/rp2_common/hardware_sync_spin_lock/sync_spin_lock.c.o
 .debug_abbrev  0x00001d57      0x63b CMakeFiles/traffic_light.dir/home/olof/pico-sdk/src/rp2_common/hardware_irq/irq.c.o
 .debug_abbrev  0x00002392      0x11e CMakeFiles/traffic_light.dir/home/olof/pico-sdk/src/common/pico_sync/lock_core.c.o
 .debug_abbrev  0x000024b0      0x49b CMakeFiles/traffic_light.dir/home/olof/pico-sdk/src/common/pico_sync/mutex.c.o
 .debug_abbrev  0x0000294b      0x644 CMakeFiles/traffic_light.dir/home/olof/pico-sdk/src/common/pico_time/time.c.o
 .debug_abbrev  0x00002f8f      0x4f9 CMakeFiles/traffic_light.dir/home/olof/pico-sdk/src/rp2_common/hardware_timer/timer.c.o
 .debug_abbrev  0x00003488      0x367 CMakeFiles/traffic_light.dir/home/olof/pico-sdk/src/rp2_common/hardware_uart/uart.c.o
 .debug_abbrev  0x000037ef      0x517 CMakeFiles/traffic_light.dir/home/olof/pico-sdk/src/rp2_common/hardware_clocks/clocks.c.o
 .debug_abbrev  0x00003d06      0x1a8 CMakeFiles/traffic_light.dir/home/olof/pico-sdk/src/rp2_common/hardware_pll/pll.c.o
 .debug_abbrev  0x00003eae      0x146 CMakeFiles/traffic_light.dir/home/olof/pico-sdk/src/rp2_common/hardware_ticks/ticks.c.o
 .debug_abbrev  0x00003ff4      0x458 CMakeFiles/traffic_light.dir/home/olof/pico-sdk/src/rp2_common/pico_bootrom/bootrom.c.o
 .debug_abbrev  0x0000444c       0xfb CMakeFiles/traffic_light.dir/home/olof/pico-sdk/src/rp2_common/pico_bootrom/bootrom_lock.c.o
 .debug_abbrev  0x00004547      0x1de CMakeFiles/traffic_light.dir/home/olof/pico-sdk/src/rp2_common/hardware_boot_lock/boot_lock.c.o
 .debug_abbrev  0x00004725      0x109 CMakeFiles/traffic_light.dir/home/olof/pico-sdk/src/rp2_common/hardware_xosc/xosc.c.o
 .debug_abbrev  0x0000482e      0x182 CMakeFiles/traffic_light.dir/home/olof/pico-sdk/src/rp2_common/pico_runtime/runtime.c.o
 .debug_abbrev  0x000049b0      0x310 CMakeFiles/traffic_light.dir/home/olof/pico-sdk/src/rp2_common/pico_runtime_init/runtime_init.c.o
 .debug_abbrev  0x00004cc0      0x2b8 CMakeFiles/traffic_light.dir/home/olof/pico-sdk/src/rp2_common/pico_runtime_init/runtime_init_clocks.c.o
 .debug_abbrev  0x00004f78      0x21d CMakeFiles/traffic_light.dir/home/olof/pico-sdk/src/rp2_common/pico_malloc/malloc.c.o
 .debug_abbrev  0x00005195       0xb8 CMakeFiles/traffic_light.dir/home/olof/pico-sdk/src/rp2_common/pico_standard_binary_info/standard_binary_info.c.o
 .debug_abbrev  0x0000524d      0x505 CMakeFiles/traffic_light.dir/home/olof/pico-sdk/src/rp2_common/pico_printf/printf.c.o
 .debug_abbrev  0x00005752       0x12 CMakeFiles/traffic_light.dir/home/olof/pico-sdk/src/rp2_common/pico_crt0/crt0.S.o
 .debug_abbrev  0x00005764      0x375 CMakeFiles/traffic_light.dir/home/olof/pico-sdk/src/rp2_common/pico_clib_interface/newlib_interface.c.o
 .debug_abbrev  0x00005ad9      0x601 CMakeFiles/traffic_light.dir/home/olof/pico-sdk/src/rp2_common/pico_stdio/stdio.c.o
 .debug_abbrev  0x000060da      0x493 CMakeFiles/traffic_light.dir/home/olof/pico-sdk/src/rp2_common/pico_stdio_uart/stdio_uart.c.o
 .debug_abbrev  0x0000656d      0x6fd CMakeFiles/traffic_light.dir/home/olof/pico-sdk/src/rp2_common/pico_multicore/multicore.c.o
 .debug_abbrev  0x00006c6a      0x326 CMakeFiles/traffic_light.dir/home/olof/pico-sdk/src/rp2_common/hardware_spi/spi.c.o
 .debug_abbrev  0x00006f90      0x4a5 CMakeFiles/traffic_light.dir/home/olof/pico-sdk/src/rp2_common/hardware_i2c/i2c.c.o
 .debug_abbrev  0x00007435       0x14 /usr/lib/gcc/arm-none-eabi/14.2.1/thumb/v8-m.main+fp/softfp/libgcc.a(_aeabi_ldivmod.o)
 .debug_abbrev  0x00007449      0x16a /usr/lib/gcc/arm-none-eabi/14.2.1/thumb/v8-m.main+fp/softfp/libgcc.a(_udivmoddi4.o)
 .debug_abbrev  0x000075b3       0x26 /usr/lib/gcc/arm-none-eabi/14.2.1/thumb/v8-m.main+fp/softfp/libgcc.a(_dvmd_tls.o)
 .debug_abbrev  0x000075d9       0x78 /usr/lib/gcc/arm-none-eabi/14.2.1/../../../arm-none-eabi/lib/thumb/v8-m.main+fp/softfp/libg.a(libc_a-strlen-stub.o)
 .debug_abbrev  0x00007651       0xcc /usr/lib/gcc/arm-none-eabi/14.2.1/../../../arm-none-eabi/lib/thumb/v8-m.main+fp/softfp/libg.a(libc_a-fini.o)
 .debug_abbrev  0x0000771d       0xc1 /usr/lib/gcc/arm-none-eabi/14.2.1/../../../arm-none-eabi/lib/thumb/v8-m.main+fp/softfp/libg.a(libc_a-atexit.o)
 .debug_abbrev  0x000077de       0x28 /usr/lib/gcc/arm-none-eabi/14.2.1/../../../arm-none-eabi/lib/thumb/v8-m.main+fp/softfp/libg.a(libc_a-memcpy.o)
 .debug_abbrev  0x00007806      0x157 /usr/lib/gcc/arm-none-eabi/14.2.1/../../../arm-none-eabi/lib/thumb/v8-m.main+fp/softfp/libg.a(libc_a-__atexit.o)
 .debug_abbrev  0x0000795d      0x1dd /usr/lib/gcc/arm-none-eabi/14.2.1/../../../arm-none-eabi/lib/thumb/v8-m.main+fp/softfp/libg.a(libc_a-__call_atexit.o)

.debug_aranges  0x00000000     0x1098
 .debug_aranges
                0x00000000       0x20 CMakeFiles/traffic_light.dir/main.c.o
 .debug_aranges
                0x00000020       0xe0 CMakeFiles/traffic_light.dir/home/olof/programs/school/embedded/2/ES-Lab-Kit/Software/bsp/bsp.c.o
 .debug_aranges
                0x00000100       0x68 CMakeFiles/traffic_light.dir/home/olof/programs/school/embedded/2/ES-Lab-Kit/Software/bsp/ht16k33.c.o
 .debug_aranges
                0x00000168       0xf8 CMakeFiles/traffic_light.dir/home/olof/programs/school/embedded/2/ES-Lab-Kit/Software/bsp/mma8452q.c.o
 .debug_aranges
                0x00000260       0x40 CMakeFiles/traffic_light.dir/home/olof/programs/school/embedded/2/ES-Lab-Kit/Software/bsp/psram.c.o
 .debug_aranges
                0x000002a0      0x118 CMakeFiles/traffic_light.dir/home/olof/pico-sdk/src/rp2_common/hardware_gpio/gpio.c.o
 .debug_aranges
                0x000003b8       0x28 CMakeFiles/traffic_light.dir/home/olof/pico-sdk/src/rp2_common/pico_platform_panic/panic.c.o
 .debug_aranges
                0x000003e0       0x48 CMakeFiles/traffic_light.dir/home/olof/pico-sdk/src/common/hardware_claim/claim.c.o
 .debug_aranges
                0x00000428       0x48 CMakeFiles/traffic_light.dir/home/olof/pico-sdk/src/rp2_common/hardware_sync/sync.c.o
 .debug_aranges
                0x00000470       0x30 CMakeFiles/traffic_light.dir/home/olof/pico-sdk/src/rp2_common/hardware_sync_spin_lock/sync_spin_lock.c.o
 .debug_aranges
                0x000004a0       0xb8 CMakeFiles/traffic_light.dir/home/olof/pico-sdk/src/rp2_common/hardware_irq/irq.c.o
 .debug_aranges
                0x00000558       0x20 CMakeFiles/traffic_light.dir/home/olof/pico-sdk/src/common/pico_sync/lock_core.c.o
 .debug_aranges
                0x00000578       0x98 CMakeFiles/traffic_light.dir/home/olof/pico-sdk/src/common/pico_sync/mutex.c.o
 .debug_aranges
                0x00000610       0xe0 CMakeFiles/traffic_light.dir/home/olof/pico-sdk/src/common/pico_time/time.c.o
 .debug_aranges
                0x000006f0       0xf0 CMakeFiles/traffic_light.dir/home/olof/pico-sdk/src/rp2_common/hardware_timer/timer.c.o
 .debug_aranges
                0x000007e0       0x58 CMakeFiles/traffic_light.dir/home/olof/pico-sdk/src/rp2_common/hardware_uart/uart.c.o
 .debug_aranges
                0x00000838       0x90 CMakeFiles/traffic_light.dir/home/olof/pico-sdk/src/rp2_common/hardware_clocks/clocks.c.o
 .debug_aranges
                0x000008c8       0x28 CMakeFiles/traffic_light.dir/home/olof/pico-sdk/src/rp2_common/hardware_pll/pll.c.o
 .debug_aranges
                0x000008f0       0x30 CMakeFiles/traffic_light.dir/home/olof/pico-sdk/src/rp2_common/hardware_ticks/ticks.c.o
 .debug_aranges
                0x00000920       0x60 CMakeFiles/traffic_light.dir/home/olof/pico-sdk/src/rp2_common/pico_bootrom/bootrom.c.o
 .debug_aranges
                0x00000980       0x20 CMakeFiles/traffic_light.dir/home/olof/pico-sdk/src/rp2_common/pico_bootrom/bootrom_lock.c.o
 .debug_aranges
                0x000009a0       0x30 CMakeFiles/traffic_light.dir/home/olof/pico-sdk/src/rp2_common/hardware_boot_lock/boot_lock.c.o
 .debug_aranges
                0x000009d0       0x30 CMakeFiles/traffic_light.dir/home/olof/pico-sdk/src/rp2_common/hardware_xosc/xosc.c.o
 .debug_aranges
                0x00000a00       0x38 CMakeFiles/traffic_light.dir/home/olof/pico-sdk/src/rp2_common/pico_runtime/runtime.c.o
 .debug_aranges
                0x00000a38       0x58 CMakeFiles/traffic_light.dir/home/olof/pico-sdk/src/rp2_common/pico_runtime_init/runtime_init.c.o
 .debug_aranges
                0x00000a90       0x20 CMakeFiles/traffic_light.dir/home/olof/pico-sdk/src/rp2_common/pico_runtime_init/runtime_init_clocks.c.o
 .debug_aranges
                0x00000ab0       0x38 CMakeFiles/traffic_light.dir/home/olof/pico-sdk/src/rp2_common/pico_malloc/malloc.c.o
 .debug_aranges
                0x00000ae8       0x18 CMakeFiles/traffic_light.dir/home/olof/pico-sdk/src/rp2_common/pico_standard_binary_info/standard_binary_info.c.o
 .debug_aranges
                0x00000b00       0x90 CMakeFiles/traffic_light.dir/home/olof/pico-sdk/src/rp2_common/pico_printf/printf.c.o
 .debug_aranges
                0x00000b90       0x28 CMakeFiles/traffic_light.dir/home/olof/pico-sdk/src/rp2_common/pico_crt0/crt0.S.o
 .debug_aranges
                0x00000bb8       0xa8 CMakeFiles/traffic_light.dir/home/olof/pico-sdk/src/rp2_common/pico_clib_interface/newlib_interface.c.o
 .debug_aranges
                0x00000c60       0xc8 CMakeFiles/traffic_light.dir/home/olof/pico-sdk/src/rp2_common/pico_stdio/stdio.c.o
 .debug_aranges
                0x00000d28       0x80 CMakeFiles/traffic_light.dir/home/olof/pico-sdk/src/rp2_common/pico_stdio_uart/stdio_uart.c.o
 .debug_aranges
                0x00000da8       0xc8 CMakeFiles/traffic_light.dir/home/olof/pico-sdk/src/rp2_common/pico_multicore/multicore.c.o
 .debug_aranges
                0x00000e70       0x68 CMakeFiles/traffic_light.dir/home/olof/pico-sdk/src/rp2_common/hardware_spi/spi.c.o
 .debug_aranges
                0x00000ed8       0x98 CMakeFiles/traffic_light.dir/home/olof/pico-sdk/src/rp2_common/hardware_i2c/i2c.c.o
 .debug_aranges
                0x00000f70       0x20 /usr/lib/gcc/arm-none-eabi/14.2.1/thumb/v8-m.main+fp/softfp/libgcc.a(_aeabi_ldivmod.o)
 .debug_aranges
                0x00000f90       0x20 /usr/lib/gcc/arm-none-eabi/14.2.1/thumb/v8-m.main+fp/softfp/libgcc.a(_udivmoddi4.o)
 .debug_aranges
                0x00000fb0       0x20 /usr/lib/gcc/arm-none-eabi/14.2.1/thumb/v8-m.main+fp/softfp/libgcc.a(_dvmd_tls.o)
 .debug_aranges
                0x00000fd0       0x20 /usr/lib/gcc/arm-none-eabi/14.2.1/../../../arm-none-eabi/lib/thumb/v8-m.main+fp/softfp/libg.a(libc_a-strlen-stub.o)
 .debug_aranges
                0x00000ff0       0x20 /usr/lib/gcc/arm-none-eabi/14.2.1/../../../arm-none-eabi/lib/thumb/v8-m.main+fp/softfp/libg.a(libc_a-fini.o)
 .debug_aranges
                0x00001010       0x20 /usr/lib/gcc/arm-none-eabi/14.2.1/../../../arm-none-eabi/lib/thumb/v8-m.main+fp/softfp/libg.a(libc_a-atexit.o)
 .debug_aranges
                0x00001030       0x20 /usr/lib/gcc/arm-none-eabi/14.2.1/../../../arm-none-eabi/lib/thumb/v8-m.main+fp/softfp/libg.a(libc_a-memcpy.o)
 .debug_aranges
                0x00001050       0x20 /usr/lib/gcc/arm-none-eabi/14.2.1/../../../arm-none-eabi/lib/thumb/v8-m.main+fp/softfp/libg.a(libc_a-__atexit.o)
 .debug_aranges
                0x00001070       0x28 /usr/lib/gcc/arm-none-eabi/14.2.1/../../../arm-none-eabi/lib/thumb/v8-m.main+fp/softfp/libg.a(libc_a-__call_atexit.o)

.debug_rnglists
                0x00000000     0x41c2
 .debug_rnglists
                0x00000000       0x13 CMakeFiles/traffic_light.dir/main.c.o
 .debug_rnglists
                0x00000013       0xc9 CMakeFiles/traffic_light.dir/home/olof/programs/school/embedded/2/ES-Lab-Kit/Software/bsp/bsp.c.o
 .debug_rnglists
                0x000000dc       0x4b CMakeFiles/traffic_light.dir/home/olof/programs/school/embedded/2/ES-Lab-Kit/Software/bsp/ht16k33.c.o
 .debug_rnglists
                0x00000127      0x6b5 CMakeFiles/traffic_light.dir/home/olof/programs/school/embedded/2/ES-Lab-Kit/Software/bsp/mma8452q.c.o
 .debug_rnglists
                0x000007dc       0x73 CMakeFiles/traffic_light.dir/home/olof/programs/school/embedded/2/ES-Lab-Kit/Software/bsp/psram.c.o
 .debug_rnglists
                0x0000084f      0x626 CMakeFiles/traffic_light.dir/home/olof/pico-sdk/src/rp2_common/hardware_gpio/gpio.c.o
 .debug_rnglists
                0x00000e75       0x19 CMakeFiles/traffic_light.dir/home/olof/pico-sdk/src/rp2_common/pico_platform_panic/panic.c.o
 .debug_rnglists
                0x00000e8e       0xf2 CMakeFiles/traffic_light.dir/home/olof/pico-sdk/src/common/hardware_claim/claim.c.o
 .debug_rnglists
                0x00000f80       0x5b CMakeFiles/traffic_light.dir/home/olof/pico-sdk/src/rp2_common/hardware_sync/sync.c.o
 .debug_rnglists
                0x00000fdb       0x43 CMakeFiles/traffic_light.dir/home/olof/pico-sdk/src/rp2_common/hardware_sync_spin_lock/sync_spin_lock.c.o
 .debug_rnglists
                0x0000101e      0x3e4 CMakeFiles/traffic_light.dir/home/olof/pico-sdk/src/rp2_common/hardware_irq/irq.c.o
 .debug_rnglists
                0x00001402       0x13 CMakeFiles/traffic_light.dir/home/olof/pico-sdk/src/common/pico_sync/lock_core.c.o
 .debug_rnglists
                0x00001415      0x2ac CMakeFiles/traffic_light.dir/home/olof/pico-sdk/src/common/pico_sync/mutex.c.o
 .debug_rnglists
                0x000016c1      0x847 CMakeFiles/traffic_light.dir/home/olof/pico-sdk/src/common/pico_time/time.c.o
 .debug_rnglists
                0x00001f08      0x481 CMakeFiles/traffic_light.dir/home/olof/pico-sdk/src/rp2_common/hardware_timer/timer.c.o
 .debug_rnglists
                0x00002389      0x241 CMakeFiles/traffic_light.dir/home/olof/pico-sdk/src/rp2_common/hardware_uart/uart.c.o
 .debug_rnglists
                0x000025ca      0x610 CMakeFiles/traffic_light.dir/home/olof/pico-sdk/src/rp2_common/hardware_clocks/clocks.c.o
 .debug_rnglists
                0x00002bda       0x59 CMakeFiles/traffic_light.dir/home/olof/pico-sdk/src/rp2_common/hardware_pll/pll.c.o
 .debug_rnglists
                0x00002c33       0x2b CMakeFiles/traffic_light.dir/home/olof/pico-sdk/src/rp2_common/hardware_ticks/ticks.c.o
 .debug_rnglists
                0x00002c5e      0x131 CMakeFiles/traffic_light.dir/home/olof/pico-sdk/src/rp2_common/pico_bootrom/bootrom.c.o
 .debug_rnglists
                0x00002d8f       0x13 CMakeFiles/traffic_light.dir/home/olof/pico-sdk/src/rp2_common/pico_bootrom/bootrom_lock.c.o
 .debug_rnglists
                0x00002da2       0x4f CMakeFiles/traffic_light.dir/home/olof/pico-sdk/src/rp2_common/hardware_boot_lock/boot_lock.c.o
 .debug_rnglists
                0x00002df1       0x2b CMakeFiles/traffic_light.dir/home/olof/pico-sdk/src/rp2_common/hardware_xosc/xosc.c.o
 .debug_rnglists
                0x00002e1c       0x3d CMakeFiles/traffic_light.dir/home/olof/pico-sdk/src/rp2_common/pico_runtime/runtime.c.o
 .debug_rnglists
                0x00002e59       0x7c CMakeFiles/traffic_light.dir/home/olof/pico-sdk/src/rp2_common/pico_runtime_init/runtime_init.c.o
 .debug_rnglists
                0x00002ed5       0x2c CMakeFiles/traffic_light.dir/home/olof/pico-sdk/src/rp2_common/pico_runtime_init/runtime_init_clocks.c.o
 .debug_rnglists
                0x00002f01       0x49 CMakeFiles/traffic_light.dir/home/olof/pico-sdk/src/rp2_common/pico_malloc/malloc.c.o
 .debug_rnglists
                0x00002f4a      0x2fd CMakeFiles/traffic_light.dir/home/olof/pico-sdk/src/rp2_common/pico_printf/printf.c.o
 .debug_rnglists
                0x00003247       0x1b CMakeFiles/traffic_light.dir/home/olof/pico-sdk/src/rp2_common/pico_crt0/crt0.S.o
 .debug_rnglists
                0x00003262       0xb5 CMakeFiles/traffic_light.dir/home/olof/pico-sdk/src/rp2_common/pico_clib_interface/newlib_interface.c.o
 .debug_rnglists
                0x00003317      0x302 CMakeFiles/traffic_light.dir/home/olof/pico-sdk/src/rp2_common/pico_stdio/stdio.c.o
 .debug_rnglists
                0x00003619      0x1f2 CMakeFiles/traffic_light.dir/home/olof/pico-sdk/src/rp2_common/pico_stdio_uart/stdio_uart.c.o
 .debug_rnglists