Archive member included to satisfy reference by file (symbol)

/usr/lib/gcc/arm-none-eabi/14.2.1/../../../arm-none-eabi/lib/thumb/v8-m.main+fp/softfp/libm.a(libm_a-wf_sqrt.o)
                              CMakeFiles/handshake.dir/home/olof/pico-sdk/src/rp2_common/pico_float/float_math.c.o (sqrtf)
/usr/lib/gcc/arm-none-eabi/14.2.1/../../../arm-none-eabi/lib/thumb/v8-m.main+fp/softfp/libm.a(libm_a-ef_sqrt.o)
                              /usr/lib/gcc/arm-none-eabi/14.2.1/../../../arm-none-eabi/lib/thumb/v8-m.main+fp/softfp/libm.a(libm_a-wf_sqrt.o) (__ieee754_sqrtf)
/usr/lib/gcc/arm-none-eabi/14.2.1/thumb/v8-m.main+fp/softfp/libgcc.a(_arm_addsubdf3.o)
                              CMakeFiles/handshake.dir/home/olof/programs/school/embedded/2/ES-Lab-Kit/Software/bsp/bsp.c.o (__aeabi_f2d)
/usr/lib/gcc/arm-none-eabi/14.2.1/thumb/v8-m.main+fp/softfp/libgcc.a(_aeabi_ldivmod.o)
                              CMakeFiles/handshake.dir/home/olof/programs/school/embedded/2/ES-Lab-Kit/Software/bsp/psram.c.o (__aeabi_ldivmod)
/usr/lib/gcc/arm-none-eabi/14.2.1/thumb/v8-m.main+fp/softfp/libgcc.a(_aeabi_uldivmod.o)
                              CMakeFiles/handshake.dir/home/olof/pico-sdk/src/rp2_common/hardware_clocks/clocks.c.o (__aeabi_uldivmod)
/usr/lib/gcc/arm-none-eabi/14.2.1/thumb/v8-m.main+fp/softfp/libgcc.a(_udivmoddi4.o)
                              /usr/lib/gcc/arm-none-eabi/14.2.1/thumb/v8-m.main+fp/softfp/libgcc.a(_aeabi_ldivmod.o) (__udivmoddi4)
/usr/lib/gcc/arm-none-eabi/14.2.1/thumb/v8-m.main+fp/softfp/libgcc.a(_dvmd_tls.o)
                              /usr/lib/gcc/arm-none-eabi/14.2.1/thumb/v8-m.main+fp/softfp/libgcc.a(_aeabi_ldivmod.o) (__aeabi_ldiv0)
/usr/lib/gcc/arm-none-eabi/14.2.1/../../../arm-none-eabi/lib/thumb/v8-m.main+fp/softfp/libg.a(libc_a-strlen-stub.o)
                              CMakeFiles/handshake.dir/home/olof/programs/school/embedded/2/ES-Lab-Kit/Software/bsp/ht16k33.c.o (strlen)
/usr/lib/gcc/arm-none-eabi/14.2.1/../../../arm-none-eabi/lib/thumb/v8-m.main+fp/softfp/libg.a(libc_a-memset.o)
                              /usr/lib/gcc/arm-none-eabi/14.2.1/../../../arm-none-eabi/lib/thumb/v8-m.main+fp/softfp/crt0.o (memset)
/usr/lib/gcc/arm-none-eabi/14.2.1/../../../arm-none-eabi/lib/thumb/v8-m.main+fp/softfp/libg.a(libc_a-fini.o)
                              /usr/lib/gcc/arm-none-eabi/14.2.1/../../../arm-none-eabi/lib/thumb/v8-m.main+fp/softfp/crt0.o (__libc_fini_array)
/usr/lib/gcc/arm-none-eabi/14.2.1/../../../arm-none-eabi/lib/thumb/v8-m.main+fp/softfp/libg.a(libc_a-calloc.o)
                              CMakeFiles/handshake.dir/home/olof/pico-sdk/src/rp2_common/pico_malloc/malloc.c.o (calloc)
/usr/lib/gcc/arm-none-eabi/14.2.1/../../../arm-none-eabi/lib/thumb/v8-m.main+fp/softfp/libg.a(libc_a-callocr.o)
                              /usr/lib/gcc/arm-none-eabi/14.2.1/../../../arm-none-eabi/lib/thumb/v8-m.main+fp/softfp/libg.a(libc_a-calloc.o) (_calloc_r)
/usr/lib/gcc/arm-none-eabi/14.2.1/../../../arm-none-eabi/lib/thumb/v8-m.main+fp/softfp/libg.a(libc_a-realloc.o)
                              CMakeFiles/handshake.dir/home/olof/pico-sdk/src/rp2_common/pico_malloc/malloc.c.o (realloc)
/usr/lib/gcc/arm-none-eabi/14.2.1/../../../arm-none-eabi/lib/thumb/v8-m.main+fp/softfp/libg.a(libc_a-mallocr.o)
                              /usr/lib/gcc/arm-none-eabi/14.2.1/../../../arm-none-eabi/lib/thumb/v8-m.main+fp/softfp/libg.a(libc_a-callocr.o) (_malloc_r)
/usr/lib/gcc/arm-none-eabi/14.2.1/../../../arm-none-eabi/lib/thumb/v8-m.main+fp/softfp/libg.a(libc_a-freer.o)
                              /usr/lib/gcc/arm-none-eabi/14.2.1/../../../arm-none-eabi/lib/thumb/v8-m.main+fp/softfp/libg.a(libc_a-mallocr.o) (_free_r)
/usr/lib/gcc/arm-none-eabi/14.2.1/../../../arm-none-eabi/lib/thumb/v8-m.main+fp/softfp/libg.a(libc_a-memcmp.o)
                              CMakeFiles/handshake.dir/home/olof/pico-sdk/src/rp2_common/pico_atomic/atomic.c.o (memcmp)
/usr/lib/gcc/arm-none-eabi/14.2.1/../../../arm-none-eabi/lib/thumb/v8-m.main+fp/softfp/libg.a(libc_a-errno.o)
                              /usr/lib/gcc/arm-none-eabi/14.2.1/../../../arm-none-eabi/lib/thumb/v8-m.main+fp/softfp/libm.a(libm_a-wf_sqrt.o) (__errno)
/usr/lib/gcc/arm-none-eabi/14.2.1/../../../arm-none-eabi/lib/thumb/v8-m.main+fp/softfp/libg.a(libc_a-malloc.o)
                              CMakeFiles/handshake.dir/home/olof/pico-sdk/src/rp2_common/pico_malloc/malloc.c.o (malloc)
/usr/lib/gcc/arm-none-eabi/14.2.1/../../../arm-none-eabi/lib/thumb/v8-m.main+fp/softfp/libg.a(libc_a-reallocr.o)
                              /usr/lib/gcc/arm-none-eabi/14.2.1/../../../arm-none-eabi/lib/thumb/v8-m.main+fp/softfp/libg.a(libc_a-realloc.o) (_realloc_r)
/usr/lib/gcc/arm-none-eabi/14.2.1/../../../arm-none-eabi/lib/thumb/v8-m.main+fp/softfp/libg.a(libc_a-mktime.o)
                              CMakeFiles/handshake.dir/home/olof/pico-sdk/src/common/pico_util/datetime.c.o (mktime)
[...]
Memory Configuration

Name             Origin             Length             Attributes
FLASH            0x10000000         0x00400000         xr
RAM              0x20000000         0x00080000         xrw
SCRATCH_X        0x20080000         0x00001000         xrw
SCRATCH_Y        0x20081000         0x00001000         xrw
*default*        0x00000000         0xffffffff

Linker script and memory map

LOAD /usr/lib/gcc/arm-none-eabi/14.2.1/thumb/v8-m.main+fp/softfp/crti.o
LOAD /usr/lib/gcc/arm-none-eabi/14.2.1/thumb/v8-m.main+fp/softfp/crtbegin.o
LOAD /usr/lib/gcc/arm-none-eabi/14.2.1/../../../arm-none-eabi/lib/thumb/v8-m.main+fp/softfp/crt0.o

.flash_begin    0x10000000        0x0
                0x10000000                        __flash_binary_start = .

.text           0x10000000     0x605c
                0x10000000                        __logical_binary_start = .
 *(.vectors)
 .vectors       0x10000000      0x124 CMakeFiles/handshake.dir/home/olof/pico-sdk/src/rp2_common/pico_crt0/crt0.S.o
                0x10000000                __vectors
                0x10000000                __VECTOR_TABLE
                0x10000110                isr_securefault
                0x10000110                isr_irq30
                0x10000110                __unhandled_user_irq
                0x10000110                isr_irq49
                0x10000110                isr_irq13
                0x10000110                isr_irq43
                0x10000110                isr_irq45
                0x10000110                isr_irq27
                0x10000110                isr_irq32
                0x10000110                isr_irq31
                0x10000110                isr_irq5
                0x10000110                isr_irq11
                0x10000110                isr_irq23
                0x10000110                isr_usagefault
                0x10000110                isr_irq48
                0x10000110                isr_irq35
                0x10000110                isr_irq18
                0x10000110                isr_irq50
                0x10000110                isr_irq40
                0x10000110                isr_irq28
                0x10000110                isr_irq19
                0x10000110                isr_irq36
                0x10000110                isr_irq41
                0x10000110                isr_irq0
                0x10000110                isr_irq6
                0x10000110                isr_memmanage
                0x10000110                isr_irq37
                0x10000110                isr_irq42
                0x10000110                isr_irq22
                0x10000110                isr_irq17
                0x10000110                isr_irq38
                0x10000110                isr_irq14
                0x10000110                __vectors_end
                0x10000110                __default_isrs_start
                0x10000110                isr_irq2
                0x10000110                isr_irq10
                0x10000110                isr_irq8
                0x10000110                isr_debugmonitor
                0x10000110                isr_irq24
                0x10000110                isr_irq46
                0x10000110                isr_irq1
                0x10000110                isr_irq47
                0x10000110                isr_irq51
                0x10000110                isr_irq7
                0x10000110                isr_irq21
                0x10000110                isr_irq39
                0x10000110                isr_irq20
                0x10000110                isr_irq15
                0x10000110                isr_irq25
                0x10000110                isr_irq34
                0x10000110                isr_irq4
                0x10000110                isr_busfault
                0x10000110                isr_irq16
                0x10000110                isr_irq44
                0x10000110                isr_irq29
                0x10000110                isr_irq26
                0x10000110                isr_irq33
                0x10000110                isr_irq3
                0x10000110                isr_irq12
                0x10000110                isr_irq9
                0x10000116                unhandled_user_irq_num_in_r0
                0x10000118                isr_invalid
                0x1000011a                isr_nmi
                0x1000011c                isr_hardfault
                0x1000011e                isr_svcall
                0x10000120                isr_pendsv
                0x10000122                isr_systick
                0x10000124                __default_isrs_end
 *(.binary_info_header)
 .binary_info_header
                0x10000124       0x14 CMakeFiles/handshake.dir/home/olof/pico-sdk/src/rp2_common/pico_crt0/crt0.S.o
                0x10000138                        __binary_info_header_end = .
 *(.embedded_block)
 .embedded_block
                0x10000138       0x14 CMakeFiles/handshake.dir/home/olof/pico-sdk/src/rp2_common/pico_crt0/crt0.S.o
                0x1000014c                        __embedded_block_end = .
 *(.reset)
 .reset         0x1000014c       0x98 CMakeFiles/handshake.dir/home/olof/pico-sdk/src/rp2_common/pico_crt0/crt0.S.o
                0x1000014c                _entry_point
 *(.init)
 .init          0x100001e4        0x4 /usr/lib/gcc/arm-none-eabi/14.2.1/thumb/v8-m.main+fp/softfp/crti.o
                0x100001e4                _init
 *libgcc.a:cmse_nonsecure_call.o()
 *(EXCLUDE_FILE(*libm.a: *libc.a:*lib_a-mem*.o *libgcc.a:) .text*)
 .text          0x100001e8       0x8c /usr/lib/gcc/arm-none-eabi/14.2.1/thumb/v8-m.main+fp/softfp/crtbegin.o
 .text.task_a   0x10000274       0x54 CMakeFiles/handshake.dir/main.c.o
                0x10000274                task_a
 .text.task_b   0x100002c8       0x54 CMakeFiles/handshake.dir/main.c.o
                0x100002c8                task_b
 .text.startup.main
                0x1000031c       0x58 CMakeFiles/handshake.dir/main.c.o
                0x1000031c                main
 .text.BSP_Init
                0x10000374      0x220 CMakeFiles/handshake.dir/home/olof/programs/school/embedded/2/ES-Lab-Kit/Software/bsp/bsp.c.o
                0x10000374                BSP_Init
 .text.BSP_ShiftRegWriteAll
                0x10000594       0x54 CMakeFiles/handshake.dir/home/olof/programs/school/embedded/2/ES-Lab-Kit/Software/bsp/bsp.c.o
                0x10000594                BSP_ShiftRegWriteAll
 .text.BSP_SetLED
                0x100005e8       0x20 CMakeFiles/handshake.dir/home/olof/programs/school/embedded/2/ES-Lab-Kit/Software/bsp/bsp.c.o
                0x100005e8                BSP_SetLED
 .text.pwm_gpio_to_slice_num
                0x10000608       0x14 CMakeFiles/handshake.dir/home/olof/programs/school/embedded/2/ES-Lab-Kit/Software/bsp/bsp.c.o
 .text.pwm_set_wrap
                0x1000061c       0x14 CMakeFiles/handshake.dir/home/olof/programs/school/embedded/2/ES-Lab-Kit/Software/bsp/bsp.c.o
 .text.pwm_set_gpio_level
                0x10000630       0x40 CMakeFiles/handshake.dir/home/olof/programs/school/embedded/2/ES-Lab-Kit/Software/bsp/bsp.c.o
 .text.pwm_set_enabled
                0x10000670       0x20 CMakeFiles/handshake.dir/home/olof/programs/school/embedded/2/ES-Lab-Kit/Software/bsp/bsp.c.o
 .text.gpio_put
                0x10000690        0x8 CMakeFiles/handshake.dir/home/olof/programs/school/embedded/2/ES-Lab-Kit/Software/bsp/bsp.c.o
 .text.gpio_set_dir
                0x10000698        0x8 CMakeFiles/handshake.dir/home/olof/programs/school/embedded/2/ES-Lab-Kit/Software/bsp/bsp.c.o
 .text.gpio_pull_up
                0x100006a0        0x8 CMakeFiles/handshake.dir/home/olof/programs/school/embedded/2/ES-Lab-Kit/Software/bsp/bsp.c.o
 .text.i2c_write_byte
                0x100006a8       0x2c CMakeFiles/handshake.dir/home/olof/programs/school/embedded/2/ES-Lab-Kit/Software/bsp/ht16k33.c.o
                0x100006a8                i2c_write_byte
 .text.ht16k33_init
                0x100006d4       0x24 CMakeFiles/handshake.dir/home/olof/programs/school/embedded/2/ES-Lab-Kit/Software/bsp/ht16k33.c.o
                0x100006d4                ht16k33_init
 .text.ht16k33_display_set
                0x100006f8       0x44 CMakeFiles/handshake.dir/home/olof/programs/school/embedded/2/ES-Lab-Kit/Software/bsp/ht16k33.c.o
 .text.ht16k33_clear_all
                0x1000073c       0x28 CMakeFiles/handshake.dir/home/olof/programs/school/embedded/2/ES-Lab-Kit/Software/bsp/ht16k33.c.o
                0x1000073c                ht16k33_clear_all
 .text.mma8452q_setScale
                0x10000764      0x118 CMakeFiles/handshake.dir/home/olof/programs/school/embedded/2/ES-Lab-Kit/Software/bsp/mma8452q.c.o
                0x10000764                mma8452q_setScale
 .text.mma8452q_setDataRate
                0x1000087c      0x110 CMakeFiles/handshake.dir/home/olof/programs/school/embedded/2/ES-Lab-Kit/Software/bsp/mma8452q.c.o
                0x1000087c                mma8452q_setDataRate
 .text.setupTap
                0x1000098c      0x1ac CMakeFiles/handshake.dir/home/olof/programs/school/embedded/2/ES-Lab-Kit/Software/bsp/mma8452q.c.o
                0x1000098c                setupTap
 .text.mma8452q_init
                0x10000b38      0x168 CMakeFiles/handshake.dir/home/olof/programs/school/embedded/2/ES-Lab-Kit/Software/bsp/mma8452q.c.o
                0x10000b38                mma8452q_init
 .text.psram_setup
                0x10000ca0        0x4 CMakeFiles/handshake.dir/home/olof/programs/school/embedded/2/ES-Lab-Kit/Software/bsp/psram.c.o
                0x10000ca0                psram_setup
 .text.gpio_set_function
                0x10000ca4       0x3c CMakeFiles/handshake.dir/home/olof/pico-sdk/src/rp2_common/hardware_gpio/gpio.c.o
                0x10000ca4                gpio_set_function
 .text.gpio_set_pulls
                0x10000ce0       0x28 CMakeFiles/handshake.dir/home/olof/pico-sdk/src/rp2_common/hardware_gpio/gpio.c.o
                0x10000ce0                gpio_set_pulls
 .text.gpio_init
                0x10000d08       0x48 CMakeFiles/handshake.dir/home/olof/pico-sdk/src/rp2_common/hardware_gpio/gpio.c.o
                0x10000d08                gpio_init
 .text.panic    0x10000d50       0x30 CMakeFiles/handshake.dir/home/olof/pico-sdk/src/rp2_common/pico_platform_panic/panic.c.o
                0x10000d50                panic
 .text.hw_claim_lock
                0x10000d80       0x24 CMakeFiles/handshake.dir/home/olof/pico-sdk/src/common/hardware_claim/claim.c.o
                0x10000d80                hw_claim_lock
 .text.hw_claim_unlock
                0x10000da4       0x14 CMakeFiles/handshake.dir/home/olof/pico-sdk/src/common/hardware_claim/claim.c.o
                0x10000da4                hw_claim_unlock
 .text.hw_claim_or_assert
                0x10000db8       0x58 CMakeFiles/handshake.dir/home/olof/pico-sdk/src/common/hardware_claim/claim.c.o
                0x10000db8                hw_claim_or_assert
 .text.next_striped_spin_lock_num
                0x10000e10       0x18 CMakeFiles/handshake.dir/home/olof/pico-sdk/src/rp2_common/hardware_sync/sync.c.o
                0x10000e10                next_striped_spin_lock_num
 .text.spin_lock_claim
                0x10000e28       0x14 CMakeFiles/handshake.dir/home/olof/pico-sdk/src/rp2_common/hardware_sync/sync.c.o
                0x10000e28                spin_lock_claim
 .text.spinlock_set_extexclall
                0x10000e3c       0x10 CMakeFiles/handshake.dir/home/olof/pico-sdk/src/rp2_common/hardware_sync_spin_lock/sync_spin_lock.c.o
 .text.spin_locks_reset
                0x10000e4c       0x18 CMakeFiles/handshake.dir/home/olof/pico-sdk/src/rp2_common/hardware_sync_spin_lock/sync_spin_lock.c.o
                0x10000e4c                spin_locks_reset
 .text.runtime_init_per_core_irq_priorities
                0x10000e64       0x40 CMakeFiles/handshake.dir/home/olof/pico-sdk/src/rp2_common/hardware_irq/irq.c.o
                0x10000e64                runtime_init_per_core_irq_priorities
 .text.irq_set_enabled
                0x10000ea4       0x2c CMakeFiles/handshake.dir/home/olof/pico-sdk/src/rp2_common/hardware_irq/irq.c.o
                0x10000ea4                irq_set_enabled
 .text.irq_is_enabled
                0x10000ed0       0x20 CMakeFiles/handshake.dir/home/olof/pico-sdk/src/rp2_common/hardware_irq/irq.c.o
                0x10000ed0                irq_is_enabled
 .text.irq_set_exclusive_handler
                0x10000ef0       0x60 CMakeFiles/handshake.dir/home/olof/pico-sdk/src/rp2_common/hardware_irq/irq.c.o
                0x10000ef0                irq_set_exclusive_handler
 .text.irq_remove_handler
                0x10000f50      0x1f4 CMakeFiles/handshake.dir/home/olof/pico-sdk/src/rp2_common/hardware_irq/irq.c.o
                0x10000f50                irq_remove_handler
 .text.irq_set_priority
                0x10001144       0x28 CMakeFiles/handshake.dir/home/olof/pico-sdk/src/rp2_common/hardware_irq/irq.c.o
                0x10001144                irq_set_priority
 .text.irq_add_tail_to_free_list
                0x1000116c       0xbc CMakeFiles/handshake.dir/home/olof/pico-sdk/src/rp2_common/hardware_irq/irq.c.o
                0x1000116c                irq_add_tail_to_free_list
 .text.lock_init
                0x10001228        0xc CMakeFiles/handshake.dir/home/olof/pico-sdk/src/common/pico_sync/lock_core.c.o
                0x10001228                lock_init
 .text.runtime_init_mutex
                0x10001234       0x54 CMakeFiles/handshake.dir/home/olof/pico-sdk/src/common/pico_sync/mutex.c.o
                0x10001234                runtime_init_mutex
 .text.alarm_pool_irq_handler
                0x10001288      0x2f0 CMakeFiles/handshake.dir/home/olof/pico-sdk/src/common/pico_time/time.c.o
 .text.sleep_until_callback
                0x10001578       0x34 CMakeFiles/handshake.dir/home/olof/pico-sdk/src/common/pico_time/time.c.o
 .text.runtime_init_default_alarm_pool
                0x100015ac      0x100 CMakeFiles/handshake.dir/home/olof/pico-sdk/src/common/pico_time/time.c.o
                0x100015ac                runtime_init_default_alarm_pool
 .text.alarm_pool_add_alarm_at_force_in_context
                0x100016ac       0xc8 CMakeFiles/handshake.dir/home/olof/pico-sdk/src/common/pico_time/time.c.o
                0x100016ac                alarm_pool_add_alarm_at_force_in_context
 .text.alarm_pool_cancel_alarm
                0x10001774       0x80 CMakeFiles/handshake.dir/home/olof/pico-sdk/src/common/pico_time/time.c.o
                0x10001774                alarm_pool_cancel_alarm
 .text.sleep_ms
                0x100017f4       0xd8 CMakeFiles/handshake.dir/home/olof/pico-sdk/src/common/pico_time/time.c.o
                0x100017f4                sleep_ms
 .text.best_effort_wfe_or_timeout
                0x100018cc       0xd4 CMakeFiles/handshake.dir/home/olof/pico-sdk/src/common/pico_time/time.c.o
                0x100018cc                best_effort_wfe_or_timeout
 .text.timer_hardware_alarm_claim
                0x100019a0       0x24 CMakeFiles/handshake.dir/home/olof/pico-sdk/src/rp2_common/hardware_timer/timer.c.o
                0x100019a0                timer_hardware_alarm_claim
 .text.timer_time_us_64
                0x100019c4       0x10 CMakeFiles/handshake.dir/home/olof/pico-sdk/src/rp2_common/hardware_timer/timer.c.o
                0x100019c4                timer_time_us_64
 .text.time_us_64
                0x100019d4       0x14 CMakeFiles/handshake.dir/home/olof/pico-sdk/src/rp2_common/hardware_timer/timer.c.o
                0x100019d4                time_us_64
 .text.busy_wait_us
                0x100019e8       0x5c CMakeFiles/handshake.dir/home/olof/pico-sdk/src/rp2_common/hardware_timer/timer.c.o
                0x100019e8                busy_wait_us
 .text.busy_wait_until
                0x10001a44       0x24 CMakeFiles/handshake.dir/home/olof/pico-sdk/src/rp2_common/hardware_timer/timer.c.o
                0x10001a44                busy_wait_until
 .text.uart_init
                0x10001a68      0x104 CMakeFiles/handshake.dir/home/olof/pico-sdk/src/rp2_common/hardware_uart/uart.c.o
                0x10001a68                uart_init
 .text.clock_configure_undivided
                0x10001b6c       0xd0 CMakeFiles/handshake.dir/home/olof/pico-sdk/src/rp2_common/hardware_clocks/clocks.c.o
                0x10001b6c                clock_configure_undivided
 .text.clock_get_hz
                0x10001c3c        0xc CMakeFiles/handshake.dir/home/olof/pico-sdk/src/rp2_common/hardware_clocks/clocks.c.o
                0x10001c3c                clock_get_hz
 .text.pll_init
                0x10001c48       0x8c CMakeFiles/handshake.dir/home/olof/pico-sdk/src/rp2_common/hardware_pll/pll.c.o
                0x10001c48                pll_init
 .text.tick_start
                0x10001cd4       0x18 CMakeFiles/handshake.dir/home/olof/pico-sdk/src/rp2_common/hardware_ticks/ticks.c.o
                0x10001cd4                tick_start
 .text.rom_func_lookup
                0x10001cec       0x18 CMakeFiles/handshake.dir/home/olof/pico-sdk/src/rp2_common/pico_bootrom/bootrom.c.o
                0x10001cec                rom_func_lookup
 .text.runtime_init_bootrom_locking_enable
                0x10001d04       0x14 CMakeFiles/handshake.dir/home/olof/pico-sdk/src/rp2_common/pico_bootrom/bootrom_lock.c.o
                0x10001d04                runtime_init_bootrom_locking_enable
 .text.runtime_init_boot_locks_reset
                0x10001d18       0x1c CMakeFiles/handshake.dir/home/olof/pico-sdk/src/rp2_common/hardware_boot_lock/boot_lock.c.o
                0x10001d18                runtime_init_boot_locks_reset
 .text.xosc_init
                0x10001d34       0x30 CMakeFiles/handshake.dir/home/olof/pico-sdk/src/rp2_common/hardware_xosc/xosc.c.o
                0x10001d34                xosc_init
 .text.first_per_core_initializer
                0x10001d64        0x4 CMakeFiles/handshake.dir/home/olof/pico-sdk/src/rp2_common/pico_runtime/runtime.c.o
 .text.hard_assertion_failure
                0x10001d68        0xc CMakeFiles/handshake.dir/home/olof/pico-sdk/src/rp2_common/pico_runtime/runtime.c.o
                0x10001d68                hard_assertion_failure
 .text.runtime_run_initializers
                0x10001d74       0x20 CMakeFiles/handshake.dir/home/olof/pico-sdk/src/rp2_common/pico_runtime/runtime.c.o
                0x10001d74                runtime_run_initializers
 .text.runtime_run_per_core_initializers
                0x10001d94       0x20 CMakeFiles/handshake.dir/home/olof/pico-sdk/src/rp2_common/pico_runtime/runtime.c.o
                0x10001d94                runtime_run_per_core_initializers
 .text.runtime_init_early_resets
                0x10001db4       0x34 CMakeFiles/handshake.dir/home/olof/pico-sdk/src/rp2_common/pico_runtime_init/runtime_init.c.o
                0x10001db4                runtime_init_early_resets
 .text.runtime_init_usb_power_down
                0x10001de8       0x1c CMakeFiles/handshake.dir/home/olof/pico-sdk/src/rp2_common/pico_runtime_init/runtime_init.c.o
                0x10001de8                runtime_init_usb_power_down
 .text.runtime_init_per_core_enable_coprocessors
                0x10001e04       0x1c CMakeFiles/handshake.dir/home/olof/pico-sdk/src/rp2_common/pico_runtime_init/runtime_init.c.o
                0x10001e04                runtime_init_per_core_enable_coprocessors
 .text.runtime_init_post_clock_resets
                0x10001e20       0x20 CMakeFiles/handshake.dir/home/olof/pico-sdk/src/rp2_common/pico_runtime_init/runtime_init.c.o
                0x10001e20                runtime_init_post_clock_resets
 .text.runtime_init_bootrom_reset
                0x10001e40       0x14 CMakeFiles/handshake.dir/home/olof/pico-sdk/src/rp2_common/pico_runtime_init/runtime_init.c.o
                0x10001e40                runtime_init_bootrom_reset
 .text.runtime_init_per_core_bootrom_reset
                0x10001e54       0x14 CMakeFiles/handshake.dir/home/olof/pico-sdk/src/rp2_common/pico_runtime_init/runtime_init.c.o
                0x10001e54                runtime_init_per_core_bootrom_reset
 .text.runtime_init_spin_locks_reset
                0x10001e68        0x4 CMakeFiles/handshake.dir/home/olof/pico-sdk/src/rp2_common/pico_runtime_init/runtime_init.c.o
                0x10001e68                runtime_init_spin_locks_reset
 .text.runtime_init_install_ram_vector_table
                0x10001e6c       0x68 CMakeFiles/handshake.dir/home/olof/pico-sdk/src/rp2_common/pico_runtime_init/runtime_init.c.o
                0x10001e6c                runtime_init_install_ram_vector_table
 .text.runtime_init_clocks
                0x10001ed4       0xdc CMakeFiles/handshake.dir/home/olof/pico-sdk/src/rp2_common/pico_runtime_init/runtime_init_clocks.c.o
                0x10001ed4                runtime_init_clocks
 .text._out_char
                0x10001fb0        0x8 CMakeFiles/handshake.dir/home/olof/pico-sdk/src/rp2_common/pico_printf/printf.c.o
 .text.weak_raw_vprintf
                0x10001fb8       0x30 CMakeFiles/handshake.dir/home/olof/pico-sdk/src/rp2_common/pico_printf/printf.c.o
                0x10001fb8                weak_raw_vprintf
 .text._exit    0x10001fe8        0x4 CMakeFiles/handshake.dir/home/olof/pico-sdk/src/rp2_common/pico_clib_interface/newlib_interface.c.o
                0x10001fe8                _exit
 .text.exit     0x10001fec        0x8 CMakeFiles/handshake.dir/home/olof/pico-sdk/src/rp2_common/pico_clib_interface/newlib_interface.c.o
                0x10001fec                exit
 .text.runtime_init
                0x10001ff4       0x24 CMakeFiles/handshake.dir/home/olof/pico-sdk/src/rp2_common/pico_clib_interface/newlib_interface.c.o
                0x10001ff4                runtime_init
 .text.stdio_out_chars_no_crlf
                0x10002018        0x8 CMakeFiles/handshake.dir/home/olof/pico-sdk/src/rp2_common/pico_stdio/stdio.c.o
 .text.stdio_out_chars_crlf
                0x10002020       0xb0 CMakeFiles/handshake.dir/home/olof/pico-sdk/src/rp2_common/pico_stdio/stdio.c.o
 .text.stdio_put_string
                0x100020d0       0xec CMakeFiles/handshake.dir/home/olof/pico-sdk/src/rp2_common/pico_stdio/stdio.c.o
                0x100020d0                stdio_put_string
 .text.stdio_set_driver_enabled
                0x100021bc       0x28 CMakeFiles/handshake.dir/home/olof/pico-sdk/src/rp2_common/pico_stdio/stdio.c.o
                0x100021bc                stdio_set_driver_enabled
 .text.stdio_init_all
                0x100021e4        0xc CMakeFiles/handshake.dir/home/olof/pico-sdk/src/rp2_common/pico_stdio/stdio.c.o
                0x100021e4                stdio_init_all
 .text.__wrap_putchar
                0x100021f0       0x84 CMakeFiles/handshake.dir/home/olof/pico-sdk/src/rp2_common/pico_stdio/stdio.c.o
                0x100021f0                stdio_putchar
                0x100021f0                __wrap_putchar
 .text.__wrap_puts
                0x10002274       0x3c CMakeFiles/handshake.dir/home/olof/pico-sdk/src/rp2_common/pico_stdio/stdio.c.o
                0x10002274                __wrap_puts
                0x10002274                stdio_puts
 .text.stdio_uart_out_chars
                0x100022b0       0x50 CMakeFiles/handshake.dir/home/olof/pico-sdk/src/rp2_common/pico_stdio_uart/stdio_uart.c.o
 .text.stdio_uart_in_chars
                0x10002300       0x94 CMakeFiles/handshake.dir/home/olof/pico-sdk/src/rp2_common/pico_stdio_uart/stdio_uart.c.o
                0x10002300                stdio_uart_in_chars
 .text.on_uart_rx
                0x10002394       0x24 CMakeFiles/handshake.dir/home/olof/pico-sdk/src/rp2_common/pico_stdio_uart/stdio_uart.c.o
 .text.stdio_uart_out_flush
                0x100023b8       0x10 CMakeFiles/handshake.dir/home/olof/pico-sdk/src/rp2_common/pico_stdio_uart/stdio_uart.c.o
 .text.stdio_uart_set_chars_available_callback
                0x100023c8       0x88 CMakeFiles/handshake.dir/home/olof/pico-sdk/src/rp2_common/pico_stdio_uart/stdio_uart.c.o
 .text.stdio_uart_init
                0x10002450       0x54 CMakeFiles/handshake.dir/home/olof/pico-sdk/src/rp2_common/pico_stdio_uart/stdio_uart.c.o
                0x10002450                stdio_uart_init
 .text.core1_trampoline
                0x100024a4        0x4 CMakeFiles/handshake.dir/home/olof/pico-sdk/src/rp2_common/pico_multicore/multicore.c.o
 .text.core1_wrapper
                0x100024a8       0x10 CMakeFiles/handshake.dir/home/olof/pico-sdk/src/rp2_common/pico_multicore/multicore.c.o
                0x100024a8                core1_wrapper
 .text.multicore_launch_core1_raw
                0x100024b8       0x84 CMakeFiles/handshake.dir/home/olof/pico-sdk/src/rp2_common/pico_multicore/multicore.c.o
                0x100024b8                multicore_launch_core1_raw
 .text.multicore_launch_core1
                0x1000253c       0x48 CMakeFiles/handshake.dir/home/olof/pico-sdk/src/rp2_common/pico_multicore/multicore.c.o
                0x1000253c                multicore_launch_core1
 .text.multicore_doorbell_claim_unused
                0x10002584       0xf8 CMakeFiles/handshake.dir/home/olof/pico-sdk/src/rp2_common/pico_multicore/multicore.c.o
                0x10002584                multicore_doorbell_claim_unused
 .text.spi_init
                0x1000267c       0xf4 CMakeFiles/handshake.dir/home/olof/pico-sdk/src/rp2_common/hardware_spi/spi.c.o
                0x1000267c                spi_init
 .text.i2c_read_blocking_internal.constprop.0
                0x10002770       0x70 CMakeFiles/handshake.dir/home/olof/pico-sdk/src/rp2_common/hardware_i2c/i2c.c.o
 .text.i2c_write_blocking_internal.constprop.0
                0x100027e0       0x9c CMakeFiles/handshake.dir/home/olof/pico-sdk/src/rp2_common/hardware_i2c/i2c.c.o
 .text.i2c_set_baudrate
                0x1000287c       0xa4 CMakeFiles/handshake.dir/home/olof/pico-sdk/src/rp2_common/hardware_i2c/i2c.c.o
                0x1000287c                i2c_set_baudrate
 .text.i2c_init
                0x10002920       0x4c CMakeFiles/handshake.dir/home/olof/pico-sdk/src/rp2_common/hardware_i2c/i2c.c.o
                0x10002920                i2c_init
 .text.i2c_write_blocking
                0x1000296c       0x10 CMakeFiles/handshake.dir/home/olof/pico-sdk/src/rp2_common/hardware_i2c/i2c.c.o
                0x1000296c                i2c_write_blocking
 .text.i2c_read_blocking
                0x1000297c       0x10 CMakeFiles/handshake.dir/home/olof/pico-sdk/src/rp2_common/hardware_i2c/i2c.c.o
                0x1000297c                i2c_read_blocking
 .text.pvPortMalloc
                0x1000298c      0x114 CMakeFiles/handshake.dir/home/olof/programs/school/embedded/2/ES-Lab-Kit/Software/FreeRTOS-Kernel/portable/MemMang/heap_4.c.o
                0x1000298c                pvPortMalloc
 .text.vPortFree
                0x10002aa0       0xa4 CMakeFiles/handshake.dir/home/olof/programs/school/embedded/2/ES-Lab-Kit/Software/FreeRTOS-Kernel/portable/MemMang/heap_4.c.o
                0x10002aa0                vPortFree
 .text.prvDoorbellInterruptHandler
                0x10002b44       0x30 CMakeFiles/handshake.dir/home/olof/programs/school/embedded/2/ES-Lab-Kit/Software/FreeRTOS-Kernel/portable/ThirdParty/GCC/RP2350_ARM_NTZ/non_secure/port.c.o
 .text.prvTaskExitError
                0x10002b74       0x18 CMakeFiles/handshake.dir/home/olof/programs/school/embedded/2/ES-Lab-Kit/Software/FreeRTOS-Kernel/portable/ThirdParty/GCC/RP2350_ARM_NTZ/non_secure/port.c.o
 .text.SysTick_Handler
                0x10002b8c       0x24 CMakeFiles/handshake.dir/home/olof/programs/school/embedded/2/ES-Lab-Kit/Software/FreeRTOS-Kernel/portable/ThirdParty/GCC/RP2350_ARM_NTZ/non_secure/port.c.o
                0x10002b8c                SysTick_Handler
 .text.vPortSetupTimerInterrupt
                0x10002bb0       0x2c CMakeFiles/handshake.dir/home/olof/programs/school/embedded/2/ES-Lab-Kit/Software/FreeRTOS-Kernel/portable/ThirdParty/GCC/RP2350_ARM_NTZ/non_secure/port.c.o
                0x10002bb0                vPortSetupTimerInterrupt
 .text.xPortStartSchedulerOnCore.isra.0
                0x10002bdc      0x10c CMakeFiles/handshake.dir/home/olof/programs/school/embedded/2/ES-Lab-Kit/Software/FreeRTOS-Kernel/portable/ThirdParty/GCC/RP2350_ARM_NTZ/non_secure/port.c.o
 .text.prvDisableInterruptsAndPortStartSchedulerOnCore
                0x10002ce8       0x10 CMakeFiles/handshake.dir/home/olof/programs/school/embedded/2/ES-Lab-Kit/Software/FreeRTOS-Kernel/portable/ThirdParty/GCC/RP2350_ARM_NTZ/non_secure/port.c.o
 .text.vPortYield
                0x10002cf8       0x18 CMakeFiles/handshake.dir/home/olof/programs/school/embedded/2/ES-Lab-Kit/Software/FreeRTOS-Kernel/portable/ThirdParty/GCC/RP2350_ARM_NTZ/non_secure/port.c.o
                0x10002cf8                vPortYield
 .text.vPortSVCHandler_C
                0x10002d10       0x2c CMakeFiles/handshake.dir/home/olof/programs/school/embedded/2/ES-Lab-Kit/Software/FreeRTOS-Kernel/portable/ThirdParty/GCC/RP2350_ARM_NTZ/non_secure/port.c.o
                0x10002d10                vPortSVCHandler_C
 .text.pxPortInitialiseStack
                0x10002d3c       0x78 CMakeFiles/handshake.dir/home/olof/programs/school/embedded/2/ES-Lab-Kit/Software/FreeRTOS-Kernel/portable/ThirdParty/GCC/RP2350_ARM_NTZ/non_secure/port.c.o
                0x10002d3c                pxPortInitialiseStack
 .text.xPortStartScheduler
                0x10002db4       0x50 CMakeFiles/handshake.dir/home/olof/programs/school/embedded/2/ES-Lab-Kit/Software/FreeRTOS-Kernel/portable/ThirdParty/GCC/RP2350_ARM_NTZ/non_secure/port.c.o
                0x10002db4                xPortStartScheduler
 .text.vPortValidateInterruptPriority
                0x10002e04       0x14 CMakeFiles/handshake.dir/home/olof/programs/school/embedded/2/ES-Lab-Kit/Software/FreeRTOS-Kernel/portable/ThirdParty/GCC/RP2350_ARM_NTZ/non_secure/port.c.o
                0x10002e04                vPortValidateInterruptPriority
 .text.ulPortLockGetCurrentOwnerId
                0x10002e18       0x2c CMakeFiles/handshake.dir/home/olof/programs/school/embedded/2/ES-Lab-Kit/Software/FreeRTOS-Kernel/portable/ThirdParty/GCC/RP2350_ARM_NTZ/non_secure/port.c.o
                0x10002e18                ulPortLockGetCurrentOwnerId
 .text.vPortLockInternalSpinUnlockWithWait
                0x10002e44       0x64 CMakeFiles/handshake.dir/home/olof/programs/school/embedded/2/ES-Lab-Kit/Software/FreeRTOS-Kernel/portable/ThirdParty/GCC/RP2350_ARM_NTZ/non_secure/port.c.o
                0x10002e44                vPortLockInternalSpinUnlockWithWait
 .text.vPortLockInternalSpinUnlockWithNotify
                0x10002ea8       0x90 CMakeFiles/handshake.dir/home/olof/programs/school/embedded/2/ES-Lab-Kit/Software/FreeRTOS-Kernel/portable/ThirdParty/GCC/RP2350_ARM_NTZ/non_secure/port.c.o
                0x10002ea8                vPortLockInternalSpinUnlockWithNotify
 .text.xPortLockInternalSpinUnlockWithBestEffortWaitOrTimeout
                0x10002f38       0xf4 CMakeFiles/handshake.dir/home/olof/programs/school/embedded/2/ES-Lab-Kit/Software/FreeRTOS-Kernel/portable/ThirdParty/GCC/RP2350_ARM_NTZ/non_secure/port.c.o
                0x10002f38                xPortLockInternalSpinUnlockWithBestEffortWaitOrTimeout
 .text.startup.prvRuntimeInitializer
                0x1000302c       0x18 CMakeFiles/handshake.dir/home/olof/programs/school/embedded/2/ES-Lab-Kit/Software/FreeRTOS-Kernel/portable/ThirdParty/GCC/RP2350_ARM_NTZ/non_secure/port.c.o
 .text.vYieldCore
                0x10003044       0x18 CMakeFiles/handshake.dir/home/olof/programs/school/embedded/2/ES-Lab-Kit/Software/FreeRTOS-Kernel/portable/ThirdParty/GCC/RP2350_ARM_NTZ/non_secure/port.c.o
                0x10003044                vYieldCore
 *fill*         0x1000305c        0x4 
 .text.vRestoreContextOfFirstTask
                0x10003060       0x38 CMakeFiles/handshake.dir/home/olof/programs/school/embedded/2/ES-Lab-Kit/Software/FreeRTOS-Kernel/portable/ThirdParty/GCC/RP2350_ARM_NTZ/non_secure/portasm.c.o
                0x10003060                vRestoreContextOfFirstTask
 .text.vStartFirstTask
                0x10003098       0x10 CMakeFiles/handshake.dir/home/olof/programs/school/embedded/2/ES-Lab-Kit/Software/FreeRTOS-Kernel/portable/ThirdParty/GCC/RP2350_ARM_NTZ/non_secure/portasm.c.o
                0x10003098                vStartFirstTask
 .text.ulSetInterruptMask
                0x100030a8       0x18 CMakeFiles/handshake.dir/home/olof/programs/school/embedded/2/ES-Lab-Kit/Software/FreeRTOS-Kernel/portable/ThirdParty/GCC/RP2350_ARM_NTZ/non_secure/portasm.c.o
                0x100030a8                ulSetInterruptMask
 .text.vClearInterruptMask
                0x100030c0       0x10 CMakeFiles/handshake.dir/home/olof/programs/school/embedded/2/ES-Lab-Kit/Software/FreeRTOS-Kernel/portable/ThirdParty/GCC/RP2350_ARM_NTZ/non_secure/portasm.c.o
                0x100030c0                vClearInterruptMask
 .text.PendSV_Handler
                0x100030d0       0x98 CMakeFiles/handshake.dir/home/olof/programs/school/embedded/2/ES-Lab-Kit/Software/FreeRTOS-Kernel/portable/ThirdParty/GCC/RP2350_ARM_NTZ/non_secure/portasm.c.o
                0x100030d0                PendSV_Handler
 .text.SVC_Handler
                0x10003168       0x18 CMakeFiles/handshake.dir/home/olof/programs/school/embedded/2/ES-Lab-Kit/Software/FreeRTOS-Kernel/portable/ThirdParty/GCC/RP2350_ARM_NTZ/non_secure/portasm.c.o
                0x10003168                SVC_Handler
 .text.vEventGroupSetBitsCallback
                0x10003180       0x64 CMakeFiles/handshake.dir/home/olof/programs/school/embedded/2/ES-Lab-Kit/Software/FreeRTOS-Kernel/event_groups.c.o
                0x10003180                vEventGroupSetBitsCallback
 .text.xEventGroupCreateStatic
                0x100031e4       0x20 CMakeFiles/handshake.dir/home/olof/programs/school/embedded/2/ES-Lab-Kit/Software/FreeRTOS-Kernel/event_groups.c.o
                0x100031e4                xEventGroupCreateStatic
 .text.xEventGroupWaitBits
                0x10003204       0xb0 CMakeFiles/handshake.dir/home/olof/programs/school/embedded/2/ES-Lab-Kit/Software/FreeRTOS-Kernel/event_groups.c.o
                0x10003204                xEventGroupWaitBits
 .text.xEventGroupSetBits
                0x100032b4       0x68 CMakeFiles/handshake.dir/home/olof/programs/school/embedded/2/ES-Lab-Kit/Software/FreeRTOS-Kernel/event_groups.c.o
                0x100032b4                xEventGroupSetBits
 .text.xEventGroupSetBitsFromISR
                0x1000331c       0x1c CMakeFiles/handshake.dir/home/olof/programs/school/embedded/2/ES-Lab-Kit/Software/FreeRTOS-Kernel/event_groups.c.o
                0x1000331c                xEventGroupSetBitsFromISR
 .text.vListInitialise
                0x10003338       0x18 CMakeFiles/handshake.dir/home/olof/programs/school/embedded/2/ES-Lab-Kit/Software/FreeRTOS-Kernel/list.c.o
                0x10003338                vListInitialise
 .text.vListInitialiseItem
                0x10003350        0x8 CMakeFiles/handshake.dir/home/olof/programs/school/embedded/2/ES-Lab-Kit/Software/FreeRTOS-Kernel/list.c.o
                0x10003350                vListInitialiseItem
 .text.vListInsertEnd
                0x10003358       0x1c CMakeFiles/handshake.dir/home/olof/programs/school/embedded/2/ES-Lab-Kit/Software/FreeRTOS-Kernel/list.c.o
                0x10003358                vListInsertEnd
 .text.vListInsert
                0x10003374       0x30 CMakeFiles/handshake.dir/home/olof/programs/school/embedded/2/ES-Lab-Kit/Software/FreeRTOS-Kernel/list.c.o
                0x10003374                vListInsert
 .text.uxListRemove
                0x100033a4       0x28 CMakeFiles/handshake.dir/home/olof/programs/school/embedded/2/ES-Lab-Kit/Software/FreeRTOS-Kernel/list.c.o
                0x100033a4                uxListRemove
 .text.prvCopyDataToQueue
                0x100033cc       0x78 CMakeFiles/handshake.dir/home/olof/programs/school/embedded/2/ES-Lab-Kit/Software/FreeRTOS-Kernel/queue.c.o
 .text.prvUnlockQueue
                0x10003444      0x190 CMakeFiles/handshake.dir/home/olof/programs/school/embedded/2/ES-Lab-Kit/Software/FreeRTOS-Kernel/queue.c.o
 .text.prvNotifyQueueSetContainer
                0x100035d4       0x84 CMakeFiles/handshake.dir/home/olof/programs/school/embedded/2/ES-Lab-Kit/Software/FreeRTOS-Kernel/queue.c.o
 .text.xQueueGenericCreateStatic
                0x10003658       0x90 CMakeFiles/handshake.dir/home/olof/programs/school/embedded/2/ES-Lab-Kit/Software/FreeRTOS-Kernel/queue.c.o
                0x10003658                xQueueGenericCreateStatic
 .text.xQueueGenericSendFromISR
                0x100036e8       0xa0 CMakeFiles/handshake.dir/home/olof/programs/school/embedded/2/ES-Lab-Kit/Software/FreeRTOS-Kernel/queue.c.o
                0x100036e8                xQueueGenericSendFromISR
 .text.xQueueReceive
                0x10003788       0xfc CMakeFiles/handshake.dir/home/olof/programs/school/embedded/2/ES-Lab-Kit/Software/FreeRTOS-Kernel/queue.c.o
                0x10003788                xQueueReceive
 .text.vQueueAddToRegistry
                0x10003884      0x130 CMakeFiles/handshake.dir/home/olof/programs/school/embedded/2/ES-Lab-Kit/Software/FreeRTOS-Kernel/queue.c.o
                0x10003884                vQueueAddToRegistry
 .text.vQueueWaitForMessageRestricted
                0x100039b4       0x50 CMakeFiles/handshake.dir/home/olof/programs/school/embedded/2/ES-Lab-Kit/Software/FreeRTOS-Kernel/queue.c.o
                0x100039b4                vQueueWaitForMessageRestricted
 .text.prvPassiveIdleTask
                0x10003a04       0x20 CMakeFiles/handshake.dir/home/olof/programs/school/embedded/2/ES-Lab-Kit/Software/FreeRTOS-Kernel/tasks.c.o
 .text.prvYieldForTask
                0x10003a24       0xe0 CMakeFiles/handshake.dir/home/olof/programs/school/embedded/2/ES-Lab-Kit/Software/FreeRTOS-Kernel/tasks.c.o
 .text.vTaskExitCritical.part.0
                0x10003b04       0x8c CMakeFiles/handshake.dir/home/olof/programs/school/embedded/2/ES-Lab-Kit/Software/FreeRTOS-Kernel/tasks.c.o
 .text.prvInitialiseNewTask.constprop.0
                0x10003b90      0x110 CMakeFiles/handshake.dir/home/olof/programs/school/embedded/2/ES-Lab-Kit/Software/FreeRTOS-Kernel/tasks.c.o
 .text.prvCheckForRunStateChange
                0x10003ca0      0x160 CMakeFiles/handshake.dir/home/olof/programs/school/embedded/2/ES-Lab-Kit/Software/FreeRTOS-Kernel/tasks.c.o
 .text.vTaskSuspendAll.part.0
                0x10003e00       0xf8 CMakeFiles/handshake.dir/home/olof/programs/school/embedded/2/ES-Lab-Kit/Software/FreeRTOS-Kernel/tasks.c.o
 .text.prvCheckTasksWaitingTermination
                0x10003ef8      0x1b4 CMakeFiles/handshake.dir/home/olof/programs/school/embedded/2/ES-Lab-Kit/Software/FreeRTOS-Kernel/tasks.c.o
 .text.prvIdleTask
                0x100040ac       0x1c CMakeFiles/handshake.dir/home/olof/programs/school/embedded/2/ES-Lab-Kit/Software/FreeRTOS-Kernel/tasks.c.o
 .text.prvAddCurrentTaskToDelayedList
                0x100040c8      0x13c CMakeFiles/handshake.dir/home/olof/programs/school/embedded/2/ES-Lab-Kit/Software/FreeRTOS-Kernel/tasks.c.o
 .text.vTaskSuspendAll
                0x10004204       0x10 CMakeFiles/handshake.dir/home/olof/programs/school/embedded/2/ES-Lab-Kit/Software/FreeRTOS-Kernel/tasks.c.o
                0x10004204                vTaskSuspendAll
 .text.xTaskGetTickCount
                0x10004214        0xc CMakeFiles/handshake.dir/home/olof/programs/school/embedded/2/ES-Lab-Kit/Software/FreeRTOS-Kernel/tasks.c.o
                0x10004214                xTaskGetTickCount
 .text.uxTaskGetNumberOfTasks
                0x10004220        0xc CMakeFiles/handshake.dir/home/olof/programs/school/embedded/2/ES-Lab-Kit/Software/FreeRTOS-Kernel/tasks.c.o
                0x10004220                uxTaskGetNumberOfTasks
 .text.xTaskIncrementTick
                0x1000422c      0x234 CMakeFiles/handshake.dir/home/olof/programs/school/embedded/2/ES-Lab-Kit/Software/FreeRTOS-Kernel/tasks.c.o
                0x1000422c                xTaskIncrementTick
 .text.vTaskSwitchContext
                0x10004460      0x314 CMakeFiles/handshake.dir/home/olof/programs/school/embedded/2/ES-Lab-Kit/Software/FreeRTOS-Kernel/tasks.c.o
                0x10004460                vTaskSwitchContext
 .text.vTaskPlaceOnEventList
                0x10004774       0x34 CMakeFiles/handshake.dir/home/olof/programs/school/embedded/2/ES-Lab-Kit/Software/FreeRTOS-Kernel/tasks.c.o
                0x10004774                vTaskPlaceOnEventList
 .text.vTaskPlaceOnUnorderedEventList
                0x100047a8       0xa0 CMakeFiles/handshake.dir/home/olof/programs/school/embedded/2/ES-Lab-Kit/Software/FreeRTOS-Kernel/tasks.c.o
                0x100047a8                vTaskPlaceOnUnorderedEventList
 .text.vTaskPlaceOnEventListRestricted
                0x10004848       0x9c CMakeFiles/handshake.dir/home/olof/programs/school/embedded/2/ES-Lab-Kit/Software/FreeRTOS-Kernel/tasks.c.o
                0x10004848                vTaskPlaceOnEventListRestricted
 .text.xTaskRemoveFromEventList
                0x100048e4       0xc0 CMakeFiles/handshake.dir/home/olof/programs/school/embedded/2/ES-Lab-Kit/Software/FreeRTOS-Kernel/tasks.c.o
                0x100048e4                xTaskRemoveFromEventList
 .text.vTaskInternalSetTimeOutState
                0x100049a4       0x18 CMakeFiles/handshake.dir/home/olof/programs/school/embedded/2/ES-Lab-Kit/Software/FreeRTOS-Kernel/tasks.c.o
                0x100049a4                vTaskInternalSetTimeOutState
 .text.vTaskMissedYield
                0x100049bc       0x14 CMakeFiles/handshake.dir/home/olof/programs/school/embedded/2/ES-Lab-Kit/Software/FreeRTOS-Kernel/tasks.c.o
                0x100049bc                vTaskMissedYield
 .text.xTaskGetCurrentTaskHandle
                0x100049d0       0x20 CMakeFiles/handshake.dir/home/olof/programs/school/embedded/2/ES-Lab-Kit/Software/FreeRTOS-Kernel/tasks.c.o
                0x100049d0                xTaskGetCurrentTaskHandle
 .text.xTaskPriorityDisinherit
                0x100049f0       0xbc CMakeFiles/handshake.dir/home/olof/programs/school/embedded/2/ES-Lab-Kit/Software/FreeRTOS-Kernel/tasks.c.o
                0x100049f0                xTaskPriorityDisinherit
 .text.vTaskYieldWithinAPI
                0x10004aac       0x24 CMakeFiles/handshake.dir/home/olof/programs/school/embedded/2/ES-Lab-Kit/Software/FreeRTOS-Kernel/tasks.c.o
                0x10004aac                vTaskYieldWithinAPI
 .text.vTaskEnterCritical
                0x10004ad0      0x11c CMakeFiles/handshake.dir/home/olof/programs/school/embedded/2/ES-Lab-Kit/Software/FreeRTOS-Kernel/tasks.c.o
                0x10004ad0                vTaskEnterCritical
 .text.prvAddNewTaskToReadyList
                0x10004bec       0xf4 CMakeFiles/handshake.dir/home/olof/programs/school/embedded/2/ES-Lab-Kit/Software/FreeRTOS-Kernel/tasks.c.o
 .text.xTaskCreateStaticAffinitySet
                0x10004ce0      0x150 CMakeFiles/handshake.dir/home/olof/programs/school/embedded/2/ES-Lab-Kit/Software/FreeRTOS-Kernel/tasks.c.o
                0x10004ce0                xTaskCreateStaticAffinitySet
 .text.xTaskCreate
                0x10004e30       0x68 CMakeFiles/handshake.dir/home/olof/programs/school/embedded/2/ES-Lab-Kit/Software/FreeRTOS-Kernel/tasks.c.o
                0x10004e30                xTaskCreate
 .text.vTaskStartScheduler
                0x10004e98      0x16c CMakeFiles/handshake.dir/home/olof/programs/school/embedded/2/ES-Lab-Kit/Software/FreeRTOS-Kernel/tasks.c.o
                0x10004e98                vTaskStartScheduler
 .text.xTaskResumeAll.part.0
                0x10005004      0x1a0 CMakeFiles/handshake.dir/home/olof/programs/school/embedded/2/ES-Lab-Kit/Software/FreeRTOS-Kernel/tasks.c.o
 .text.xTaskResumeAll
                0x100051a4       0x10 CMakeFiles/handshake.dir/home/olof/programs/school/embedded/2/ES-Lab-Kit/Software/FreeRTOS-Kernel/tasks.c.o
                0x100051a4                xTaskResumeAll
 .text.xTaskDelayUntil
                0x100051b4       0x84 CMakeFiles/handshake.dir/home/olof/programs/school/embedded/2/ES-Lab-Kit/Software/FreeRTOS-Kernel/tasks.c.o
                0x100051b4                xTaskDelayUntil
 .text.vTaskRemoveFromUnorderedEventList
                0x10005238       0x94 CMakeFiles/handshake.dir/home/olof/programs/school/embedded/2/ES-Lab-Kit/Software/FreeRTOS-Kernel/tasks.c.o
                0x10005238                vTaskRemoveFromUnorderedEventList
 .text.xTaskCheckForTimeOut
                0x100052cc       0xa4 CMakeFiles/handshake.dir/home/olof/programs/school/embedded/2/ES-Lab-Kit/Software/FreeRTOS-Kernel/tasks.c.o
                0x100052cc                xTaskCheckForTimeOut
 .text.vTaskEnterCriticalFromISR
                0x10005370       0x94 CMakeFiles/handshake.dir/home/olof/programs/school/embedded/2/ES-Lab-Kit/Software/FreeRTOS-Kernel/tasks.c.o
                0x10005370                vTaskEnterCriticalFromISR
 .text.vTaskExitCritical
                0x10005404       0x98 CMakeFiles/handshake.dir/home/olof/programs/school/embedded/2/ES-Lab-Kit/Software/FreeRTOS-Kernel/tasks.c.o
                0x10005404                vTaskExitCritical
 .text.vTaskExitCriticalFromISR
                0x1000549c       0x64 CMakeFiles/handshake.dir/home/olof/programs/school/embedded/2/ES-Lab-Kit/Software/FreeRTOS-Kernel/tasks.c.o
                0x1000549c                vTaskExitCriticalFromISR
 .text.uxTaskResetEventItemValue
                0x10005500       0x44 CMakeFiles/handshake.dir/home/olof/programs/school/embedded/2/ES-Lab-Kit/Software/FreeRTOS-Kernel/tasks.c.o
                0x10005500                uxTaskResetEventItemValue
 .text.xTaskGenericNotifyWait
                0x10005544      0x16c CMakeFiles/handshake.dir/home/olof/programs/school/embedded/2/ES-Lab-Kit/Software/FreeRTOS-Kernel/tasks.c.o
                0x10005544                xTaskGenericNotifyWait
 .text.xTaskGenericNotify
                0x100056b0      0x1fc CMakeFiles/handshake.dir/home/olof/programs/school/embedded/2/ES-Lab-Kit/Software/FreeRTOS-Kernel/tasks.c.o
                0x100056b0                xTaskGenericNotify
 .text.vApplicationGetTimerTaskMemory
                0x100058ac       0x1c CMakeFiles/handshake.dir/home/olof/programs/school/embedded/2/ES-Lab-Kit/Software/FreeRTOS-Kernel/tasks.c.o
                0x100058ac                vApplicationGetTimerTaskMemory
 .text.prvTimerTask
                0x100058c8      0x350 CMakeFiles/handshake.dir/home/olof/programs/school/embedded/2/ES-Lab-Kit/Software/FreeRTOS-Kernel/timers.c.o
 .text.xTimerCreateTimerTask
                0x10005c18       0xb4 CMakeFiles/handshake.dir/home/olof/programs/school/embedded/2/ES-Lab-Kit/Software/FreeRTOS-Kernel/timers.c.o
                0x10005c18                xTimerCreateTimerTask
 .text.xTimerPendFunctionCallFromISR
                0x10005ccc       0x30 CMakeFiles/handshake.dir/home/olof/programs/school/embedded/2/ES-Lab-Kit/Software/FreeRTOS-Kernel/timers.c.o
                0x10005ccc                xTimerPendFunctionCallFromISR
 .text.exception_set_exclusive_handler
                0x10005cfc       0x4c CMakeFiles/handshake.dir/home/olof/pico-sdk/src/rp2_common/hardware_exception/exception.c.o
                0x10005cfc                exception_set_exclusive_handler
 .text          0x10005d48       0x5c /usr/lib/gcc/arm-none-eabi/14.2.1/../../../arm-none-eabi/lib/thumb/v8-m.main+fp/softfp/libg.a(libc_a-strlen-stub.o)
                0x10005d48                strlen
 .text          0x10005da4       0xa4 /usr/lib/gcc/arm-none-eabi/14.2.1/../../../arm-none-eabi/lib/thumb/v8-m.main+fp/softfp/libg.a(libc_a-memset.o)
                0x10005da4                memset
 .text          0x10005e48       0x28 /usr/lib/gcc/arm-none-eabi/14.2.1/../../../arm-none-eabi/lib/thumb/v8-m.main+fp/softfp/libg.a(libc_a-fini.o)
                0x10005e48                __libc_fini_array
 .text          0x10005e70        0xc /usr/lib/gcc/arm-none-eabi/14.2.1/../../../arm-none-eabi/lib/thumb/v8-m.main+fp/softfp/libg.a(libc_a-atexit.o)
                0x10005e70                atexit
 .text          0x10005e7c       0xec /usr/lib/gcc/arm-none-eabi/14.2.1/../../../arm-none-eabi/lib/thumb/v8-m.main+fp/softfp/libg.a(libc_a-memcpy.o)
                0x10005e7c                memcpy
 .text          0x10005f68       0x64 /usr/lib/gcc/arm-none-eabi/14.2.1/../../../arm-none-eabi/lib/thumb/v8-m.main+fp/softfp/libg.a(libc_a-__atexit.o)
                0x10005f68                __register_exitproc
 .text.startup  0x10005fcc       0x14 /usr/lib/gcc/arm-none-eabi/14.2.1/../../../arm-none-eabi/lib/thumb/v8-m.main+fp/softfp/libg.a(libc_a-__call_atexit.o)
 *(.fini)
 .fini          0x10005fe0        0x4 /usr/lib/gcc/arm-none-eabi/14.2.1/thumb/v8-m.main+fp/softfp/crti.o
                0x10005fe0                _fini
 *fill*         0x10005fe4        0x4 
 .fini.__stub   0x10005fe8       0x28 linker stubs
 *crtbegin.o(.ctors)
 *crtbegin?.o(.ctors)
 *(EXCLUDE_FILE(*crtend.o *crtend?.o) .ctors)
 *(SORT_BY_NAME(.ctors.*))
 *(.ctors)
 *crtbegin.o(.dtors)
 *crtbegin?.o(.dtors)
 *(EXCLUDE_FILE(*crtend.o *crtend?.o) .dtors)
 *(SORT_BY_NAME(.dtors.*))
 *(.dtors)
                0x10006010                        . = ALIGN (0x4)
                0x10006010                        PROVIDE (__preinit_array_start = .)
 *(SORT_BY_NAME(.preinit_array.*))
 .preinit_array.00050
                0x10006010        0x4 CMakeFiles/handshake.dir/home/olof/pico-sdk/src/rp2_common/pico_runtime_init/runtime_init.c.o
                0x10006010                __pre_init_runtime_init_bootrom_reset
 .preinit_array.00100
                0x10006014        0x4 CMakeFiles/handshake.dir/home/olof/pico-sdk/src/rp2_common/pico_runtime_init/runtime_init.c.o
                0x10006014                __pre_init_runtime_init_early_resets
 .preinit_array.00101
                0x10006018        0x4 CMakeFiles/handshake.dir/home/olof/pico-sdk/src/rp2_common/pico_runtime_init/runtime_init.c.o
                0x10006018                __pre_init_runtime_init_usb_power_down
 .preinit_array.00500
                0x1000601c        0x4 CMakeFiles/handshake.dir/home/olof/pico-sdk/src/rp2_common/pico_runtime_init/runtime_init.c.o
                0x1000601c                __pre_init_runtime_init_clocks
 .preinit_array.00600
                0x10006020        0x4 CMakeFiles/handshake.dir/home/olof/pico-sdk/src/rp2_common/pico_runtime_init/runtime_init.c.o
                0x10006020                __pre_init_runtime_init_post_clock_resets
 .preinit_array.01000
                0x10006024        0x4 CMakeFiles/handshake.dir/home/olof/pico-sdk/src/rp2_common/hardware_boot_lock/boot_lock.c.o
                0x10006024                __pre_init_runtime_init_boot_locks_reset
 .preinit_array.01000
                0x10006028        0x4 CMakeFiles/handshake.dir/home/olof/pico-sdk/src/rp2_common/pico_runtime_init/runtime_init.c.o
                0x10006028                __pre_init_runtime_init_spin_locks_reset
 .preinit_array.01010
                0x1000602c        0x4 CMakeFiles/handshake.dir/home/olof/pico-sdk/src/rp2_common/pico_bootrom/bootrom_lock.c.o
                0x1000602c                __pre_init_runtime_init_bootrom_locking_enable
 .preinit_array.01100
                0x10006030        0x4 CMakeFiles/handshake.dir/home/olof/pico-sdk/src/common/pico_sync/mutex.c.o
                0x10006030                __pre_init_runtime_init_mutex
 .preinit_array.10080
                0x10006034        0x4 CMakeFiles/handshake.dir/home/olof/pico-sdk/src/rp2_common/pico_runtime_init/runtime_init.c.o
                0x10006034                __pre_init_runtime_init_install_ram_vector_table
 .preinit_array.11000
                0x10006038        0x4 CMakeFiles/handshake.dir/home/olof/pico-sdk/src/common/pico_time/time.c.o
                0x10006038                __pre_init_runtime_init_default_alarm_pool
 .preinit_array.YYYYY
                0x1000603c        0x4 CMakeFiles/handshake.dir/home/olof/pico-sdk/src/rp2_common/pico_runtime/runtime.c.o
                0x1000603c                __pre_init_first_per_core_initializer
 .preinit_array.ZZZZZ.00051
                0x10006040        0x4 CMakeFiles/handshake.dir/home/olof/pico-sdk/src/rp2_common/pico_runtime_init/runtime_init.c.o
                0x10006040                __pre_init_runtime_init_per_core_bootrom_reset
 .preinit_array.ZZZZZ.00200
                0x10006044        0x4 CMakeFiles/handshake.dir/home/olof/pico-sdk/src/rp2_common/pico_runtime_init/runtime_init.c.o
                0x10006044                __pre_init_runtime_init_per_core_enable_coprocessors
 .preinit_array.ZZZZZ.01000
                0x10006048        0x4 CMakeFiles/handshake.dir/home/olof/pico-sdk/src/rp2_common/hardware_sync_spin_lock/sync_spin_lock.c.o
                0x10006048                __pre_init_spinlock_set_extexclall
 .preinit_array.ZZZZZ.01200
                0x1000604c        0x4 CMakeFiles/handshake.dir/home/olof/pico-sdk/src/rp2_common/hardware_irq/irq.c.o
                0x1000604c                __pre_init_runtime_init_per_core_irq_priorities
 *(.preinit_array)
                0x10006050                        PROVIDE (__preinit_array_end = .)
                0x10006050                        . = ALIGN (0x4)
                0x10006050                        PROVIDE (__init_array_start = .)
 *(SORT_BY_NAME(.init_array.*))
 .init_array.00000
                0x10006050        0x4 /usr/lib/gcc/arm-none-eabi/14.2.1/../../../arm-none-eabi/lib/thumb/v8-m.main+fp/softfp/libg.a(libc_a-__call_atexit.o)
 *(.init_array)
 .init_array    0x10006054        0x4 /usr/lib/gcc/arm-none-eabi/14.2.1/thumb/v8-m.main+fp/softfp/crtbegin.o
 .init_array    0x10006058        0x4 CMakeFiles/handshake.dir/home/olof/programs/school/embedded/2/ES-Lab-Kit/Software/FreeRTOS-Kernel/portable/ThirdParty/GCC/RP2350_ARM_NTZ/non_secure/port.c.o
                0x1000605c                        PROVIDE (__init_array_end = .)
                0x1000605c                        . = ALIGN (0x4)
                0x1000605c                        PROVIDE (__fini_array_start = .)
 *(SORT_BY_NAME(.fini_array.*))
 *(.fini_array)
                0x1000605c                        PROVIDE (__fini_array_end = .)
 *(.eh_frame*)
 .eh_frame      0x1000605c        0x0 /usr/lib/gcc/arm-none-eabi/14.2.1/thumb/v8-m.main+fp/softfp/crtbegin.o
                0x1000605c                        . = ALIGN (0x4)

.glue_7         0x1000605c        0x0
 .glue_7        0x1000605c        0x0 linker stubs

.glue_7t        0x1000605c        0x0
 .glue_7t       0x1000605c        0x0 linker stubs

.vfp11_veneer   0x1000605c        0x0
 .vfp11_veneer  0x1000605c        0x0 linker stubs

.v4_bx          0x1000605c        0x0
 .v4_bx         0x1000605c        0x0 linker stubs

.iplt           0x1000605c        0x0
 .iplt          0x1000605c        0x0 /usr/lib/gcc/arm-none-eabi/14.2.1/thumb/v8-m.main+fp/softfp/crtbegin.o

.boot2          0x1000605c        0x0
                0x1000605c                        __boot2_start__ = .
 *(.boot2)
                0x1000605c                        __boot2_end__ = .
                0x00000001                        ASSERT (((__boot2_end__ - __boot2_start__) <= 0x100), ERROR: Pico second stage bootloader must be no more than 256 bytes in size)

.rodata         0x1000605c      0x190
 *(EXCLUDE_FILE(*libm.a: *libc.a:*lib_a-mem*.o *libgcc.a:) .rodata*)
 .rodata.main.str1.4
                0x1000605c      0x10c CMakeFiles/handshake.dir/main.c.o
                                  0xf (size before relaxing)
 .rodata.panic.str1.4
                0x10006168       0x12 CMakeFiles/handshake.dir/home/olof/pico-sdk/src/rp2_common/pico_platform_panic/panic.c.o
 .rodata.spin_lock_claim.str1.4
                0x10006168       0x1f CMakeFiles/handshake.dir/home/olof/pico-sdk/src/rp2_common/hardware_sync/sync.c.o
 .rodata.timer_hardware_alarm_claim.str1.4
                0x10006168       0x22 CMakeFiles/handshake.dir/home/olof/pico-sdk/src/rp2_common/hardware_timer/timer.c.o
 .rodata.hard_assertion_failure.str1.4
                0x10006168        0xc CMakeFiles/handshake.dir/home/olof/pico-sdk/src/rp2_common/pico_runtime/runtime.c.o
 .rodata.str1.4
                0x10006168       0x44 CMakeFiles/handshake.dir/home/olof/pico-sdk/src/rp2_common/pico_standard_binary_info/standard_binary_info.c.o
 .rodata.__bi_84
                0x10006168        0xc CMakeFiles/handshake.dir/home/olof/pico-sdk/src/rp2_common/pico_standard_binary_info/standard_binary_info.c.o
 .rodata.__bi_78
                0x10006174        0xc CMakeFiles/handshake.dir/home/olof/pico-sdk/src/rp2_common/pico_standard_binary_info/standard_binary_info.c.o
 .rodata.__bi_60
                0x10006180        0xc CMakeFiles/handshake.dir/home/olof/pico-sdk/src/rp2_common/pico_standard_binary_info/standard_binary_info.c.o
 .rodata.__bi_54
                0x1000618c        0xc CMakeFiles/handshake.dir/home/olof/pico-sdk/src/rp2_common/pico_standard_binary_info/standard_binary_info.c.o
 .rodata.__bi_48
                0x10006198        0xc CMakeFiles/handshake.dir/home/olof/pico-sdk/src/rp2_common/pico_standard_binary_info/standard_binary_info.c.o
 .rodata.__bi_42
                0x100061a4        0xc CMakeFiles/handshake.dir/home/olof/pico-sdk/src/rp2_common/pico_standard_binary_info/standard_binary_info.c.o
 .rodata.__bi_34
                0x100061b0        0xc CMakeFiles/handshake.dir/home/olof/pico-sdk/src/rp2_common/pico_standard_binary_info/standard_binary_info.c.o
 .rodata.__bi_26
                0x100061bc        0xc CMakeFiles/handshake.dir/home/olof/pico-sdk/src/rp2_common/pico_standard_binary_info/standard_binary_info.c.o
 .rodata.crlf_str.0
                0x100061c8        0x2 CMakeFiles/handshake.dir/home/olof/pico-sdk/src/rp2_common/pico_stdio/stdio.c.o
 .rodata.str1.4
                0x100061ca       0x2c CMakeFiles/handshake.dir/home/olof/pico-sdk/src/rp2_common/pico_stdio_uart/stdio_uart.c.o
 *fill*         0x100061ca        0x2 
 .rodata.__bi_45.4
                0x100061cc        0xc CMakeFiles/handshake.dir/home/olof/pico-sdk/src/rp2_common/pico_stdio_uart/stdio_uart.c.o
 .rodata.__bi_49.5
                0x100061d8        0x8 CMakeFiles/handshake.dir/home/olof/pico-sdk/src/rp2_common/pico_stdio_uart/stdio_uart.c.o
 .rodata.__bi_50.6
                0x100061e0        0x8 CMakeFiles/handshake.dir/home/olof/pico-sdk/src/rp2_common/pico_stdio_uart/stdio_uart.c.o
 .rodata.multicore_doorbell_claim_unused.str1.4
                0x100061e8       0x12 CMakeFiles/handshake.dir/home/olof/pico-sdk/src/rp2_common/pico_multicore/multicore.c.o
 .rodata.uxTopUsedPriority
                0x100061e8        0x4 CMakeFiles/handshake.dir/home/olof/programs/school/embedded/2/ES-Lab-Kit/Software/FreeRTOS-Kernel/tasks.c.o
 .rodata.xTimerCreateTimerTask.str1.4
                0x100061ec       0x10 CMakeFiles/handshake.dir/home/olof/programs/school/embedded/2/ES-Lab-Kit/Software/FreeRTOS-Kernel/timers.c.o
 *(.srodata*)
                0x100061fc                        . = ALIGN (0x4)
 *(SORT_BY_ALIGNMENT(SORT_BY_NAME(.flashdata*)))
                0x100061fc                        . = ALIGN (0x4)

.ARM.extab
 *(.ARM.extab* .gnu.linkonce.armextab.*)
                0x100061ec                        __exidx_start = .

.ARM.exidx      0x100061ec        0x8
 *(.ARM.exidx* .gnu.linkonce.armexidx.*)
 .ARM.exidx     0x100061ec        0x8 /usr/lib/gcc/arm-none-eabi/14.2.1/../../../arm-none-eabi/lib/thumb/v8-m.main+fp/softfp/libg.a(libc_a-memcpy.o)
 .ARM.exidx     0x100061f4        0x0 /usr/lib/gcc/arm-none-eabi/14.2.1/thumb/v8-m.main+fp/softfp/libgcc.a(_udivmoddi4.o)
                                  0x8 (size before relaxing)
                0x100061f4                        __exidx_end = .
                0x100061f4                        . = ALIGN (0x4)
                0x100061f4                        __binary_info_start = .

.binary_info    0x100061f4       0x2c
 *(.binary_info.keep.*)
 .binary_info.keep.__bi_ptr84
                0x100061f4        0x4 CMakeFiles/handshake.dir/home/olof/pico-sdk/src/rp2_common/pico_standard_binary_info/standard_binary_info.c.o
 .binary_info.keep.__bi_ptr78
                0x100061f8        0x4 CMakeFiles/handshake.dir/home/olof/pico-sdk/src/rp2_common/pico_standard_binary_info/standard_binary_info.c.o
 .binary_info.keep.__bi_ptr60
                0x100061fc        0x4 CMakeFiles/handshake.dir/home/olof/pico-sdk/src/rp2_common/pico_standard_binary_info/standard_binary_info.c.o
 .binary_info.keep.__bi_ptr54
                0x10006200        0x4 CMakeFiles/handshake.dir/home/olof/pico-sdk/src/rp2_common/pico_standard_binary_info/standard_binary_info.c.o
 .binary_info.keep.__bi_ptr48
                0x10006204        0x4 CMakeFiles/handshake.dir/home/olof/pico-sdk/src/rp2_common/pico_standard_binary_info/standard_binary_info.c.o
 .binary_info.keep.__bi_ptr42
                0x10006208        0x4 CMakeFiles/handshake.dir/home/olof/pico-sdk/src/rp2_common/pico_standard_binary_info/standard_binary_info.c.o
 .binary_info.keep.__bi_ptr34
                0x1000620c        0x4 CMakeFiles/handshake.dir/home/olof/pico-sdk/src/rp2_common/pico_standard_binary_info/standard_binary_info.c.o
 .binary_info.keep.__bi_ptr26
                0x10006210        0x4 CMakeFiles/handshake.dir/home/olof/pico-sdk/src/rp2_common/pico_standard_binary_info/standard_binary_info.c.o
 *(.binary_info.*)
 .binary_info.__bi_ptr50
                0x10006214        0x4 CMakeFiles/handshake.dir/home/olof/pico-sdk/src/rp2_common/pico_stdio_uart/stdio_uart.c.o
 .binary_info.__bi_ptr49
                0x10006218        0x4 CMakeFiles/handshake.dir/home/olof/pico-sdk/src/rp2_common/pico_stdio_uart/stdio_uart.c.o
 .binary_info.__bi_ptr45
                0x1000621c        0x4 CMakeFiles/handshake.dir/home/olof/pico-sdk/src/rp2_common/pico_stdio_uart/stdio_uart.c.o
                0x10006220                        __binary_info_end = .
                0x10006220                        . = ALIGN (0x4)

.ram_vector_table
                0x20000000      0x110
 *(.ram_vector_table)
 .ram_vector_table
                0x20000000      0x110 CMakeFiles/handshake.dir/home/olof/pico-sdk/src/rp2_common/pico_runtime_init/runtime_init.c.o
                0x20000000                ram_vector_table

.uninitialized_data
                0x20000110        0x0
                0x20000110                        . = ALIGN (0x4)
 *(.uninitialized_data*)

.data           0x20000110      0x858 load address 0x10006220
                0x20000110                        __data_start__ = .
 *(vtable)
 *(.time_critical*)
 .time_critical.get_psram_size
                0x20000110       0xc4 CMakeFiles/handshake.dir/home/olof/programs/school/embedded/2/ES-Lab-Kit/Software/bsp/psram.c.o
 *fill*         0x200001d4        0x4 
 .time_critical.set_psram_timing
                0x200001d8       0x8c CMakeFiles/handshake.dir/home/olof/programs/school/embedded/2/ES-Lab-Kit/Software/bsp/psram.c.o
 .time_critical.setup_psram
                0x20000264       0xe4 CMakeFiles/handshake.dir/home/olof/programs/school/embedded/2/ES-Lab-Kit/Software/bsp/psram.c.o
 .time_critical.mutex_try_enter_block_until
                0x20000348       0xac CMakeFiles/handshake.dir/home/olof/pico-sdk/src/common/pico_sync/mutex.c.o
                0x20000348                mutex_try_enter_block_until
 .time_critical.mutex_exit
                0x200003f4       0x34 CMakeFiles/handshake.dir/home/olof/pico-sdk/src/common/pico_sync/mutex.c.o
                0x200003f4                mutex_exit
 .time_critical.spi_write_blocking
                0x20000428       0x90 CMakeFiles/handshake.dir/home/olof/pico-sdk/src/rp2_common/hardware_spi/spi.c.o
                0x20000428                spi_write_blocking
 *(.text*)
 .text          0x200004b8       0xa0 /usr/lib/gcc/arm-none-eabi/14.2.1/thumb/v8-m.main+fp/softfp/libgcc.a(_aeabi_ldivmod.o)
                0x200004b8                __aeabi_ldivmod
 .text          0x20000558      0x34c /usr/lib/gcc/arm-none-eabi/14.2.1/thumb/v8-m.main+fp/softfp/libgcc.a(_udivmoddi4.o)
                0x20000558                __udivmoddi4
 .text          0x200008a4        0x4 /usr/lib/gcc/arm-none-eabi/14.2.1/thumb/v8-m.main+fp/softfp/libgcc.a(_dvmd_tls.o)
                0x200008a4                __aeabi_ldiv0
                0x200008a4                __aeabi_idiv0
 .text.__stub   0x200008a8       0x28 linker stubs
                0x200008d0                        . = ALIGN (0x4)
 *(.rodata*)
                0x200008d0                        . = ALIGN (0x4)
 *(.data*)
 .data.striped_spin_lock_num
                0x200008d0        0x1 CMakeFiles/handshake.dir/home/olof/pico-sdk/src/rp2_common/hardware_sync/sync.c.o
 *fill*         0x200008d1        0x3 
 .data          0x200008d4       0x48 CMakeFiles/handshake.dir/home/olof/pico-sdk/src/rp2_common/hardware_irq/irq_handler_chain.S.o
                0x200008d4                irq_handler_chain_slots
                0x20000904                irq_handler_chain_first_slot
                0x2000090e                irq_handler_chain_remove_tail
 .data.default_alarm_pool
                0x2000091c       0x18 CMakeFiles/handshake.dir/home/olof/pico-sdk/src/common/pico_time/time.c.o
 .data.stdio_uart
                0x20000934       0x18 CMakeFiles/handshake.dir/home/olof/pico-sdk/src/rp2_common/pico_stdio_uart/stdio_uart.c.o
                0x20000934                stdio_uart
 .data.i2c0_inst
                0x2000094c        0x8 CMakeFiles/handshake.dir/home/olof/pico-sdk/src/rp2_common/hardware_i2c/i2c.c.o
                0x2000094c                i2c0_inst
 .data.cDoorbellNum
                0x20000954        0x1 CMakeFiles/handshake.dir/home/olof/programs/school/embedded/2/ES-Lab-Kit/Software/FreeRTOS-Kernel/portable/ThirdParty/GCC/RP2350_ARM_NTZ/non_secure/port.c.o
 .data.ucPrimaryCoreNum
                0x20000955        0x1 CMakeFiles/handshake.dir/home/olof/programs/school/embedded/2/ES-Lab-Kit/Software/FreeRTOS-Kernel/portable/ThirdParty/GCC/RP2350_ARM_NTZ/non_secure/port.c.o
 *(.sdata*)
                0x20000958                        . = ALIGN (0x4)
 *fill*         0x20000956        0x2 
 *(.after_data.*)
                0x20000958                        . = ALIGN (0x4)
                0x20000958                        PROVIDE (__mutex_array_start = .)
 *(SORT_BY_NAME(.mutex_array.*))
 *(.mutex_array)
 .mutex_array   0x20000958        0x8 CMakeFiles/handshake.dir/home/olof/pico-sdk/src/rp2_common/pico_malloc/malloc.c.o
 .mutex_array   0x20000960        0x8 CMakeFiles/handshake.dir/home/olof/pico-sdk/src/rp2_common/pico_stdio/stdio.c.o
                0x20000968                        PROVIDE (__mutex_array_end = .)
 *(.jcr)
                0x20000968                        . = ALIGN (0x4)

.tm_clone_table
                0x20000968        0x0 load address 0x10006a78
 .tm_clone_table
                0x20000968        0x0 /usr/lib/gcc/arm-none-eabi/14.2.1/thumb/v8-m.main+fp/softfp/crtbegin.o
 .tm_clone_table
                0x20000968        0x0 /usr/lib/gcc/arm-none-eabi/14.2.1/thumb/v8-m.main+fp/softfp/crtend.o

.igot.plt       0x20000968        0x0 load address 0x10006a78
 .igot.plt      0x20000968        0x0 /usr/lib/gcc/arm-none-eabi/14.2.1/thumb/v8-m.main+fp/softfp/crtbegin.o

.tdata          0x20000968        0x0 load address 0x10006a78
                0x20000968                        . = ALIGN (0x4)
 *(.tdata .tdata.* .gnu.linkonce.td.*)
                0x20000968                        __tdata_end = .
                0x20000968                        PROVIDE (__data_end__ = .)
                0x10006220                        __etext = LOADADDR (.data)

.tbss           0x20000968        0x0 load address 0x10006a78
                0x20000968                        . = ALIGN (0x4)
                0x20000968                        __bss_start__ = .
                0x20000968                        __tls_base = .
 *(.tbss .tbss.* .gnu.linkonce.tb.*)
 *(.tcommon)
                0x20000968                        __tls_end = .

.bss            0x20000968    0x22a54 load address 0x10006a78
                0x20000968                        . = ALIGN (0x4)
                0x20000968                        __tbss_end = .
 *(SORT_BY_ALIGNMENT(SORT_BY_NAME(.bss*)))
 .bss.default_alarm_pool_entries
                0x20000968      0x180 CMakeFiles/handshake.dir/home/olof/pico-sdk/src/common/pico_time/time.c.o
 .bss.xQueueRegistry
                0x20000ae8       0x40 CMakeFiles/handshake.dir/home/olof/programs/school/embedded/2/ES-Lab-Kit/Software/FreeRTOS-Kernel/queue.c.o
                0x20000ae8                xQueueRegistry
 .bss           0x20000b28       0x1c /usr/lib/gcc/arm-none-eabi/14.2.1/thumb/v8-m.main+fp/softfp/crtbegin.o
 .bss           0x20000b44      0x190 /usr/lib/gcc/arm-none-eabi/14.2.1/../../../arm-none-eabi/lib/thumb/v8-m.main+fp/softfp/libg.a(libc_a-__atexit.o)
                0x20000b44                __atexit0
 .bss           0x20000cd4        0x4 /usr/lib/gcc/arm-none-eabi/14.2.1/../../../arm-none-eabi/lib/thumb/v8-m.main+fp/softfp/libg.a(libc_a-__call_atexit.o)
                0x20000cd4                __atexit
 .bss._sw_spin_locks
                0x20000cd8       0x20 CMakeFiles/handshake.dir/home/olof/pico-sdk/src/rp2_common/hardware_sync_spin_lock/sync_spin_lock.c.o
                0x20000cd8                _sw_spin_locks
 .bss.acc       0x20000cf8       0x18 CMakeFiles/handshake.dir/home/olof/programs/school/embedded/2/ES-Lab-Kit/Software/bsp/bsp.c.o
 .bss.chars_available_callback
                0x20000d10        0x4 CMakeFiles/handshake.dir/home/olof/pico-sdk/src/rp2_common/pico_stdio_uart/stdio_uart.c.o
 .bss.chars_available_param
                0x20000d14        0x4 CMakeFiles/handshake.dir/home/olof/pico-sdk/src/rp2_common/pico_stdio_uart/stdio_uart.c.o
 .bss.claimed   0x20000d18        0x4 CMakeFiles/handshake.dir/home/olof/pico-sdk/src/rp2_common/hardware_sync/sync.c.o
 .bss.claimed   0x20000d1c        0x2 CMakeFiles/handshake.dir/home/olof/pico-sdk/src/rp2_common/hardware_timer/timer.c.o
 *fill*         0x20000d1e        0x2 
 .bss.configured_freq
                0x20000d20       0x28 CMakeFiles/handshake.dir/home/olof/pico-sdk/src/rp2_common/hardware_clocks/clocks.c.o
 .bss.doorbell_claimed
                0x20000d48        0x2 CMakeFiles/handshake.dir/home/olof/pico-sdk/src/rp2_common/pico_multicore/multicore.c.o
 *fill*         0x20000d4a        0x2 
 .bss.drivers   0x20000d4c        0x4 CMakeFiles/handshake.dir/home/olof/pico-sdk/src/rp2_common/pico_stdio/stdio.c.o
 .bss.filter    0x20000d50        0x4 CMakeFiles/handshake.dir/home/olof/pico-sdk/src/rp2_common/pico_stdio/stdio.c.o
 .bss.lazy_vsnprintf
                0x20000d54        0x4 CMakeFiles/handshake.dir/home/olof/pico-sdk/src/rp2_common/pico_printf/printf.c.o
 .bss.pools     0x20000d58       0x20 CMakeFiles/handshake.dir/home/olof/pico-sdk/src/common/pico_time/time.c.o
 .bss.psram_size
                0x20000d78        0x4 CMakeFiles/handshake.dir/home/olof/programs/school/embedded/2/ES-Lab-Kit/Software/bsp/bsp.c.o
 .bss.pxCurrentTCBs
                0x20000d7c        0x8 CMakeFiles/handshake.dir/home/olof/programs/school/embedded/2/ES-Lab-Kit/Software/FreeRTOS-Kernel/tasks.c.o
                0x20000d7c                pxCurrentTCBs
 .bss.pxCurrentTimerList
                0x20000d84        0x4 CMakeFiles/handshake.dir/home/olof/programs/school/embedded/2/ES-Lab-Kit/Software/FreeRTOS-Kernel/timers.c.o
 .bss.pxDelayedTaskList
                0x20000d88        0x4 CMakeFiles/handshake.dir/home/olof/programs/school/embedded/2/ES-Lab-Kit/Software/FreeRTOS-Kernel/tasks.c.o
 .bss.pxEnd     0x20000d8c        0x4 CMakeFiles/handshake.dir/home/olof/programs/school/embedded/2/ES-Lab-Kit/Software/FreeRTOS-Kernel/portable/MemMang/heap_4.c.o
 .bss.pxOverflowDelayedTaskList
                0x20000d90        0x4 CMakeFiles/handshake.dir/home/olof/programs/school/embedded/2/ES-Lab-Kit/Software/FreeRTOS-Kernel/tasks.c.o
 .bss.pxOverflowTimerList
                0x20000d94        0x4 CMakeFiles/handshake.dir/home/olof/programs/school/embedded/2/ES-Lab-Kit/Software/FreeRTOS-Kernel/timers.c.o
 .bss.pxReadyTasksLists
                0x20000d98      0x280 CMakeFiles/handshake.dir/home/olof/programs/school/embedded/2/ES-Lab-Kit/Software/FreeRTOS-Kernel/tasks.c.o
 .bss.sleep_notifier
                0x20001018        0x4 CMakeFiles/handshake.dir/home/olof/pico-sdk/src/common/pico_time/time.c.o
 .bss.sr_data   0x2000101c        0x4 CMakeFiles/handshake.dir/home/olof/programs/school/embedded/2/ES-Lab-Kit/Software/bsp/bsp.c.o
 .bss.task_a_t  0x20001020        0x4 CMakeFiles/handshake.dir/main.c.o
                0x20001020                task_a_t
 .bss.task_b_t  0x20001024        0x4 CMakeFiles/handshake.dir/main.c.o
                0x20001024                task_b_t
 .bss.uart_char_to_line_feed
                0x20001028        0x4 CMakeFiles/handshake.dir/home/olof/pico-sdk/src/rp2_common/hardware_uart/uart.c.o
                0x20001028                uart_char_to_line_feed
 .bss.uart_instance
                0x2000102c        0x4 CMakeFiles/handshake.dir/home/olof/pico-sdk/src/rp2_common/pico_stdio_uart/stdio_uart.c.o
 .bss.ucHeap    0x20001030    0x20000 CMakeFiles/handshake.dir/home/olof/programs/school/embedded/2/ES-Lab-Kit/Software/FreeRTOS-Kernel/portable/MemMang/heap_4.c.o
 .bss.ucOwnedByCore.7
                0x20021030        0x4 CMakeFiles/handshake.dir/home/olof/programs/school/embedded/2/ES-Lab-Kit/Software/FreeRTOS-Kernel/tasks.c.o
 .bss.ucRecursionCountByLock.6
                0x20021034        0x2 CMakeFiles/handshake.dir/home/olof/programs/school/embedded/2/ES-Lab-Kit/Software/FreeRTOS-Kernel/tasks.c.o
 *fill*         0x20021036        0x2 
 .bss.ucStaticTimerQueueStorage.1
                0x20021038       0xa0 CMakeFiles/handshake.dir/home/olof/programs/school/embedded/2/ES-Lab-Kit/Software/FreeRTOS-Kernel/timers.c.o
 .bss.ulCriticalNestings
                0x200210d8        0x8 CMakeFiles/handshake.dir/home/olof/programs/school/embedded/2/ES-Lab-Kit/Software/FreeRTOS-Kernel/portable/ThirdParty/GCC/RP2350_ARM_NTZ/non_secure/port.c.o
                0x200210d8                ulCriticalNestings
 .bss.ulMaxPRIGROUPValue
                0x200210e0        0x4 CMakeFiles/handshake.dir/home/olof/programs/school/embedded/2/ES-Lab-Kit/Software/FreeRTOS-Kernel/portable/ThirdParty/GCC/RP2350_ARM_NTZ/non_secure/port.c.o
 .bss.uxCurrentNumberOfTasks
                0x200210e4        0x4 CMakeFiles/handshake.dir/home/olof/programs/school/embedded/2/ES-Lab-Kit/Software/FreeRTOS-Kernel/tasks.c.o
 .bss.uxDeletedTasksWaitingCleanUp
                0x200210e8        0x4 CMakeFiles/handshake.dir/home/olof/programs/school/embedded/2/ES-Lab-Kit/Software/FreeRTOS-Kernel/tasks.c.o
 .bss.uxIdleTaskStack.4
                0x200210ec      0x800 CMakeFiles/handshake.dir/home/olof/programs/school/embedded/2/ES-Lab-Kit/Software/FreeRTOS-Kernel/tasks.c.o
 .bss.uxIdleTaskStacks.2
                0x200218ec      0x800 CMakeFiles/handshake.dir/home/olof/programs/school/embedded/2/ES-Lab-Kit/Software/FreeRTOS-Kernel/tasks.c.o
 .bss.uxSchedulerSuspended
                0x200220ec        0x4 CMakeFiles/handshake.dir/home/olof/programs/school/embedded/2/ES-Lab-Kit/Software/FreeRTOS-Kernel/tasks.c.o
 .bss.uxTaskNumber
                0x200220f0        0x4 CMakeFiles/handshake.dir/home/olof/programs/school/embedded/2/ES-Lab-Kit/Software/FreeRTOS-Kernel/tasks.c.o
 .bss.uxTimerTaskStack.0
                0x200220f4     0x1000 CMakeFiles/handshake.dir/home/olof/programs/school/embedded/2/ES-Lab-Kit/Software/FreeRTOS-Kernel/tasks.c.o
 .bss.uxTopReadyPriority
                0x200230f4        0x4 CMakeFiles/handshake.dir/home/olof/programs/school/embedded/2/ES-Lab-Kit/Software/FreeRTOS-Kernel/tasks.c.o
 .bss.xActiveTimerList1
                0x200230f8       0x14 CMakeFiles/handshake.dir/home/olof/programs/school/embedded/2/ES-Lab-Kit/Software/FreeRTOS-Kernel/timers.c.o
 .bss.xActiveTimerList2
                0x2002310c       0x14 CMakeFiles/handshake.dir/home/olof/programs/school/embedded/2/ES-Lab-Kit/Software/FreeRTOS-Kernel/timers.c.o
 .bss.xDelayedTaskList1
                0x20023120       0x14 CMakeFiles/handshake.dir/home/olof/programs/school/embedded/2/ES-Lab-Kit/Software/FreeRTOS-Kernel/tasks.c.o
 .bss.xDelayedTaskList2
                0x20023134       0x14 CMakeFiles/handshake.dir/home/olof/programs/school/embedded/2/ES-Lab-Kit/Software/FreeRTOS-Kernel/tasks.c.o
 .bss.xEventGroup
                0x20023148        0x4 CMakeFiles/handshake.dir/home/olof/programs/school/embedded/2/ES-Lab-Kit/Software/FreeRTOS-Kernel/portable/ThirdParty/GCC/RP2350_ARM_NTZ/non_secure/port.c.o
 .bss.xFreeBytesRemaining
                0x2002314c        0x4 CMakeFiles/handshake.dir/home/olof/programs/school/embedded/2/ES-Lab-Kit/Software/FreeRTOS-Kernel/portable/MemMang/heap_4.c.o
 .bss.xIdleTaskHandles
                0x20023150        0x8 CMakeFiles/handshake.dir/home/olof/programs/school/embedded/2/ES-Lab-Kit/Software/FreeRTOS-Kernel/tasks.c.o
 .bss.xIdleTaskTCB.5
                0x20023158       0x7c CMakeFiles/handshake.dir/home/olof/programs/school/embedded/2/ES-Lab-Kit/Software/FreeRTOS-Kernel/tasks.c.o
 .bss.xIdleTaskTCBs.3
                0x200231d4       0x7c CMakeFiles/handshake.dir/home/olof/programs/school/embedded/2/ES-Lab-Kit/Software/FreeRTOS-Kernel/tasks.c.o
 .bss.xLastTime.2
                0x20023250        0x4 CMakeFiles/handshake.dir/home/olof/programs/school/embedded/2/ES-Lab-Kit/Software/FreeRTOS-Kernel/timers.c.o
 .bss.xMinimumEverFreeBytesRemaining
                0x20023254        0x4 CMakeFiles/handshake.dir/home/olof/programs/school/embedded/2/ES-Lab-Kit/Software/FreeRTOS-Kernel/portable/MemMang/heap_4.c.o
 .bss.xNextTaskUnblockTime
                0x20023258        0x4 CMakeFiles/handshake.dir/home/olof/programs/school/embedded/2/ES-Lab-Kit/Software/FreeRTOS-Kernel/tasks.c.o
 .bss.xNumOfOverflows
                0x2002325c        0x4 CMakeFiles/handshake.dir/home/olof/programs/school/embedded/2/ES-Lab-Kit/Software/FreeRTOS-Kernel/tasks.c.o
 .bss.xNumberOfSuccessfulAllocations
                0x20023260        0x4 CMakeFiles/handshake.dir/home/olof/programs/school/embedded/2/ES-Lab-Kit/Software/FreeRTOS-Kernel/portable/MemMang/heap_4.c.o
 .bss.xNumberOfSuccessfulFrees
                0x20023264        0x4 CMakeFiles/handshake.dir/home/olof/programs/school/embedded/2/ES-Lab-Kit/Software/FreeRTOS-Kernel/portable/MemMang/heap_4.c.o
 .bss.xPendedTicks
                0x20023268        0x4 CMakeFiles/handshake.dir/home/olof/programs/school/embedded/2/ES-Lab-Kit/Software/FreeRTOS-Kernel/tasks.c.o
 .bss.xPendingReadyList
                0x2002326c       0x14 CMakeFiles/handshake.dir/home/olof/programs/school/embedded/2/ES-Lab-Kit/Software/FreeRTOS-Kernel/tasks.c.o
 .bss.xSchedulerRunning
                0x20023280        0x4 CMakeFiles/handshake.dir/home/olof/programs/school/embedded/2/ES-Lab-Kit/Software/FreeRTOS-Kernel/tasks.c.o
 .bss.xStart    0x20023284        0x8 CMakeFiles/handshake.dir/home/olof/programs/school/embedded/2/ES-Lab-Kit/Software/FreeRTOS-Kernel/portable/MemMang/heap_4.c.o
 .bss.xStaticEventGroup
                0x2002328c       0x20 CMakeFiles/handshake.dir/home/olof/programs/school/embedded/2/ES-Lab-Kit/Software/FreeRTOS-Kernel/portable/ThirdParty/GCC/RP2350_ARM_NTZ/non_secure/port.c.o
 .bss.xStaticTimerQueue.0
                0x200232ac       0x54 CMakeFiles/handshake.dir/home/olof/programs/school/embedded/2/ES-Lab-Kit/Software/FreeRTOS-Kernel/timers.c.o
 .bss.xSuspendedTaskList
                0x20023300       0x14 CMakeFiles/handshake.dir/home/olof/programs/school/embedded/2/ES-Lab-Kit/Software/FreeRTOS-Kernel/tasks.c.o
 .bss.xTasksWaitingTermination
                0x20023314       0x14 CMakeFiles/handshake.dir/home/olof/programs/school/embedded/2/ES-Lab-Kit/Software/FreeRTOS-Kernel/tasks.c.o
 .bss.xTickCount
                0x20023328        0x4 CMakeFiles/handshake.dir/home/olof/programs/school/embedded/2/ES-Lab-Kit/Software/FreeRTOS-Kernel/tasks.c.o
 .bss.xTimerQueue
                0x2002332c        0x4 CMakeFiles/handshake.dir/home/olof/programs/school/embedded/2/ES-Lab-Kit/Software/FreeRTOS-Kernel/timers.c.o
 .bss.xTimerTaskHandle
                0x20023330        0x4 CMakeFiles/handshake.dir/home/olof/programs/school/embedded/2/ES-Lab-Kit/Software/FreeRTOS-Kernel/timers.c.o
 .bss.xTimerTaskTCB.1
                0x20023334       0x7c CMakeFiles/handshake.dir/home/olof/programs/school/embedded/2/ES-Lab-Kit/Software/FreeRTOS-Kernel/tasks.c.o
 .bss.xYieldPendings
                0x200233b0        0x8 CMakeFiles/handshake.dir/home/olof/programs/school/embedded/2/ES-Lab-Kit/Software/FreeRTOS-Kernel/tasks.c.o
 .bss.irq_handler_chain_free_slot_head
                0x200233b8        0x1 CMakeFiles/handshake.dir/home/olof/pico-sdk/src/rp2_common/hardware_irq/irq.c.o
 .bss.mma8452q_initialized
                0x200233b9        0x1 CMakeFiles/handshake.dir/home/olof/programs/school/embedded/2/ES-Lab-Kit/Software/bsp/bsp.c.o
 *(COMMON)
                [!provide]                        PROVIDE (__global_pointer$ = (. + 0x800))
 *(.sbss*)
                0x200233bc                        . = ALIGN (0x4)
 *fill*         0x200233ba        0x2 
                0x200233bc                        __bss_end__ = .

.heap           0x200233bc      0x800 load address 0x10006a78
                0x200233bc                        __end__ = .
                0x200233bc                        end = __end__
 *(.heap*)
 .heap          0x200233bc      0x800 CMakeFiles/handshake.dir/home/olof/pico-sdk/src/rp2_common/pico_crt0/crt0.S.o
                0x20080000                        __HeapLimit = (ORIGIN (RAM) + LENGTH (RAM))

.scratch_x      0x20080000        0x0 load address 0x10006a78
                0x20080000                        __scratch_x_start__ = .
 *(.scratch_x.*)
                0x20080000                        . = ALIGN (0x4)
                0x20080000                        __scratch_x_end__ = .
                0x10006a78                        __scratch_x_source__ = LOADADDR (.scratch_x)

.scratch_y      0x20081000        0x0 load address 0x10006a78
                0x20081000                        __scratch_y_start__ = .
 *(.scratch_y.*)
                0x20081000                        . = ALIGN (0x4)
                0x20081000                        __scratch_y_end__ = .
                0x10006a78                        __scratch_y_source__ = LOADADDR (.scratch_y)

.stack1_dummy   0x20080000      0x800
 *(.stack1*)
 .stack1        0x20080000      0x800 CMakeFiles/handshake.dir/home/olof/pico-sdk/src/rp2_common/pico_multicore/multicore.c.o

.stack_dummy    0x20081000      0x800
 *(.stack*)
 .stack         0x20081000      0x800 CMakeFiles/handshake.dir/home/olof/pico-sdk/src/rp2_common/pico_crt0/crt0.S.o

.flash_end      0x10006a78       0x14
 *(.embedded_end_block*)
 .embedded_end_block
                0x10006a78       0x14 CMakeFiles/handshake.dir/home/olof/pico-sdk/src/rp2_common/pico_crt0/crt0.S.o
                0x10006a8c                        PROVIDE (__flash_binary_end = .)
                0x20080000                        __StackLimit = (ORIGIN (RAM) + LENGTH (RAM))
                0x20081000                        __StackOneTop = (ORIGIN (SCRATCH_X) + LENGTH (SCRATCH_X))
                0x20082000                        __StackTop = (ORIGIN (SCRATCH_Y) + LENGTH (SCRATCH_Y))
                0x20080800                        __StackOneBottom = (__StackOneTop - SIZEOF (.stack1_dummy))
                0x20081800                        __StackBottom = (__StackTop - SIZEOF (.stack_dummy))
                0x20082000                        PROVIDE (__stack = __StackTop)
                [!provide]                        PROVIDE (__heap_start = __end__)
                [!provide]                        PROVIDE (__heap_end = __HeapLimit)
                [!provide]                        PROVIDE (__tls_align = MAX (ALIGNOF (.tdata), ALIGNOF (.tbss)))
                [!provide]                        PROVIDE (__tls_size_align = (((__tls_size + __tls_align) - 0x1) & ~ ((__tls_align - 0x1))))
                [!provide]                        PROVIDE (__arm32_tls_tcb_offset = MAX (0x8, __tls_align))
                [!provide]                        PROVIDE (_end = __end__)
                [!provide]                        PROVIDE (__llvm_libc_heap_limit = __HeapLimit)
                0x00000001                        ASSERT ((__StackLimit >= __HeapLimit), region RAM overflowed)
                0x00000001                        ASSERT (((__binary_info_header_end - __logical_binary_start) <= 0x400), Binary info must be in first 1024 bytes of the binary)
                0x00000001                        ASSERT (((__embedded_block_end - __logical_binary_start) <= 0x1000), Embedded block must be in first 4096 bytes of the binary)
LOAD CMakeFiles/handshake.dir/main.c.o
LOAD CMakeFiles/handshake.dir/home/olof/programs/school/embedded/2/ES-Lab-Kit/Software/bsp/bsp.c.o
LOAD CMakeFiles/handshake.dir/home/olof/programs/school/embedded/2/ES-Lab-Kit/Software/bsp/ht16k33.c.o
LOAD CMakeFiles/handshake.dir/home/olof/programs/school/embedded/2/ES-Lab-Kit/Software/bsp/mma8452q.c.o
LOAD CMakeFiles/handshake.dir/home/olof/programs/school/embedded/2/ES-Lab-Kit/Software/bsp/psram.c.o
LOAD CMakeFiles/handshake.dir/home/olof/pico-sdk/src/rp2_common/pico_stdlib/stdlib.c.o
LOAD CMakeFiles/handshake.dir/home/olof/pico-sdk/src/rp2_common/hardware_gpio/gpio.c.o
LOAD CMakeFiles/handshake.dir/home/olof/pico-sdk/src/rp2350/pico_platform/platform.c.o
LOAD CMakeFiles/handshake.dir/home/olof/pico-sdk/src/rp2_common/pico_platform_common/common.c.o
LOAD CMakeFiles/handshake.dir/home/olof/pico-sdk/src/rp2_common/pico_platform_panic/panic.c.o
LOAD CMakeFiles/handshake.dir/home/olof/pico-sdk/src/common/hardware_claim/claim.c.o
LOAD CMakeFiles/handshake.dir/home/olof/pico-sdk/src/rp2_common/hardware_sync/sync.c.o
LOAD CMakeFiles/handshake.dir/home/olof/pico-sdk/src/rp2_common/hardware_sync_spin_lock/sync_spin_lock.c.o
LOAD CMakeFiles/handshake.dir/home/olof/pico-sdk/src/rp2_common/hardware_irq/irq.c.o
LOAD CMakeFiles/handshake.dir/home/olof/pico-sdk/src/rp2_common/hardware_irq/irq_handler_chain.S.o
LOAD CMakeFiles/handshake.dir/home/olof/pico-sdk/src/common/pico_sync/sem.c.o
LOAD CMakeFiles/handshake.dir/home/olof/pico-sdk/src/common/pico_sync/lock_core.c.o
LOAD CMakeFiles/handshake.dir/home/olof/pico-sdk/src/common/pico_sync/mutex.c.o
LOAD CMakeFiles/handshake.dir/home/olof/pico-sdk/src/common/pico_sync/critical_section.c.o
LOAD CMakeFiles/handshake.dir/home/olof/pico-sdk/src/common/pico_time/time.c.o
LOAD CMakeFiles/handshake.dir/home/olof/pico-sdk/src/common/pico_time/timeout_helper.c.o
LOAD CMakeFiles/handshake.dir/home/olof/pico-sdk/src/rp2_common/hardware_timer/timer.c.o
LOAD CMakeFiles/handshake.dir/home/olof/pico-sdk/src/common/pico_util/datetime.c.o
LOAD CMakeFiles/handshake.dir/home/olof/pico-sdk/src/common/pico_util/pheap.c.o
LOAD CMakeFiles/handshake.dir/home/olof/pico-sdk/src/common/pico_util/queue.c.o
LOAD CMakeFiles/handshake.dir/home/olof/pico-sdk/src/rp2_common/hardware_uart/uart.c.o
LOAD CMakeFiles/handshake.dir/home/olof/pico-sdk/src/rp2_common/hardware_clocks/clocks.c.o
LOAD CMakeFiles/handshake.dir/home/olof/pico-sdk/src/rp2_common/hardware_pll/pll.c.o
LOAD CMakeFiles/handshake.dir/home/olof/pico-sdk/src/rp2_common/hardware_vreg/vreg.c.o
LOAD CMakeFiles/handshake.dir/home/olof/pico-sdk/src/rp2_common/hardware_watchdog/watchdog.c.o
LOAD CMakeFiles/handshake.dir/home/olof/pico-sdk/src/rp2_common/hardware_ticks/ticks.c.o
LOAD CMakeFiles/handshake.dir/home/olof/pico-sdk/src/rp2_common/pico_bootrom/bootrom.c.o
LOAD CMakeFiles/handshake.dir/home/olof/pico-sdk/src/rp2_common/pico_bootrom/bootrom_lock.c.o
LOAD CMakeFiles/handshake.dir/home/olof/pico-sdk/src/rp2_common/hardware_boot_lock/boot_lock.c.o
LOAD CMakeFiles/handshake.dir/home/olof/pico-sdk/src/rp2_common/pico_flash/flash.c.o
LOAD CMakeFiles/handshake.dir/home/olof/pico-sdk/src/rp2_common/hardware_xosc/xosc.c.o
LOAD CMakeFiles/handshake.dir/home/olof/pico-sdk/src/rp2_common/hardware_divider/divider.c.o
LOAD CMakeFiles/handshake.dir/home/olof/pico-sdk/src/rp2_common/pico_runtime/runtime.c.o
LOAD CMakeFiles/handshake.dir/home/olof/pico-sdk/src/rp2_common/pico_runtime_init/runtime_init.c.o
LOAD CMakeFiles/handshake.dir/home/olof/pico-sdk/src/rp2_common/pico_runtime_init/runtime_init_clocks.c.o
LOAD CMakeFiles/handshake.dir/home/olof/pico-sdk/src/rp2_common/pico_runtime_init/runtime_init_stack_guard.c.o
LOAD CMakeFiles/handshake.dir/home/olof/pico-sdk/src/rp2_common/pico_bit_ops/bit_ops_aeabi.S.o
LOAD CMakeFiles/handshake.dir/home/olof/pico-sdk/src/rp2_common/pico_divider/divider_compiler.c.o
LOAD CMakeFiles/handshake.dir/home/olof/pico-sdk/src/rp2_common/pico_double/double_math.c.o
LOAD CMakeFiles/handshake.dir/home/olof/pico-sdk/src/rp2_common/pico_double/double_aeabi_dcp.S.o
LOAD CMakeFiles/handshake.dir/home/olof/pico-sdk/src/rp2_common/pico_double/double_fma_dcp.S.o
LOAD CMakeFiles/handshake.dir/home/olof/pico-sdk/src/rp2_common/pico_double/double_sci_m33.S.o
LOAD CMakeFiles/handshake.dir/home/olof/pico-sdk/src/rp2_common/pico_double/double_conv_m33.S.o
LOAD CMakeFiles/handshake.dir/home/olof/pico-sdk/src/rp2_common/pico_float/float_math.c.o
LOAD CMakeFiles/handshake.dir/home/olof/pico-sdk/src/rp2_common/pico_float/float_conv32_vfp.S.o
LOAD CMakeFiles/handshake.dir/home/olof/pico-sdk/src/rp2_common/pico_float/float_common_m33.S.o
LOAD CMakeFiles/handshake.dir/home/olof/pico-sdk/src/rp2_common/pico_float/float_sci_m33_vfp.S.o
LOAD CMakeFiles/handshake.dir/home/olof/pico-sdk/src/rp2_common/pico_malloc/malloc.c.o
LOAD CMakeFiles/handshake.dir/home/olof/pico-sdk/src/rp2_common/pico_atomic/atomic.c.o
LOAD CMakeFiles/handshake.dir/home/olof/pico-sdk/src/rp2_common/pico_cxx_options/new_delete.cpp.o
LOAD CMakeFiles/handshake.dir/home/olof/pico-sdk/src/rp2_common/pico_standard_binary_info/standard_binary_info.c.o
LOAD CMakeFiles/handshake.dir/home/olof/pico-sdk/src/rp2_common/pico_printf/printf.c.o
LOAD CMakeFiles/handshake.dir/home/olof/pico-sdk/src/rp2_common/pico_crt0/crt0.S.o
LOAD CMakeFiles/handshake.dir/home/olof/pico-sdk/src/rp2_common/pico_clib_interface/newlib_interface.c.o
LOAD CMakeFiles/handshake.dir/home/olof/pico-sdk/src/rp2_common/pico_stdio/stdio.c.o
LOAD CMakeFiles/handshake.dir/home/olof/pico-sdk/src/rp2_common/pico_stdio_uart/stdio_uart.c.o
LOAD CMakeFiles/handshake.dir/home/olof/pico-sdk/src/rp2_common/pico_multicore/multicore.c.o
LOAD CMakeFiles/handshake.dir/home/olof/pico-sdk/src/rp2_common/hardware_spi/spi.c.o
LOAD CMakeFiles/handshake.dir/home/olof/pico-sdk/src/rp2_common/hardware_i2c/i2c.c.o
LOAD CMakeFiles/handshake.dir/home/olof/programs/school/embedded/2/ES-Lab-Kit/Software/FreeRTOS-Kernel/portable/MemMang/heap_4.c.o
LOAD CMakeFiles/handshake.dir/home/olof/programs/school/embedded/2/ES-Lab-Kit/Software/FreeRTOS-Kernel/portable/ThirdParty/GCC/RP2350_ARM_NTZ/non_secure/port.c.o
LOAD CMakeFiles/handshake.dir/home/olof/programs/school/embedded/2/ES-Lab-Kit/Software/FreeRTOS-Kernel/portable/ThirdParty/GCC/RP2350_ARM_NTZ/non_secure/portasm.c.o
LOAD CMakeFiles/handshake.dir/home/olof/programs/school/embedded/2/ES-Lab-Kit/Software/FreeRTOS-Kernel/croutine.c.o
LOAD CMakeFiles/handshake.dir/home/olof/programs/school/embedded/2/ES-Lab-Kit/Software/FreeRTOS-Kernel/event_groups.c.o
LOAD CMakeFiles/handshake.dir/home/olof/programs/school/embedded/2/ES-Lab-Kit/Software/FreeRTOS-Kernel/list.c.o
LOAD CMakeFiles/handshake.dir/home/olof/programs/school/embedded/2/ES-Lab-Kit/Software/FreeRTOS-Kernel/queue.c.o
LOAD CMakeFiles/handshake.dir/home/olof/programs/school/embedded/2/ES-Lab-Kit/Software/FreeRTOS-Kernel/stream_buffer.c.o
LOAD CMakeFiles/handshake.dir/home/olof/programs/school/embedded/2/ES-Lab-Kit/Software/FreeRTOS-Kernel/tasks.c.o
LOAD CMakeFiles/handshake.dir/home/olof/programs/school/embedded/2/ES-Lab-Kit/Software/FreeRTOS-Kernel/timers.c.o
LOAD CMakeFiles/handshake.dir/home/olof/pico-sdk/src/rp2_common/hardware_exception/exception.c.o
LOAD pico-sdk/src/rp2350/boot_stage2/CMakeFiles/bs2_default_library.dir/bs2_default_padded_checksummed.S.o
LOAD /usr/lib/gcc/arm-none-eabi/14.2.1/../../../arm-none-eabi/lib/thumb/v8-m.main+fp/softfp/libstdc++.a
LOAD /usr/lib/gcc/arm-none-eabi/14.2.1/../../../arm-none-eabi/lib/thumb/v8-m.main+fp/softfp/libm.a
START GROUP
LOAD /usr/lib/gcc/arm-none-eabi/14.2.1/thumb/v8-m.main+fp/softfp/libgcc.a
LOAD /usr/lib/gcc/arm-none-eabi/14.2.1/../../../arm-none-eabi/lib/thumb/v8-m.main+fp/softfp/libg.a
LOAD /usr/lib/gcc/arm-none-eabi/14.2.1/../../../arm-none-eabi/lib/thumb/v8-m.main+fp/softfp/libc.a
END GROUP
START GROUP
LOAD /usr/lib/gcc/arm-none-eabi/14.2.1/thumb/v8-m.main+fp/softfp/libgcc.a
LOAD /usr/lib/gcc/arm-none-eabi/14.2.1/../../../arm-none-eabi/lib/thumb/v8-m.main+fp/softfp/libc.a
LOAD /usr/lib/gcc/arm-none-eabi/14.2.1/../../../arm-none-eabi/lib/thumb/v8-m.main+fp/softfp/libnosys.a
END GROUP
LOAD /usr/lib/gcc/arm-none-eabi/14.2.1/thumb/v8-m.main+fp/softfp/crtend.o
LOAD /usr/lib/gcc/arm-none-eabi/14.2.1/thumb/v8-m.main+fp/softfp/crtn.o
OUTPUT(handshake.elf elf32-littlearm)
LOAD linker stubs

.rel.dyn        0x10006a8c        0x0
 .rel.iplt      0x10006a8c        0x0 /usr/lib/gcc/arm-none-eabi/14.2.1/thumb/v8-m.main+fp/softfp/crtbegin.o

.ARM.attributes
                0x00000000       0x34
 .ARM.attributes
                0x00000000       0x26 /usr/lib/gcc/arm-none-eabi/14.2.1/thumb/v8-m.main+fp/softfp/crti.o
 .ARM.attributes
                0x00000026       0x36 /usr/lib/gcc/arm-none-eabi/14.2.1/thumb/v8-m.main+fp/softfp/crtbegin.o
 .ARM.attributes
                0x0000005c       0x38 CMakeFiles/handshake.dir/main.c.o
 .ARM.attributes
                0x00000094       0x38 CMakeFiles/handshake.dir/home/olof/programs/school/embedded/2/ES-Lab-Kit/Software/bsp/bsp.c.o
 .ARM.attributes
                0x000000cc       0x38 CMakeFiles/handshake.dir/home/olof/programs/school/embedded/2/ES-Lab-Kit/Software/bsp/ht16k33.c.o
 .ARM.attributes
                0x00000104       0x38 CMakeFiles/handshake.dir/home/olof/programs/school/embedded/2/ES-Lab-Kit/Software/bsp/mma8452q.c.o
 .ARM.attributes
                0x0000013c       0x38 CMakeFiles/handshake.dir/home/olof/programs/school/embedded/2/ES-Lab-Kit/Software/bsp/psram.c.o
 .ARM.attributes
                0x00000174       0x38 CMakeFiles/handshake.dir/home/olof/pico-sdk/src/rp2_common/hardware_gpio/gpio.c.o
 .ARM.attributes