Archive member included to satisfy reference by file (symbol)

/usr/lib/gcc/arm-none-eabi/14.2.1/../../../arm-none-eabi/lib/thumb/v8-m.main+fp/softfp/libm.a(libm_a-wf_sqrt.o)
                              CMakeFiles/shared_memory.dir/home/olof/pico-sdk/src/rp2_common/pico_float/float_math.c.o (sqrtf)
/usr/lib/gcc/arm-none-eabi/14.2.1/../../../arm-none-eabi/lib/thumb/v8-m.main+fp/softfp/libm.a(libm_a-ef_sqrt.o)
                              /usr/lib/gcc/arm-none-eabi/14.2.1/../../../arm-none-eabi/lib/thumb/v8-m.main+fp/softfp/libm.a(libm_a-wf_sqrt.o) (__ieee754_sqrtf)
/usr/lib/gcc/arm-none-eabi/14.2.1/thumb/v8-m.main+fp/softfp/libgcc.a(_arm_addsubdf3.o)
                              CMakeFiles/shared_memory.dir/home/olof/programs/school/embedded/2/ES-Lab-Kit/Software/bsp/bsp.c.o (__aeabi_f2d)
/usr/lib/gcc/arm-none-eabi/14.2.1/thumb/v8-m.main+fp/softfp/libgcc.a(_aeabi_ldivmod.o)
                              CMakeFiles/shared_memory.dir/home/olof/programs/school/embedded/2/ES-Lab-Kit/Software/bsp/psram.c.o (__aeabi_ldivmod)
/usr/lib/gcc/arm-none-eabi/14.2.1/thumb/v8-m.main+fp/softfp/libgcc.a(_aeabi_uldivmod.o)
                              CMakeFiles/shared_memory.dir/home/olof/pico-sdk/src/rp2_common/hardware_clocks/clocks.c.o (__aeabi_uldivmod)
/usr/lib/gcc/arm-none-eabi/14.2.1/thumb/v8-m.main+fp/softfp/libgcc.a(_udivmoddi4.o)
                              /usr/lib/gcc/arm-none-eabi/14.2.1/thumb/v8-m.main+fp/softfp/libgcc.a(_aeabi_ldivmod.o) (__udivmoddi4)
/usr/lib/gcc/arm-none-eabi/14.2.1/thumb/v8-m.main+fp/softfp/libgcc.a(_dvmd_tls.o)
                              /usr/lib/gcc/arm-none-eabi/14.2.1/thumb/v8-m.main+fp/softfp/libgcc.a(_aeabi_ldivmod.o) (__aeabi_ldiv0)
/usr/lib/gcc/arm-none-eabi/14.2.1/../../../arm-none-eabi/lib/thumb/v8-m.main+fp/softfp/libg.a(libc_a-strlen-stub.o)
                              CMakeFiles/shared_memory.dir/home/olof/programs/school/embedded/2/ES-Lab-Kit/Software/bsp/ht16k33.c.o (strlen)
/usr/lib/gcc/arm-none-eabi/14.2.1/../../../arm-none-eabi/lib/thumb/v8-m.main+fp/softfp/libg.a(libc_a-memset.o)
                              /usr/lib/gcc/arm-none-eabi/14.2.1/../../../arm-none-eabi/lib/thumb/v8-m.main+fp/softfp/crt0.o (memset)
/usr/lib/gcc/arm-none-eabi/14.2.1/../../../arm-none-eabi/lib/thumb/v8-m.main+fp/softfp/libg.a(libc_a-fini.o)
                              /usr/lib/gcc/arm-none-eabi/14.2.1/../../../arm-none-eabi/lib/thumb/v8-m.main+fp/softfp/crt0.o (__libc_fini_array)
/usr/lib/gcc/arm-none-eabi/14.2.1/../../../arm-none-eabi/lib/thumb/v8-m.main+fp/softfp/libg.a(libc_a-calloc.o)
                              CMakeFiles/shared_memory.dir/home/olof/pico-sdk/src/rp2_common/pico_malloc/malloc.c.o (calloc)
/usr/lib/gcc/arm-none-eabi/14.2.1/../../../arm-none-eabi/lib/thumb/v8-m.main+fp/softfp/libg.a(libc_a-callocr.o)
                              /usr/lib/gcc/arm-none-eabi/14.2.1/../../../arm-none-eabi/lib/thumb/v8-m.main+fp/softfp/libg.a(libc_a-calloc.o) (_calloc_r)
/usr/lib/gcc/arm-none-eabi/14.2.1/../../../arm-none-eabi/lib/thumb/v8-m.main+fp/softfp/libg.a(libc_a-realloc.o)
                              CMakeFiles/shared_memory.dir/home/olof/pico-sdk/src/rp2_common/pico_malloc/malloc.c.o (realloc)
/usr/lib/gcc/arm-none-eabi/14.2.1/../../../arm-none-eabi/lib/thumb/v8-m.main+fp/softfp/libg.a(libc_a-mallocr.o)
                              /usr/lib/gcc/arm-none-eabi/14.2.1/../../../arm-none-eabi/lib/thumb/v8-m.main+fp/softfp/libg.a(libc_a-callocr.o) (_malloc_r)
/usr/lib/gcc/arm-none-eabi/14.2.1/../../../arm-none-eabi/lib/thumb/v8-m.main+fp/softfp/libg.a(libc_a-freer.o)
                              /usr/lib/gcc/arm-none-eabi/14.2.1/../../../arm-none-eabi/lib/thumb/v8-m.main+fp/softfp/libg.a(libc_a-mallocr.o) (_free_r)
/usr/lib/gcc/arm-none-eabi/14.2.1/../../../arm-none-eabi/lib/thumb/v8-m.main+fp/softfp/libg.a(libc_a-memcmp.o)
                              CMakeFiles/shared_memory.dir/home/olof/pico-sdk/src/rp2_common/pico_atomic/atomic.c.o (memcmp)
/usr/lib/gcc/arm-none-eabi/14.2.1/../../../arm-none-eabi/lib/thumb/v8-m.main+fp/softfp/libg.a(libc_a-errno.o)
                              /usr/lib/gcc/arm-none-eabi/14.2.1/../../../arm-none-eabi/lib/thumb/v8-m.main+fp/softfp/libm.a(libm_a-wf_sqrt.o) (__errno)
/usr/lib/gcc/arm-none-eabi/14.2.1/../../../arm-none-eabi/lib/thumb/v8-m.main+fp/softfp/libg.a(libc_a-malloc.o)
                              CMakeFiles/shared_memory.dir/home/olof/pico-sdk/src/rp2_common/pico_malloc/malloc.c.o (malloc)
/usr/lib/gcc/arm-none-eabi/14.2.1/../../../arm-none-eabi/lib/thumb/v8-m.main+fp/softfp/libg.a(libc_a-reallocr.o)
                              /usr/lib/gcc/arm-none-eabi/14.2.1/../../../arm-none-eabi/lib/thumb/v8-m.main+fp/softfp/libg.a(libc_a-realloc.o) (_realloc_r)
/usr/lib/gcc/arm-none-eabi/14.2.1/../../../arm-none-eabi/lib/thumb/v8-m.main+fp/softfp/libg.a(libc_a-mktime.o)
                              CMakeFiles/shared_memory.dir/home/olof/pico-sdk/src/common/pico_util/datetime.c.o (mktime)
[...]
Memory Configuration

Name             Origin             Length             Attributes
FLASH            0x10000000         0x00400000         xr
RAM              0x20000000         0x00080000         xrw
SCRATCH_X        0x20080000         0x00001000         xrw
SCRATCH_Y        0x20081000         0x00001000         xrw
*default*        0x00000000         0xffffffff

Linker script and memory map

LOAD /usr/lib/gcc/arm-none-eabi/14.2.1/thumb/v8-m.main+fp/softfp/crti.o
LOAD /usr/lib/gcc/arm-none-eabi/14.2.1/thumb/v8-m.main+fp/softfp/crtbegin.o
LOAD /usr/lib/gcc/arm-none-eabi/14.2.1/../../../arm-none-eabi/lib/thumb/v8-m.main+fp/softfp/crt0.o

.flash_begin    0x10000000        0x0
                0x10000000                        __flash_binary_start = .

.text           0x10000000     0x7ae4
                0x10000000                        __logical_binary_start = .
 *(.vectors)
 .vectors       0x10000000      0x124 CMakeFiles/shared_memory.dir/home/olof/pico-sdk/src/rp2_common/pico_crt0/crt0.S.o
                0x10000000                __vectors
                0x10000000                __VECTOR_TABLE
                0x10000110                isr_securefault
                0x10000110                isr_irq30
                0x10000110                __unhandled_user_irq
                0x10000110                isr_irq49
                0x10000110                isr_irq13
                0x10000110                isr_irq43
                0x10000110                isr_irq45
                0x10000110                isr_irq27
                0x10000110                isr_irq32
                0x10000110                isr_irq31
                0x10000110                isr_irq5
                0x10000110                isr_irq11
                0x10000110                isr_irq23
                0x10000110                isr_usagefault
                0x10000110                isr_irq48
                0x10000110                isr_irq35
                0x10000110                isr_irq18
                0x10000110                isr_irq50
                0x10000110                isr_irq40
                0x10000110                isr_irq28
                0x10000110                isr_irq19
                0x10000110                isr_irq36
                0x10000110                isr_irq41
                0x10000110                isr_irq0
                0x10000110                isr_irq6
                0x10000110                isr_memmanage
                0x10000110                isr_irq37
                0x10000110                isr_irq42
                0x10000110                isr_irq22
                0x10000110                isr_irq17
                0x10000110                isr_irq38
                0x10000110                isr_irq14
                0x10000110                __vectors_end
                0x10000110                __default_isrs_start
                0x10000110                isr_irq2
                0x10000110                isr_irq10
                0x10000110                isr_irq8
                0x10000110                isr_debugmonitor
                0x10000110                isr_irq24
                0x10000110                isr_irq46
                0x10000110                isr_irq1
                0x10000110                isr_irq47
                0x10000110                isr_irq51
                0x10000110                isr_irq7
                0x10000110                isr_irq21
                0x10000110                isr_irq39
                0x10000110                isr_irq20
                0x10000110                isr_irq15
                0x10000110                isr_irq25
                0x10000110                isr_irq34
                0x10000110                isr_irq4
                0x10000110                isr_busfault
                0x10000110                isr_irq16
                0x10000110                isr_irq44
                0x10000110                isr_irq29
                0x10000110                isr_irq26
                0x10000110                isr_irq33
                0x10000110                isr_irq3
                0x10000110                isr_irq12
                0x10000110                isr_irq9
                0x10000116                unhandled_user_irq_num_in_r0
                0x10000118                isr_invalid
                0x1000011a                isr_nmi
                0x1000011c                isr_hardfault
                0x1000011e                isr_svcall
                0x10000120                isr_pendsv
                0x10000122                isr_systick
                0x10000124                __default_isrs_end
 *(.binary_info_header)
 .binary_info_header
                0x10000124       0x14 CMakeFiles/shared_memory.dir/home/olof/pico-sdk/src/rp2_common/pico_crt0/crt0.S.o
                0x10000138                        __binary_info_header_end = .
 *(.embedded_block)
 .embedded_block
                0x10000138       0x14 CMakeFiles/shared_memory.dir/home/olof/pico-sdk/src/rp2_common/pico_crt0/crt0.S.o
                0x1000014c                        __embedded_block_end = .
 *(.reset)
 .reset         0x1000014c       0x98 CMakeFiles/shared_memory.dir/home/olof/pico-sdk/src/rp2_common/pico_crt0/crt0.S.o
                0x1000014c                _entry_point
 *(.init)
 .init          0x100001e4        0x4 /usr/lib/gcc/arm-none-eabi/14.2.1/thumb/v8-m.main+fp/softfp/crti.o
                0x100001e4                _init
 *libgcc.a:cmse_nonsecure_call.o()
 *(EXCLUDE_FILE(*libm.a: *libc.a:*lib_a-mem*.o *libgcc.a:) .text*)
 .text          0x100001e8       0x8c /usr/lib/gcc/arm-none-eabi/14.2.1/thumb/v8-m.main+fp/softfp/crtbegin.o
 .text.task_b   0x10000274       0x3c CMakeFiles/shared_memory.dir/main.c.o
                0x10000274                task_b
 .text.task_a   0x100002b0       0x60 CMakeFiles/shared_memory.dir/main.c.o
                0x100002b0                task_a
 .text.startup.main
                0x10000310       0x58 CMakeFiles/shared_memory.dir/main.c.o
                0x10000310                main
 .text.BSP_Init
                0x10000368      0x220 CMakeFiles/shared_memory.dir/home/olof/programs/school/embedded/2/ES-Lab-Kit/Software/bsp/bsp.c.o
                0x10000368                BSP_Init
 .text.BSP_ShiftRegWriteAll
                0x10000588       0x54 CMakeFiles/shared_memory.dir/home/olof/programs/school/embedded/2/ES-Lab-Kit/Software/bsp/bsp.c.o
                0x10000588                BSP_ShiftRegWriteAll
 .text.pwm_gpio_to_slice_num
                0x100005dc       0x14 CMakeFiles/shared_memory.dir/home/olof/programs/school/embedded/2/ES-Lab-Kit/Software/bsp/bsp.c.o
 .text.pwm_set_wrap
                0x100005f0       0x14 CMakeFiles/shared_memory.dir/home/olof/programs/school/embedded/2/ES-Lab-Kit/Software/bsp/bsp.c.o
 .text.pwm_set_gpio_level
                0x10000604       0x40 CMakeFiles/shared_memory.dir/home/olof/programs/school/embedded/2/ES-Lab-Kit/Software/bsp/bsp.c.o
 .text.pwm_set_enabled
                0x10000644       0x20 CMakeFiles/shared_memory.dir/home/olof/programs/school/embedded/2/ES-Lab-Kit/Software/bsp/bsp.c.o
 .text.gpio_put
                0x10000664        0x8 CMakeFiles/shared_memory.dir/home/olof/programs/school/embedded/2/ES-Lab-Kit/Software/bsp/bsp.c.o
 .text.gpio_set_dir
                0x1000066c        0x8 CMakeFiles/shared_memory.dir/home/olof/programs/school/embedded/2/ES-Lab-Kit/Software/bsp/bsp.c.o
 .text.gpio_pull_up
                0x10000674        0x8 CMakeFiles/shared_memory.dir/home/olof/programs/school/embedded/2/ES-Lab-Kit/Software/bsp/bsp.c.o
 .text.i2c_write_byte
                0x1000067c       0x2c CMakeFiles/shared_memory.dir/home/olof/programs/school/embedded/2/ES-Lab-Kit/Software/bsp/ht16k33.c.o
                0x1000067c                i2c_write_byte
 .text.ht16k33_init
                0x100006a8       0x24 CMakeFiles/shared_memory.dir/home/olof/programs/school/embedded/2/ES-Lab-Kit/Software/bsp/ht16k33.c.o
                0x100006a8                ht16k33_init
 .text.ht16k33_display_set
                0x100006cc       0x44 CMakeFiles/shared_memory.dir/home/olof/programs/school/embedded/2/ES-Lab-Kit/Software/bsp/ht16k33.c.o
 .text.ht16k33_clear_all
                0x10000710       0x28 CMakeFiles/shared_memory.dir/home/olof/programs/school/embedded/2/ES-Lab-Kit/Software/bsp/ht16k33.c.o
                0x10000710                ht16k33_clear_all
 .text.mma8452q_setScale
                0x10000738      0x118 CMakeFiles/shared_memory.dir/home/olof/programs/school/embedded/2/ES-Lab-Kit/Software/bsp/mma8452q.c.o
                0x10000738                mma8452q_setScale
 .text.mma8452q_setDataRate
                0x10000850      0x110 CMakeFiles/shared_memory.dir/home/olof/programs/school/embedded/2/ES-Lab-Kit/Software/bsp/mma8452q.c.o
                0x10000850                mma8452q_setDataRate
 .text.setupTap
                0x10000960      0x1ac CMakeFiles/shared_memory.dir/home/olof/programs/school/embedded/2/ES-Lab-Kit/Software/bsp/mma8452q.c.o
                0x10000960                setupTap
 .text.mma8452q_init
                0x10000b0c      0x168 CMakeFiles/shared_memory.dir/home/olof/programs/school/embedded/2/ES-Lab-Kit/Software/bsp/mma8452q.c.o
                0x10000b0c                mma8452q_init
 .text.psram_setup
                0x10000c74        0x4 CMakeFiles/shared_memory.dir/home/olof/programs/school/embedded/2/ES-Lab-Kit/Software/bsp/psram.c.o
                0x10000c74                psram_setup
 .text.gpio_set_function
                0x10000c78       0x3c CMakeFiles/shared_memory.dir/home/olof/pico-sdk/src/rp2_common/hardware_gpio/gpio.c.o
                0x10000c78                gpio_set_function
 .text.gpio_set_pulls
                0x10000cb4       0x28 CMakeFiles/shared_memory.dir/home/olof/pico-sdk/src/rp2_common/hardware_gpio/gpio.c.o
                0x10000cb4                gpio_set_pulls
 .text.gpio_init
                0x10000cdc       0x48 CMakeFiles/shared_memory.dir/home/olof/pico-sdk/src/rp2_common/hardware_gpio/gpio.c.o
                0x10000cdc                gpio_init
 .text.panic    0x10000d24       0x30 CMakeFiles/shared_memory.dir/home/olof/pico-sdk/src/rp2_common/pico_platform_panic/panic.c.o
                0x10000d24                panic
 .text.hw_claim_lock
                0x10000d54       0x24 CMakeFiles/shared_memory.dir/home/olof/pico-sdk/src/common/hardware_claim/claim.c.o
                0x10000d54                hw_claim_lock
 .text.hw_claim_unlock
                0x10000d78       0x14 CMakeFiles/shared_memory.dir/home/olof/pico-sdk/src/common/hardware_claim/claim.c.o
                0x10000d78                hw_claim_unlock
 .text.hw_claim_or_assert
                0x10000d8c       0x58 CMakeFiles/shared_memory.dir/home/olof/pico-sdk/src/common/hardware_claim/claim.c.o
                0x10000d8c                hw_claim_or_assert
 .text.next_striped_spin_lock_num
                0x10000de4       0x18 CMakeFiles/shared_memory.dir/home/olof/pico-sdk/src/rp2_common/hardware_sync/sync.c.o
                0x10000de4                next_striped_spin_lock_num
 .text.spin_lock_claim
                0x10000dfc       0x14 CMakeFiles/shared_memory.dir/home/olof/pico-sdk/src/rp2_common/hardware_sync/sync.c.o
                0x10000dfc                spin_lock_claim
 .text.spinlock_set_extexclall
                0x10000e10       0x10 CMakeFiles/shared_memory.dir/home/olof/pico-sdk/src/rp2_common/hardware_sync_spin_lock/sync_spin_lock.c.o
 .text.spin_locks_reset
                0x10000e20       0x18 CMakeFiles/shared_memory.dir/home/olof/pico-sdk/src/rp2_common/hardware_sync_spin_lock/sync_spin_lock.c.o
                0x10000e20                spin_locks_reset
 .text.runtime_init_per_core_irq_priorities
                0x10000e38       0x40 CMakeFiles/shared_memory.dir/home/olof/pico-sdk/src/rp2_common/hardware_irq/irq.c.o
                0x10000e38                runtime_init_per_core_irq_priorities
 .text.irq_set_enabled
                0x10000e78       0x2c CMakeFiles/shared_memory.dir/home/olof/pico-sdk/src/rp2_common/hardware_irq/irq.c.o
                0x10000e78                irq_set_enabled
 .text.irq_is_enabled
                0x10000ea4       0x20 CMakeFiles/shared_memory.dir/home/olof/pico-sdk/src/rp2_common/hardware_irq/irq.c.o
                0x10000ea4                irq_is_enabled
 .text.irq_set_exclusive_handler
                0x10000ec4       0x60 CMakeFiles/shared_memory.dir/home/olof/pico-sdk/src/rp2_common/hardware_irq/irq.c.o
                0x10000ec4                irq_set_exclusive_handler
 .text.irq_remove_handler
                0x10000f24      0x1f4 CMakeFiles/shared_memory.dir/home/olof/pico-sdk/src/rp2_common/hardware_irq/irq.c.o
                0x10000f24                irq_remove_handler
 .text.irq_set_priority
                0x10001118       0x28 CMakeFiles/shared_memory.dir/home/olof/pico-sdk/src/rp2_common/hardware_irq/irq.c.o
                0x10001118                irq_set_priority
 .text.irq_add_tail_to_free_list
                0x10001140       0xbc CMakeFiles/shared_memory.dir/home/olof/pico-sdk/src/rp2_common/hardware_irq/irq.c.o
                0x10001140                irq_add_tail_to_free_list
 .text.lock_init
                0x100011fc        0xc CMakeFiles/shared_memory.dir/home/olof/pico-sdk/src/common/pico_sync/lock_core.c.o
                0x100011fc                lock_init
 .text.runtime_init_mutex
                0x10001208       0x54 CMakeFiles/shared_memory.dir/home/olof/pico-sdk/src/common/pico_sync/mutex.c.o
                0x10001208                runtime_init_mutex
 *fill*         0x1000125c        0x4 
 .text.alarm_pool_irq_handler
                0x10001260      0x2f0 CMakeFiles/shared_memory.dir/home/olof/pico-sdk/src/common/pico_time/time.c.o
 .text.sleep_until_callback
                0x10001550       0x34 CMakeFiles/shared_memory.dir/home/olof/pico-sdk/src/common/pico_time/time.c.o
 .text.runtime_init_default_alarm_pool
                0x10001584      0x100 CMakeFiles/shared_memory.dir/home/olof/pico-sdk/src/common/pico_time/time.c.o
                0x10001584                runtime_init_default_alarm_pool
 .text.alarm_pool_add_alarm_at_force_in_context
                0x10001684       0xc8 CMakeFiles/shared_memory.dir/home/olof/pico-sdk/src/common/pico_time/time.c.o
                0x10001684                alarm_pool_add_alarm_at_force_in_context
 .text.alarm_pool_cancel_alarm
                0x1000174c       0x80 CMakeFiles/shared_memory.dir/home/olof/pico-sdk/src/common/pico_time/time.c.o
                0x1000174c                alarm_pool_cancel_alarm
 .text.sleep_ms
                0x100017cc       0xd8 CMakeFiles/shared_memory.dir/home/olof/pico-sdk/src/common/pico_time/time.c.o
                0x100017cc                sleep_ms
 .text.best_effort_wfe_or_timeout
                0x100018a4       0xd4 CMakeFiles/shared_memory.dir/home/olof/pico-sdk/src/common/pico_time/time.c.o
                0x100018a4                best_effort_wfe_or_timeout
 .text.timer_hardware_alarm_claim
                0x10001978       0x24 CMakeFiles/shared_memory.dir/home/olof/pico-sdk/src/rp2_common/hardware_timer/timer.c.o
                0x10001978                timer_hardware_alarm_claim
 .text.timer_time_us_64
                0x1000199c       0x10 CMakeFiles/shared_memory.dir/home/olof/pico-sdk/src/rp2_common/hardware_timer/timer.c.o
                0x1000199c                timer_time_us_64
 .text.time_us_64
                0x100019ac       0x14 CMakeFiles/shared_memory.dir/home/olof/pico-sdk/src/rp2_common/hardware_timer/timer.c.o
                0x100019ac                time_us_64
 .text.busy_wait_us
                0x100019c0       0x5c CMakeFiles/shared_memory.dir/home/olof/pico-sdk/src/rp2_common/hardware_timer/timer.c.o
                0x100019c0                busy_wait_us
 .text.busy_wait_until
                0x10001a1c       0x24 CMakeFiles/shared_memory.dir/home/olof/pico-sdk/src/rp2_common/hardware_timer/timer.c.o
                0x10001a1c                busy_wait_until
 .text.uart_init
                0x10001a40      0x104 CMakeFiles/shared_memory.dir/home/olof/pico-sdk/src/rp2_common/hardware_uart/uart.c.o
                0x10001a40                uart_init
 .text.clock_configure_undivided
                0x10001b44       0xd0 CMakeFiles/shared_memory.dir/home/olof/pico-sdk/src/rp2_common/hardware_clocks/clocks.c.o
                0x10001b44                clock_configure_undivided
 .text.clock_get_hz
                0x10001c14        0xc CMakeFiles/shared_memory.dir/home/olof/pico-sdk/src/rp2_common/hardware_clocks/clocks.c.o
                0x10001c14                clock_get_hz
 .text.pll_init
                0x10001c20       0x8c CMakeFiles/shared_memory.dir/home/olof/pico-sdk/src/rp2_common/hardware_pll/pll.c.o
                0x10001c20                pll_init
 .text.tick_start
                0x10001cac       0x18 CMakeFiles/shared_memory.dir/home/olof/pico-sdk/src/rp2_common/hardware_ticks/ticks.c.o
                0x10001cac                tick_start
 .text.rom_func_lookup
                0x10001cc4       0x18 CMakeFiles/shared_memory.dir/home/olof/pico-sdk/src/rp2_common/pico_bootrom/bootrom.c.o
                0x10001cc4                rom_func_lookup
 .text.runtime_init_bootrom_locking_enable
                0x10001cdc       0x14 CMakeFiles/shared_memory.dir/home/olof/pico-sdk/src/rp2_common/pico_bootrom/bootrom_lock.c.o
                0x10001cdc                runtime_init_bootrom_locking_enable
 .text.runtime_init_boot_locks_reset
                0x10001cf0       0x1c CMakeFiles/shared_memory.dir/home/olof/pico-sdk/src/rp2_common/hardware_boot_lock/boot_lock.c.o
                0x10001cf0                runtime_init_boot_locks_reset
 .text.xosc_init
                0x10001d0c       0x30 CMakeFiles/shared_memory.dir/home/olof/pico-sdk/src/rp2_common/hardware_xosc/xosc.c.o
                0x10001d0c                xosc_init
 .text.first_per_core_initializer
                0x10001d3c        0x4 CMakeFiles/shared_memory.dir/home/olof/pico-sdk/src/rp2_common/pico_runtime/runtime.c.o
 .text.hard_assertion_failure
                0x10001d40        0xc CMakeFiles/shared_memory.dir/home/olof/pico-sdk/src/rp2_common/pico_runtime/runtime.c.o
                0x10001d40                hard_assertion_failure
 .text.runtime_run_initializers
                0x10001d4c       0x20 CMakeFiles/shared_memory.dir/home/olof/pico-sdk/src/rp2_common/pico_runtime/runtime.c.o
                0x10001d4c                runtime_run_initializers
 .text.runtime_run_per_core_initializers
                0x10001d6c       0x20 CMakeFiles/shared_memory.dir/home/olof/pico-sdk/src/rp2_common/pico_runtime/runtime.c.o
                0x10001d6c                runtime_run_per_core_initializers
 .text.runtime_init_early_resets
                0x10001d8c       0x34 CMakeFiles/shared_memory.dir/home/olof/pico-sdk/src/rp2_common/pico_runtime_init/runtime_init.c.o
                0x10001d8c                runtime_init_early_resets
 .text.runtime_init_usb_power_down
                0x10001dc0       0x1c CMakeFiles/shared_memory.dir/home/olof/pico-sdk/src/rp2_common/pico_runtime_init/runtime_init.c.o
                0x10001dc0                runtime_init_usb_power_down
 .text.runtime_init_per_core_enable_coprocessors
                0x10001ddc       0x1c CMakeFiles/shared_memory.dir/home/olof/pico-sdk/src/rp2_common/pico_runtime_init/runtime_init.c.o
                0x10001ddc                runtime_init_per_core_enable_coprocessors
 .text.runtime_init_post_clock_resets
                0x10001df8       0x20 CMakeFiles/shared_memory.dir/home/olof/pico-sdk/src/rp2_common/pico_runtime_init/runtime_init.c.o
                0x10001df8                runtime_init_post_clock_resets
 .text.runtime_init_bootrom_reset
                0x10001e18       0x14 CMakeFiles/shared_memory.dir/home/olof/pico-sdk/src/rp2_common/pico_runtime_init/runtime_init.c.o
                0x10001e18                runtime_init_bootrom_reset
 .text.runtime_init_per_core_bootrom_reset
                0x10001e2c       0x14 CMakeFiles/shared_memory.dir/home/olof/pico-sdk/src/rp2_common/pico_runtime_init/runtime_init.c.o
                0x10001e2c                runtime_init_per_core_bootrom_reset
 .text.runtime_init_spin_locks_reset
                0x10001e40        0x4 CMakeFiles/shared_memory.dir/home/olof/pico-sdk/src/rp2_common/pico_runtime_init/runtime_init.c.o
                0x10001e40                runtime_init_spin_locks_reset
 .text.runtime_init_install_ram_vector_table
                0x10001e44       0x68 CMakeFiles/shared_memory.dir/home/olof/pico-sdk/src/rp2_common/pico_runtime_init/runtime_init.c.o
                0x10001e44                runtime_init_install_ram_vector_table
 .text.runtime_init_clocks
                0x10001eac       0xdc CMakeFiles/shared_memory.dir/home/olof/pico-sdk/src/rp2_common/pico_runtime_init/runtime_init_clocks.c.o
                0x10001eac                runtime_init_clocks
 .text.__rp2350_dcp_engaged_state_save_restore
                0x10001f88       0x3a CMakeFiles/shared_memory.dir/home/olof/pico-sdk/src/rp2_common/pico_double/double_aeabi_dcp.S.o
 *fill*         0x10001fc2        0x2 
 .text.__wrap___aeabi_dadd
                0x10001fc4       0x28 CMakeFiles/shared_memory.dir/home/olof/pico-sdk/src/rp2_common/pico_double/double_aeabi_dcp.S.o
                0x10001fcc                __wrap___aeabi_dadd
 .text.__wrap___aeabi_dsub
                0x10001fec       0x28 CMakeFiles/shared_memory.dir/home/olof/pico-sdk/src/rp2_common/pico_double/double_aeabi_dcp.S.o
                0x10001ff4                __wrap___aeabi_dsub
 .text.__wrap___aeabi_dmul
                0x10002014       0x4c CMakeFiles/shared_memory.dir/home/olof/pico-sdk/src/rp2_common/pico_double/double_aeabi_dcp.S.o
                0x1000201c                __wrap___aeabi_dmul
 .text.__wrap___aeabi_ddiv
                0x10002060       0x9c CMakeFiles/shared_memory.dir/home/olof/pico-sdk/src/rp2_common/pico_double/double_aeabi_dcp.S.o
                0x10002068                __wrap___aeabi_ddiv
 .text.__wrap___aeabi_i2d
                0x100020fc       0x24 CMakeFiles/shared_memory.dir/home/olof/pico-sdk/src/rp2_common/pico_double/double_aeabi_dcp.S.o
                0x10002104                __wrap___aeabi_i2d
                0x10002104                int2double
 .text.__wrap___aeabi_ui2d
                0x10002120       0x24 CMakeFiles/shared_memory.dir/home/olof/pico-sdk/src/rp2_common/pico_double/double_aeabi_dcp.S.o
                0x10002128                __wrap___aeabi_ui2d
                0x10002128                uint2double
 .text.__wrap___aeabi_d2iz
                0x10002144       0x24 CMakeFiles/shared_memory.dir/home/olof/pico-sdk/src/rp2_common/pico_double/double_aeabi_dcp.S.o
                0x1000214c                __wrap___aeabi_d2iz
                0x1000214c                double2int_z
 .text.__wrap___aeabi_d2uiz
                0x10002168       0x24 CMakeFiles/shared_memory.dir/home/olof/pico-sdk/src/rp2_common/pico_double/double_aeabi_dcp.S.o
                0x10002170                double2uint_z
                0x10002170                double2uint
                0x10002170                __wrap___aeabi_d2uiz
 .text.__wrap___aeabi_dcmpun
                0x1000218c       0x24 CMakeFiles/shared_memory.dir/home/olof/pico-sdk/src/rp2_common/pico_double/double_aeabi_dcp.S.o
                0x10002194                __wrap___aeabi_dcmpun
 .text.__wrap___aeabi_dcmplt
                0x100021b0       0x28 CMakeFiles/shared_memory.dir/home/olof/pico-sdk/src/rp2_common/pico_double/double_aeabi_dcp.S.o
                0x100021b8                __wrap___aeabi_dcmplt
 .text.__wrap___aeabi_dcmple
                0x100021d8       0x28 CMakeFiles/shared_memory.dir/home/olof/pico-sdk/src/rp2_common/pico_double/double_aeabi_dcp.S.o
                0x100021e0                __wrap___aeabi_dcmple
 .text.__wrap___aeabi_dcmpge
                0x10002200       0x28 CMakeFiles/shared_memory.dir/home/olof/pico-sdk/src/rp2_common/pico_double/double_aeabi_dcp.S.o
                0x10002208                __wrap___aeabi_dcmpge
 .text.__wrap___aeabi_dcmpgt
                0x10002228       0x28 CMakeFiles/shared_memory.dir/home/olof/pico-sdk/src/rp2_common/pico_double/double_aeabi_dcp.S.o
                0x10002230                __wrap___aeabi_dcmpgt
 .text._out_null
                0x10002250        0x4 CMakeFiles/shared_memory.dir/home/olof/pico-sdk/src/rp2_common/pico_printf/printf.c.o
 .text._out_rev
                0x10002254       0x9c CMakeFiles/shared_memory.dir/home/olof/pico-sdk/src/rp2_common/pico_printf/printf.c.o
 .text._ntoa_format
                0x100022f0      0x1d4 CMakeFiles/shared_memory.dir/home/olof/pico-sdk/src/rp2_common/pico_printf/printf.c.o
 .text._out_char
                0x100024c4        0x8 CMakeFiles/shared_memory.dir/home/olof/pico-sdk/src/rp2_common/pico_printf/printf.c.o
 .text._out_fct
                0x100024cc        0xc CMakeFiles/shared_memory.dir/home/olof/pico-sdk/src/rp2_common/pico_printf/printf.c.o
 .text._ftoa    0x100024d8      0x4bc CMakeFiles/shared_memory.dir/home/olof/pico-sdk/src/rp2_common/pico_printf/printf.c.o
 *fill*         0x10002994        0x4 
 .text._etoa    0x10002998      0x574 CMakeFiles/shared_memory.dir/home/olof/pico-sdk/src/rp2_common/pico_printf/printf.c.o
 .text._vsnprintf
                0x10002f0c      0x9e4 CMakeFiles/shared_memory.dir/home/olof/pico-sdk/src/rp2_common/pico_printf/printf.c.o
 .text.vfctprintf
                0x100038f0       0x28 CMakeFiles/shared_memory.dir/home/olof/pico-sdk/src/rp2_common/pico_printf/printf.c.o
                0x100038f0                vfctprintf
 .text.weak_raw_vprintf
                0x10003918       0x30 CMakeFiles/shared_memory.dir/home/olof/pico-sdk/src/rp2_common/pico_printf/printf.c.o
                0x10003918                weak_raw_vprintf
 .text._exit    0x10003948        0x4 CMakeFiles/shared_memory.dir/home/olof/pico-sdk/src/rp2_common/pico_clib_interface/newlib_interface.c.o
                0x10003948                _exit
 .text.exit     0x1000394c        0x8 CMakeFiles/shared_memory.dir/home/olof/pico-sdk/src/rp2_common/pico_clib_interface/newlib_interface.c.o
                0x1000394c                exit
 .text.runtime_init
                0x10003954       0x24 CMakeFiles/shared_memory.dir/home/olof/pico-sdk/src/rp2_common/pico_clib_interface/newlib_interface.c.o
                0x10003954                runtime_init
 .text.stdio_out_chars_no_crlf
                0x10003978        0x8 CMakeFiles/shared_memory.dir/home/olof/pico-sdk/src/rp2_common/pico_stdio/stdio.c.o
 .text.stdio_out_chars_crlf
                0x10003980       0xb0 CMakeFiles/shared_memory.dir/home/olof/pico-sdk/src/rp2_common/pico_stdio/stdio.c.o
 .text.stdio_buffered_printer
                0x10003a30       0x60 CMakeFiles/shared_memory.dir/home/olof/pico-sdk/src/rp2_common/pico_stdio/stdio.c.o
 .text.stdio_put_string
                0x10003a90       0xec CMakeFiles/shared_memory.dir/home/olof/pico-sdk/src/rp2_common/pico_stdio/stdio.c.o
                0x10003a90                stdio_put_string
 .text.stdio_set_driver_enabled
                0x10003b7c       0x28 CMakeFiles/shared_memory.dir/home/olof/pico-sdk/src/rp2_common/pico_stdio/stdio.c.o
                0x10003b7c                stdio_set_driver_enabled
 .text.stdio_init_all
                0x10003ba4        0xc CMakeFiles/shared_memory.dir/home/olof/pico-sdk/src/rp2_common/pico_stdio/stdio.c.o
                0x10003ba4                stdio_init_all
 .text.__wrap_putchar
                0x10003bb0       0x84 CMakeFiles/shared_memory.dir/home/olof/pico-sdk/src/rp2_common/pico_stdio/stdio.c.o
                0x10003bb0                stdio_putchar
                0x10003bb0                __wrap_putchar
 .text.__wrap_puts
                0x10003c34       0x3c CMakeFiles/shared_memory.dir/home/olof/pico-sdk/src/rp2_common/pico_stdio/stdio.c.o
                0x10003c34                __wrap_puts
                0x10003c34                stdio_puts
 .text.__wrap_vprintf
                0x10003c70       0xc4 CMakeFiles/shared_memory.dir/home/olof/pico-sdk/src/rp2_common/pico_stdio/stdio.c.o
                0x10003c70                __wrap_vprintf
                0x10003c70                stdio_vprintf
 .text.__wrap_printf
                0x10003d34       0x1c CMakeFiles/shared_memory.dir/home/olof/pico-sdk/src/rp2_common/pico_stdio/stdio.c.o
                0x10003d34                stdio_printf
                0x10003d34                __wrap_printf
 .text.stdio_uart_out_chars
                0x10003d50       0x50 CMakeFiles/shared_memory.dir/home/olof/pico-sdk/src/rp2_common/pico_stdio_uart/stdio_uart.c.o
 .text.stdio_uart_in_chars
                0x10003da0       0x94 CMakeFiles/shared_memory.dir/home/olof/pico-sdk/src/rp2_common/pico_stdio_uart/stdio_uart.c.o
                0x10003da0                stdio_uart_in_chars
 .text.on_uart_rx
                0x10003e34       0x24 CMakeFiles/shared_memory.dir/home/olof/pico-sdk/src/rp2_common/pico_stdio_uart/stdio_uart.c.o
 .text.stdio_uart_out_flush
                0x10003e58       0x10 CMakeFiles/shared_memory.dir/home/olof/pico-sdk/src/rp2_common/pico_stdio_uart/stdio_uart.c.o
 .text.stdio_uart_set_chars_available_callback
                0x10003e68       0x88 CMakeFiles/shared_memory.dir/home/olof/pico-sdk/src/rp2_common/pico_stdio_uart/stdio_uart.c.o
 .text.stdio_uart_init
                0x10003ef0       0x54 CMakeFiles/shared_memory.dir/home/olof/pico-sdk/src/rp2_common/pico_stdio_uart/stdio_uart.c.o
                0x10003ef0                stdio_uart_init
 .text.core1_trampoline
                0x10003f44        0x4 CMakeFiles/shared_memory.dir/home/olof/pico-sdk/src/rp2_common/pico_multicore/multicore.c.o
 .text.core1_wrapper
                0x10003f48       0x10 CMakeFiles/shared_memory.dir/home/olof/pico-sdk/src/rp2_common/pico_multicore/multicore.c.o
                0x10003f48                core1_wrapper
 .text.multicore_launch_core1_raw
                0x10003f58       0x84 CMakeFiles/shared_memory.dir/home/olof/pico-sdk/src/rp2_common/pico_multicore/multicore.c.o
                0x10003f58                multicore_launch_core1_raw
 .text.multicore_launch_core1
                0x10003fdc       0x48 CMakeFiles/shared_memory.dir/home/olof/pico-sdk/src/rp2_common/pico_multicore/multicore.c.o
                0x10003fdc                multicore_launch_core1
 .text.multicore_doorbell_claim_unused
                0x10004024       0xf8 CMakeFiles/shared_memory.dir/home/olof/pico-sdk/src/rp2_common/pico_multicore/multicore.c.o
                0x10004024                multicore_doorbell_claim_unused
 .text.spi_init
                0x1000411c       0xf4 CMakeFiles/shared_memory.dir/home/olof/pico-sdk/src/rp2_common/hardware_spi/spi.c.o
                0x1000411c                spi_init
 .text.i2c_read_blocking_internal.constprop.0
                0x10004210       0x70 CMakeFiles/shared_memory.dir/home/olof/pico-sdk/src/rp2_common/hardware_i2c/i2c.c.o
 .text.i2c_write_blocking_internal.constprop.0
                0x10004280       0x9c CMakeFiles/shared_memory.dir/home/olof/pico-sdk/src/rp2_common/hardware_i2c/i2c.c.o
 .text.i2c_set_baudrate
                0x1000431c       0xa4 CMakeFiles/shared_memory.dir/home/olof/pico-sdk/src/rp2_common/hardware_i2c/i2c.c.o
                0x1000431c                i2c_set_baudrate
 .text.i2c_init
                0x100043c0       0x4c CMakeFiles/shared_memory.dir/home/olof/pico-sdk/src/rp2_common/hardware_i2c/i2c.c.o
                0x100043c0                i2c_init
 .text.i2c_write_blocking
                0x1000440c       0x10 CMakeFiles/shared_memory.dir/home/olof/pico-sdk/src/rp2_common/hardware_i2c/i2c.c.o
                0x1000440c                i2c_write_blocking
 .text.i2c_read_blocking
                0x1000441c       0x10 CMakeFiles/shared_memory.dir/home/olof/pico-sdk/src/rp2_common/hardware_i2c/i2c.c.o
                0x1000441c                i2c_read_blocking
 .text.pvPortMalloc
                0x1000442c      0x114 CMakeFiles/shared_memory.dir/home/olof/programs/school/embedded/2/ES-Lab-Kit/Software/FreeRTOS-Kernel/portable/MemMang/heap_4.c.o
                0x1000442c                pvPortMalloc
 .text.vPortFree
                0x10004540       0xa4 CMakeFiles/shared_memory.dir/home/olof/programs/school/embedded/2/ES-Lab-Kit/Software/FreeRTOS-Kernel/portable/MemMang/heap_4.c.o
                0x10004540                vPortFree
 .text.prvDoorbellInterruptHandler
                0x100045e4       0x30 CMakeFiles/shared_memory.dir/home/olof/programs/school/embedded/2/ES-Lab-Kit/Software/FreeRTOS-Kernel/portable/ThirdParty/GCC/RP2350_ARM_NTZ/non_secure/port.c.o
 .text.prvTaskExitError
                0x10004614       0x18 CMakeFiles/shared_memory.dir/home/olof/programs/school/embedded/2/ES-Lab-Kit/Software/FreeRTOS-Kernel/portable/ThirdParty/GCC/RP2350_ARM_NTZ/non_secure/port.c.o
 .text.SysTick_Handler
                0x1000462c       0x24 CMakeFiles/shared_memory.dir/home/olof/programs/school/embedded/2/ES-Lab-Kit/Software/FreeRTOS-Kernel/portable/ThirdParty/GCC/RP2350_ARM_NTZ/non_secure/port.c.o
                0x1000462c                SysTick_Handler
 .text.vPortSetupTimerInterrupt
                0x10004650       0x2c CMakeFiles/shared_memory.dir/home/olof/programs/school/embedded/2/ES-Lab-Kit/Software/FreeRTOS-Kernel/portable/ThirdParty/GCC/RP2350_ARM_NTZ/non_secure/port.c.o
                0x10004650                vPortSetupTimerInterrupt
 .text.xPortStartSchedulerOnCore.isra.0
                0x1000467c      0x10c CMakeFiles/shared_memory.dir/home/olof/programs/school/embedded/2/ES-Lab-Kit/Software/FreeRTOS-Kernel/portable/ThirdParty/GCC/RP2350_ARM_NTZ/non_secure/port.c.o
 .text.prvDisableInterruptsAndPortStartSchedulerOnCore
                0x10004788       0x10 CMakeFiles/shared_memory.dir/home/olof/programs/school/embedded/2/ES-Lab-Kit/Software/FreeRTOS-Kernel/portable/ThirdParty/GCC/RP2350_ARM_NTZ/non_secure/port.c.o
 .text.vPortYield
                0x10004798       0x18 CMakeFiles/shared_memory.dir/home/olof/programs/school/embedded/2/ES-Lab-Kit/Software/FreeRTOS-Kernel/portable/ThirdParty/GCC/RP2350_ARM_NTZ/non_secure/port.c.o
                0x10004798                vPortYield
 .text.vPortSVCHandler_C
                0x100047b0       0x2c CMakeFiles/shared_memory.dir/home/olof/programs/school/embedded/2/ES-Lab-Kit/Software/FreeRTOS-Kernel/portable/ThirdParty/GCC/RP2350_ARM_NTZ/non_secure/port.c.o
                0x100047b0                vPortSVCHandler_C
 .text.pxPortInitialiseStack
                0x100047dc       0x78 CMakeFiles/shared_memory.dir/home/olof/programs/school/embedded/2/ES-Lab-Kit/Software/FreeRTOS-Kernel/portable/ThirdParty/GCC/RP2350_ARM_NTZ/non_secure/port.c.o
                0x100047dc                pxPortInitialiseStack
 .text.xPortStartScheduler
                0x10004854       0x50 CMakeFiles/shared_memory.dir/home/olof/programs/school/embedded/2/ES-Lab-Kit/Software/FreeRTOS-Kernel/portable/ThirdParty/GCC/RP2350_ARM_NTZ/non_secure/port.c.o
                0x10004854                xPortStartScheduler
 .text.vPortValidateInterruptPriority
                0x100048a4       0x14 CMakeFiles/shared_memory.dir/home/olof/programs/school/embedded/2/ES-Lab-Kit/Software/FreeRTOS-Kernel/portable/ThirdParty/GCC/RP2350_ARM_NTZ/non_secure/port.c.o
                0x100048a4                vPortValidateInterruptPriority
 .text.ulPortLockGetCurrentOwnerId
                0x100048b8       0x2c CMakeFiles/shared_memory.dir/home/olof/programs/school/embedded/2/ES-Lab-Kit/Software/FreeRTOS-Kernel/portable/ThirdParty/GCC/RP2350_ARM_NTZ/non_secure/port.c.o
                0x100048b8                ulPortLockGetCurrentOwnerId
 .text.vPortLockInternalSpinUnlockWithWait
                0x100048e4       0x64 CMakeFiles/shared_memory.dir/home/olof/programs/school/embedded/2/ES-Lab-Kit/Software/FreeRTOS-Kernel/portable/ThirdParty/GCC/RP2350_ARM_NTZ/non_secure/port.c.o
                0x100048e4                vPortLockInternalSpinUnlockWithWait
 .text.vPortLockInternalSpinUnlockWithNotify
                0x10004948       0x90 CMakeFiles/shared_memory.dir/home/olof/programs/school/embedded/2/ES-Lab-Kit/Software/FreeRTOS-Kernel/portable/ThirdParty/GCC/RP2350_ARM_NTZ/non_secure/port.c.o
                0x10004948                vPortLockInternalSpinUnlockWithNotify
 .text.xPortLockInternalSpinUnlockWithBestEffortWaitOrTimeout
                0x100049d8       0xf4 CMakeFiles/shared_memory.dir/home/olof/programs/school/embedded/2/ES-Lab-Kit/Software/FreeRTOS-Kernel/portable/ThirdParty/GCC/RP2350_ARM_NTZ/non_secure/port.c.o
                0x100049d8                xPortLockInternalSpinUnlockWithBestEffortWaitOrTimeout
 .text.startup.prvRuntimeInitializer
                0x10004acc       0x18 CMakeFiles/shared_memory.dir/home/olof/programs/school/embedded/2/ES-Lab-Kit/Software/FreeRTOS-Kernel/portable/ThirdParty/GCC/RP2350_ARM_NTZ/non_secure/port.c.o
 .text.vYieldCore
                0x10004ae4       0x18 CMakeFiles/shared_memory.dir/home/olof/programs/school/embedded/2/ES-Lab-Kit/Software/FreeRTOS-Kernel/portable/ThirdParty/GCC/RP2350_ARM_NTZ/non_secure/port.c.o
                0x10004ae4                vYieldCore
 *fill*         0x10004afc        0x4 
 .text.vRestoreContextOfFirstTask
                0x10004b00       0x38 CMakeFiles/shared_memory.dir/home/olof/programs/school/embedded/2/ES-Lab-Kit/Software/FreeRTOS-Kernel/portable/ThirdParty/GCC/RP2350_ARM_NTZ/non_secure/portasm.c.o
                0x10004b00                vRestoreContextOfFirstTask
 .text.vStartFirstTask
                0x10004b38       0x10 CMakeFiles/shared_memory.dir/home/olof/programs/school/embedded/2/ES-Lab-Kit/Software/FreeRTOS-Kernel/portable/ThirdParty/GCC/RP2350_ARM_NTZ/non_secure/portasm.c.o
                0x10004b38                vStartFirstTask
 .text.ulSetInterruptMask
                0x10004b48       0x18 CMakeFiles/shared_memory.dir/home/olof/programs/school/embedded/2/ES-Lab-Kit/Software/FreeRTOS-Kernel/portable/ThirdParty/GCC/RP2350_ARM_NTZ/non_secure/portasm.c.o
                0x10004b48                ulSetInterruptMask
 .text.vClearInterruptMask
                0x10004b60       0x10 CMakeFiles/shared_memory.dir/home/olof/programs/school/embedded/2/ES-Lab-Kit/Software/FreeRTOS-Kernel/portable/ThirdParty/GCC/RP2350_ARM_NTZ/non_secure/portasm.c.o
                0x10004b60                vClearInterruptMask
 .text.PendSV_Handler
                0x10004b70       0x98 CMakeFiles/shared_memory.dir/home/olof/programs/school/embedded/2/ES-Lab-Kit/Software/FreeRTOS-Kernel/portable/ThirdParty/GCC/RP2350_ARM_NTZ/non_secure/portasm.c.o
                0x10004b70                PendSV_Handler
 .text.SVC_Handler
                0x10004c08       0x18 CMakeFiles/shared_memory.dir/home/olof/programs/school/embedded/2/ES-Lab-Kit/Software/FreeRTOS-Kernel/portable/ThirdParty/GCC/RP2350_ARM_NTZ/non_secure/portasm.c.o
                0x10004c08                SVC_Handler
 .text.vEventGroupSetBitsCallback
                0x10004c20       0x64 CMakeFiles/shared_memory.dir/home/olof/programs/school/embedded/2/ES-Lab-Kit/Software/FreeRTOS-Kernel/event_groups.c.o
                0x10004c20                vEventGroupSetBitsCallback
 .text.xEventGroupCreateStatic
                0x10004c84       0x20 CMakeFiles/shared_memory.dir/home/olof/programs/school/embedded/2/ES-Lab-Kit/Software/FreeRTOS-Kernel/event_groups.c.o
                0x10004c84                xEventGroupCreateStatic
 .text.xEventGroupWaitBits
                0x10004ca4       0xb0 CMakeFiles/shared_memory.dir/home/olof/programs/school/embedded/2/ES-Lab-Kit/Software/FreeRTOS-Kernel/event_groups.c.o
                0x10004ca4                xEventGroupWaitBits
 .text.xEventGroupSetBits
                0x10004d54       0x68 CMakeFiles/shared_memory.dir/home/olof/programs/school/embedded/2/ES-Lab-Kit/Software/FreeRTOS-Kernel/event_groups.c.o
                0x10004d54                xEventGroupSetBits
 .text.xEventGroupSetBitsFromISR
                0x10004dbc       0x1c CMakeFiles/shared_memory.dir/home/olof/programs/school/embedded/2/ES-Lab-Kit/Software/FreeRTOS-Kernel/event_groups.c.o
                0x10004dbc                xEventGroupSetBitsFromISR
 .text.vListInitialise
                0x10004dd8       0x18 CMakeFiles/shared_memory.dir/home/olof/programs/school/embedded/2/ES-Lab-Kit/Software/FreeRTOS-Kernel/list.c.o
                0x10004dd8                vListInitialise
 .text.vListInitialiseItem
                0x10004df0        0x8 CMakeFiles/shared_memory.dir/home/olof/programs/school/embedded/2/ES-Lab-Kit/Software/FreeRTOS-Kernel/list.c.o
                0x10004df0                vListInitialiseItem
 .text.vListInsertEnd
                0x10004df8       0x1c CMakeFiles/shared_memory.dir/home/olof/programs/school/embedded/2/ES-Lab-Kit/Software/FreeRTOS-Kernel/list.c.o
                0x10004df8                vListInsertEnd
 .text.vListInsert
                0x10004e14       0x30 CMakeFiles/shared_memory.dir/home/olof/programs/school/embedded/2/ES-Lab-Kit/Software/FreeRTOS-Kernel/list.c.o
                0x10004e14                vListInsert
 .text.uxListRemove
                0x10004e44       0x28 CMakeFiles/shared_memory.dir/home/olof/programs/school/embedded/2/ES-Lab-Kit/Software/FreeRTOS-Kernel/list.c.o
                0x10004e44                uxListRemove
 .text.prvCopyDataToQueue
                0x10004e6c       0x78 CMakeFiles/shared_memory.dir/home/olof/programs/school/embedded/2/ES-Lab-Kit/Software/FreeRTOS-Kernel/queue.c.o
 .text.prvUnlockQueue
                0x10004ee4      0x190 CMakeFiles/shared_memory.dir/home/olof/programs/school/embedded/2/ES-Lab-Kit/Software/FreeRTOS-Kernel/queue.c.o
 .text.prvNotifyQueueSetContainer
                0x10005074       0x84 CMakeFiles/shared_memory.dir/home/olof/programs/school/embedded/2/ES-Lab-Kit/Software/FreeRTOS-Kernel/queue.c.o
 .text.xQueueGenericCreateStatic
                0x100050f8       0x90 CMakeFiles/shared_memory.dir/home/olof/programs/school/embedded/2/ES-Lab-Kit/Software/FreeRTOS-Kernel/queue.c.o
                0x100050f8                xQueueGenericCreateStatic
 .text.xQueueGenericSendFromISR
                0x10005188       0xa0 CMakeFiles/shared_memory.dir/home/olof/programs/school/embedded/2/ES-Lab-Kit/Software/FreeRTOS-Kernel/queue.c.o
                0x10005188                xQueueGenericSendFromISR
 .text.xQueueReceive
                0x10005228       0xfc CMakeFiles/shared_memory.dir/home/olof/programs/school/embedded/2/ES-Lab-Kit/Software/FreeRTOS-Kernel/queue.c.o
                0x10005228                xQueueReceive
 .text.vQueueAddToRegistry
                0x10005324      0x130 CMakeFiles/shared_memory.dir/home/olof/programs/school/embedded/2/ES-Lab-Kit/Software/FreeRTOS-Kernel/queue.c.o
                0x10005324                vQueueAddToRegistry
 .text.vQueueWaitForMessageRestricted
                0x10005454       0x50 CMakeFiles/shared_memory.dir/home/olof/programs/school/embedded/2/ES-Lab-Kit/Software/FreeRTOS-Kernel/queue.c.o
                0x10005454                vQueueWaitForMessageRestricted
 .text.prvPassiveIdleTask
                0x100054a4       0x20 CMakeFiles/shared_memory.dir/home/olof/programs/school/embedded/2/ES-Lab-Kit/Software/FreeRTOS-Kernel/tasks.c.o
 .text.prvYieldForTask
                0x100054c4       0xe0 CMakeFiles/shared_memory.dir/home/olof/programs/school/embedded/2/ES-Lab-Kit/Software/FreeRTOS-Kernel/tasks.c.o
 .text.vTaskExitCritical.part.0
                0x100055a4       0x8c CMakeFiles/shared_memory.dir/home/olof/programs/school/embedded/2/ES-Lab-Kit/Software/FreeRTOS-Kernel/tasks.c.o
 .text.prvInitialiseNewTask.constprop.0
                0x10005630      0x110 CMakeFiles/shared_memory.dir/home/olof/programs/school/embedded/2/ES-Lab-Kit/Software/FreeRTOS-Kernel/tasks.c.o
 .text.prvCheckForRunStateChange
                0x10005740      0x160 CMakeFiles/shared_memory.dir/home/olof/programs/school/embedded/2/ES-Lab-Kit/Software/FreeRTOS-Kernel/tasks.c.o
 .text.vTaskSuspendAll.part.0
                0x100058a0       0xf8 CMakeFiles/shared_memory.dir/home/olof/programs/school/embedded/2/ES-Lab-Kit/Software/FreeRTOS-Kernel/tasks.c.o
 .text.prvCheckTasksWaitingTermination
                0x10005998      0x1b4 CMakeFiles/shared_memory.dir/home/olof/programs/school/embedded/2/ES-Lab-Kit/Software/FreeRTOS-Kernel/tasks.c.o
 .text.prvIdleTask
                0x10005b4c       0x1c CMakeFiles/shared_memory.dir/home/olof/programs/school/embedded/2/ES-Lab-Kit/Software/FreeRTOS-Kernel/tasks.c.o
 .text.prvAddCurrentTaskToDelayedList
                0x10005b68      0x13c CMakeFiles/shared_memory.dir/home/olof/programs/school/embedded/2/ES-Lab-Kit/Software/FreeRTOS-Kernel/tasks.c.o
 .text.vTaskSuspendAll
                0x10005ca4       0x10 CMakeFiles/shared_memory.dir/home/olof/programs/school/embedded/2/ES-Lab-Kit/Software/FreeRTOS-Kernel/tasks.c.o
                0x10005ca4                vTaskSuspendAll
 .text.xTaskGetTickCount
                0x10005cb4        0xc CMakeFiles/shared_memory.dir/home/olof/programs/school/embedded/2/ES-Lab-Kit/Software/FreeRTOS-Kernel/tasks.c.o
                0x10005cb4                xTaskGetTickCount
 .text.uxTaskGetNumberOfTasks
                0x10005cc0        0xc CMakeFiles/shared_memory.dir/home/olof/programs/school/embedded/2/ES-Lab-Kit/Software/FreeRTOS-Kernel/tasks.c.o
                0x10005cc0                uxTaskGetNumberOfTasks
 .text.xTaskIncrementTick
                0x10005ccc      0x234 CMakeFiles/shared_memory.dir/home/olof/programs/school/embedded/2/ES-Lab-Kit/Software/FreeRTOS-Kernel/tasks.c.o
                0x10005ccc                xTaskIncrementTick
 .text.vTaskSwitchContext
                0x10005f00      0x314 CMakeFiles/shared_memory.dir/home/olof/programs/school/embedded/2/ES-Lab-Kit/Software/FreeRTOS-Kernel/tasks.c.o
                0x10005f00                vTaskSwitchContext
 .text.vTaskPlaceOnEventList
                0x10006214       0x34 CMakeFiles/shared_memory.dir/home/olof/programs/school/embedded/2/ES-Lab-Kit/Software/FreeRTOS-Kernel/tasks.c.o
                0x10006214                vTaskPlaceOnEventList
 .text.vTaskPlaceOnUnorderedEventList
                0x10006248       0xa0 CMakeFiles/shared_memory.dir/home/olof/programs/school/embedded/2/ES-Lab-Kit/Software/FreeRTOS-Kernel/tasks.c.o
                0x10006248                vTaskPlaceOnUnorderedEventList
 .text.vTaskPlaceOnEventListRestricted
                0x100062e8       0x9c CMakeFiles/shared_memory.dir/home/olof/programs/school/embedded/2/ES-Lab-Kit/Software/FreeRTOS-Kernel/tasks.c.o
                0x100062e8                vTaskPlaceOnEventListRestricted
 .text.xTaskRemoveFromEventList
                0x10006384       0xc0 CMakeFiles/shared_memory.dir/home/olof/programs/school/embedded/2/ES-Lab-Kit/Software/FreeRTOS-Kernel/tasks.c.o
                0x10006384                xTaskRemoveFromEventList
 .text.vTaskInternalSetTimeOutState
                0x10006444       0x18 CMakeFiles/shared_memory.dir/home/olof/programs/school/embedded/2/ES-Lab-Kit/Software/FreeRTOS-Kernel/tasks.c.o
                0x10006444                vTaskInternalSetTimeOutState
 .text.vTaskMissedYield
                0x1000645c       0x14 CMakeFiles/shared_memory.dir/home/olof/programs/school/embedded/2/ES-Lab-Kit/Software/FreeRTOS-Kernel/tasks.c.o
                0x1000645c                vTaskMissedYield
 .text.xTaskGetCurrentTaskHandle
                0x10006470       0x20 CMakeFiles/shared_memory.dir/home/olof/programs/school/embedded/2/ES-Lab-Kit/Software/FreeRTOS-Kernel/tasks.c.o
                0x10006470                xTaskGetCurrentTaskHandle
 .text.xTaskPriorityDisinherit
                0x10006490       0xbc CMakeFiles/shared_memory.dir/home/olof/programs/school/embedded/2/ES-Lab-Kit/Software/FreeRTOS-Kernel/tasks.c.o
                0x10006490                xTaskPriorityDisinherit
 .text.vTaskYieldWithinAPI
                0x1000654c       0x24 CMakeFiles/shared_memory.dir/home/olof/programs/school/embedded/2/ES-Lab-Kit/Software/FreeRTOS-Kernel/tasks.c.o
                0x1000654c                vTaskYieldWithinAPI
 .text.vTaskEnterCritical
                0x10006570      0x11c CMakeFiles/shared_memory.dir/home/olof/programs/school/embedded/2/ES-Lab-Kit/Software/FreeRTOS-Kernel/tasks.c.o
                0x10006570                vTaskEnterCritical
 .text.prvAddNewTaskToReadyList
                0x1000668c       0xf4 CMakeFiles/shared_memory.dir/home/olof/programs/school/embedded/2/ES-Lab-Kit/Software/FreeRTOS-Kernel/tasks.c.o
 .text.xTaskCreateStaticAffinitySet
                0x10006780      0x150 CMakeFiles/shared_memory.dir/home/olof/programs/school/embedded/2/ES-Lab-Kit/Software/FreeRTOS-Kernel/tasks.c.o
                0x10006780                xTaskCreateStaticAffinitySet
 .text.xTaskCreate
                0x100068d0       0x68 CMakeFiles/shared_memory.dir/home/olof/programs/school/embedded/2/ES-Lab-Kit/Software/FreeRTOS-Kernel/tasks.c.o
                0x100068d0                xTaskCreate
 .text.vTaskStartScheduler
                0x10006938      0x16c CMakeFiles/shared_memory.dir/home/olof/programs/school/embedded/2/ES-Lab-Kit/Software/FreeRTOS-Kernel/tasks.c.o
                0x10006938                vTaskStartScheduler
 .text.xTaskResumeAll.part.0
                0x10006aa4      0x1a0 CMakeFiles/shared_memory.dir/home/olof/programs/school/embedded/2/ES-Lab-Kit/Software/FreeRTOS-Kernel/tasks.c.o
 .text.xTaskResumeAll
                0x10006c44       0x10 CMakeFiles/shared_memory.dir/home/olof/programs/school/embedded/2/ES-Lab-Kit/Software/FreeRTOS-Kernel/tasks.c.o
                0x10006c44                xTaskResumeAll
 .text.vTaskDelay
                0x10006c54       0x68 CMakeFiles/shared_memory.dir/home/olof/programs/school/embedded/2/ES-Lab-Kit/Software/FreeRTOS-Kernel/tasks.c.o
                0x10006c54                vTaskDelay
 .text.vTaskRemoveFromUnorderedEventList
                0x10006cbc       0x94 CMakeFiles/shared_memory.dir/home/olof/programs/school/embedded/2/ES-Lab-Kit/Software/FreeRTOS-Kernel/tasks.c.o
                0x10006cbc                vTaskRemoveFromUnorderedEventList
 .text.xTaskCheckForTimeOut
                0x10006d50       0xa4 CMakeFiles/shared_memory.dir/home/olof/programs/school/embedded/2/ES-Lab-Kit/Software/FreeRTOS-Kernel/tasks.c.o
                0x10006d50                xTaskCheckForTimeOut
 .text.vTaskEnterCriticalFromISR
                0x10006df4       0x94 CMakeFiles/shared_memory.dir/home/olof/programs/school/embedded/2/ES-Lab-Kit/Software/FreeRTOS-Kernel/tasks.c.o
                0x10006df4                vTaskEnterCriticalFromISR
 .text.vTaskExitCritical
                0x10006e88       0x98 CMakeFiles/shared_memory.dir/home/olof/programs/school/embedded/2/ES-Lab-Kit/Software/FreeRTOS-Kernel/tasks.c.o
                0x10006e88                vTaskExitCritical
 .text.vTaskExitCriticalFromISR
                0x10006f20       0x64 CMakeFiles/shared_memory.dir/home/olof/programs/school/embedded/2/ES-Lab-Kit/Software/FreeRTOS-Kernel/tasks.c.o
                0x10006f20                vTaskExitCriticalFromISR
 .text.uxTaskResetEventItemValue
                0x10006f84       0x44 CMakeFiles/shared_memory.dir/home/olof/programs/school/embedded/2/ES-Lab-Kit/Software/FreeRTOS-Kernel/tasks.c.o
                0x10006f84                uxTaskResetEventItemValue
 .text.xTaskGenericNotifyWait
                0x10006fc8      0x16c CMakeFiles/shared_memory.dir/home/olof/programs/school/embedded/2/ES-Lab-Kit/Software/FreeRTOS-Kernel/tasks.c.o
                0x10006fc8                xTaskGenericNotifyWait
 .text.xTaskGenericNotify
                0x10007134      0x1fc CMakeFiles/shared_memory.dir/home/olof/programs/school/embedded/2/ES-Lab-Kit/Software/FreeRTOS-Kernel/tasks.c.o
                0x10007134                xTaskGenericNotify
 .text.vApplicationGetTimerTaskMemory
                0x10007330       0x1c CMakeFiles/shared_memory.dir/home/olof/programs/school/embedded/2/ES-Lab-Kit/Software/FreeRTOS-Kernel/tasks.c.o
                0x10007330                vApplicationGetTimerTaskMemory
 .text.prvTimerTask
                0x1000734c      0x350 CMakeFiles/shared_memory.dir/home/olof/programs/school/embedded/2/ES-Lab-Kit/Software/FreeRTOS-Kernel/timers.c.o
 .text.xTimerCreateTimerTask
                0x1000769c       0xb4 CMakeFiles/shared_memory.dir/home/olof/programs/school/embedded/2/ES-Lab-Kit/Software/FreeRTOS-Kernel/timers.c.o
                0x1000769c                xTimerCreateTimerTask
 .text.xTimerPendFunctionCallFromISR
                0x10007750       0x30 CMakeFiles/shared_memory.dir/home/olof/programs/school/embedded/2/ES-Lab-Kit/Software/FreeRTOS-Kernel/timers.c.o
                0x10007750                xTimerPendFunctionCallFromISR
 .text.exception_set_exclusive_handler
                0x10007780       0x4c CMakeFiles/shared_memory.dir/home/olof/pico-sdk/src/rp2_common/hardware_exception/exception.c.o
                0x10007780                exception_set_exclusive_handler
 .text          0x100077cc       0x5c /usr/lib/gcc/arm-none-eabi/14.2.1/../../../arm-none-eabi/lib/thumb/v8-m.main+fp/softfp/libg.a(libc_a-strlen-stub.o)
                0x100077cc                strlen
 .text          0x10007828       0xa4 /usr/lib/gcc/arm-none-eabi/14.2.1/../../../arm-none-eabi/lib/thumb/v8-m.main+fp/softfp/libg.a(libc_a-memset.o)
                0x10007828                memset
 .text          0x100078cc       0x28 /usr/lib/gcc/arm-none-eabi/14.2.1/../../../arm-none-eabi/lib/thumb/v8-m.main+fp/softfp/libg.a(libc_a-fini.o)
                0x100078cc                __libc_fini_array
 .text          0x100078f4        0xc /usr/lib/gcc/arm-none-eabi/14.2.1/../../../arm-none-eabi/lib/thumb/v8-m.main+fp/softfp/libg.a(libc_a-atexit.o)
                0x100078f4                atexit
 .text          0x10007900       0xec /usr/lib/gcc/arm-none-eabi/14.2.1/../../../arm-none-eabi/lib/thumb/v8-m.main+fp/softfp/libg.a(libc_a-memcpy.o)
                0x10007900                memcpy
 .text          0x100079ec       0x64 /usr/lib/gcc/arm-none-eabi/14.2.1/../../../arm-none-eabi/lib/thumb/v8-m.main+fp/softfp/libg.a(libc_a-__atexit.o)
                0x100079ec                __register_exitproc
 .text.startup  0x10007a50       0x14 /usr/lib/gcc/arm-none-eabi/14.2.1/../../../arm-none-eabi/lib/thumb/v8-m.main+fp/softfp/libg.a(libc_a-__call_atexit.o)
 *(.fini)
 .fini          0x10007a64        0x4 /usr/lib/gcc/arm-none-eabi/14.2.1/thumb/v8-m.main+fp/softfp/crti.o
                0x10007a64                _fini
 .fini.__stub   0x10007a68       0x30 linker stubs
 *crtbegin.o(.ctors)
 *crtbegin?.o(.ctors)
 *(EXCLUDE_FILE(*crtend.o *crtend?.o) .ctors)
 *(SORT_BY_NAME(.ctors.*))
 *(.ctors)
 *crtbegin.o(.dtors)
 *crtbegin?.o(.dtors)
 *(EXCLUDE_FILE(*crtend.o *crtend?.o) .dtors)
 *(SORT_BY_NAME(.dtors.*))
 *(.dtors)
                0x10007a98                        . = ALIGN (0x4)
                0x10007a98                        PROVIDE (__preinit_array_start = .)
 *(SORT_BY_NAME(.preinit_array.*))
 .preinit_array.00050
                0x10007a98        0x4 CMakeFiles/shared_memory.dir/home/olof/pico-sdk/src/rp2_common/pico_runtime_init/runtime_init.c.o
                0x10007a98                __pre_init_runtime_init_bootrom_reset
 .preinit_array.00100
                0x10007a9c        0x4 CMakeFiles/shared_memory.dir/home/olof/pico-sdk/src/rp2_common/pico_runtime_init/runtime_init.c.o
                0x10007a9c                __pre_init_runtime_init_early_resets
 .preinit_array.00101
                0x10007aa0        0x4 CMakeFiles/shared_memory.dir/home/olof/pico-sdk/src/rp2_common/pico_runtime_init/runtime_init.c.o
                0x10007aa0                __pre_init_runtime_init_usb_power_down
 .preinit_array.00500
                0x10007aa4        0x4 CMakeFiles/shared_memory.dir/home/olof/pico-sdk/src/rp2_common/pico_runtime_init/runtime_init.c.o
                0x10007aa4                __pre_init_runtime_init_clocks
 .preinit_array.00600
                0x10007aa8        0x4 CMakeFiles/shared_memory.dir/home/olof/pico-sdk/src/rp2_common/pico_runtime_init/runtime_init.c.o
                0x10007aa8                __pre_init_runtime_init_post_clock_resets
 .preinit_array.01000
                0x10007aac        0x4 CMakeFiles/shared_memory.dir/home/olof/pico-sdk/src/rp2_common/hardware_boot_lock/boot_lock.c.o
                0x10007aac                __pre_init_runtime_init_boot_locks_reset
 .preinit_array.01000
                0x10007ab0        0x4 CMakeFiles/shared_memory.dir/home/olof/pico-sdk/src/rp2_common/pico_runtime_init/runtime_init.c.o
                0x10007ab0                __pre_init_runtime_init_spin_locks_reset
 .preinit_array.01010
                0x10007ab4        0x4 CMakeFiles/shared_memory.dir/home/olof/pico-sdk/src/rp2_common/pico_bootrom/bootrom_lock.c.o
                0x10007ab4                __pre_init_runtime_init_bootrom_locking_enable
 .preinit_array.01100
                0x10007ab8        0x4 CMakeFiles/shared_memory.dir/home/olof/pico-sdk/src/common/pico_sync/mutex.c.o
                0x10007ab8                __pre_init_runtime_init_mutex
 .preinit_array.10080
                0x10007abc        0x4 CMakeFiles/shared_memory.dir/home/olof/pico-sdk/src/rp2_common/pico_runtime_init/runtime_init.c.o
                0x10007abc                __pre_init_runtime_init_install_ram_vector_table
 .preinit_array.11000
                0x10007ac0        0x4 CMakeFiles/shared_memory.dir/home/olof/pico-sdk/src/common/pico_time/time.c.o
                0x10007ac0                __pre_init_runtime_init_default_alarm_pool
 .preinit_array.YYYYY
                0x10007ac4        0x4 CMakeFiles/shared_memory.dir/home/olof/pico-sdk/src/rp2_common/pico_runtime/runtime.c.o
                0x10007ac4                __pre_init_first_per_core_initializer
 .preinit_array.ZZZZZ.00051
                0x10007ac8        0x4 CMakeFiles/shared_memory.dir/home/olof/pico-sdk/src/rp2_common/pico_runtime_init/runtime_init.c.o
                0x10007ac8                __pre_init_runtime_init_per_core_bootrom_reset
 .preinit_array.ZZZZZ.00200
                0x10007acc        0x4 CMakeFiles/shared_memory.dir/home/olof/pico-sdk/src/rp2_common/pico_runtime_init/runtime_init.c.o
                0x10007acc                __pre_init_runtime_init_per_core_enable_coprocessors
 .preinit_array.ZZZZZ.01000
                0x10007ad0        0x4 CMakeFiles/shared_memory.dir/home/olof/pico-sdk/src/rp2_common/hardware_sync_spin_lock/sync_spin_lock.c.o
                0x10007ad0                __pre_init_spinlock_set_extexclall
 .preinit_array.ZZZZZ.01200
                0x10007ad4        0x4 CMakeFiles/shared_memory.dir/home/olof/pico-sdk/src/rp2_common/hardware_irq/irq.c.o
                0x10007ad4                __pre_init_runtime_init_per_core_irq_priorities
 *(.preinit_array)
                0x10007ad8                        PROVIDE (__preinit_array_end = .)
                0x10007ad8                        . = ALIGN (0x4)
                0x10007ad8                        PROVIDE (__init_array_start = .)
 *(SORT_BY_NAME(.init_array.*))
 .init_array.00000
                0x10007ad8        0x4 /usr/lib/gcc/arm-none-eabi/14.2.1/../../../arm-none-eabi/lib/thumb/v8-m.main+fp/softfp/libg.a(libc_a-__call_atexit.o)
 *(.init_array)
 .init_array    0x10007adc        0x4 /usr/lib/gcc/arm-none-eabi/14.2.1/thumb/v8-m.main+fp/softfp/crtbegin.o
 .init_array    0x10007ae0        0x4 CMakeFiles/shared_memory.dir/home/olof/programs/school/embedded/2/ES-Lab-Kit/Software/FreeRTOS-Kernel/portable/ThirdParty/GCC/RP2350_ARM_NTZ/non_secure/port.c.o
                0x10007ae4                        PROVIDE (__init_array_end = .)
                0x10007ae4                        . = ALIGN (0x4)
                0x10007ae4                        PROVIDE (__fini_array_start = .)
 *(SORT_BY_NAME(.fini_array.*))
 *(.fini_array)
                0x10007ae4                        PROVIDE (__fini_array_end = .)
 *(.eh_frame*)
 .eh_frame      0x10007ae4        0x0 /usr/lib/gcc/arm-none-eabi/14.2.1/thumb/v8-m.main+fp/softfp/crtbegin.o
                0x10007ae4                        . = ALIGN (0x4)

.glue_7         0x10007ae4        0x0
 .glue_7        0x10007ae4        0x0 linker stubs

.glue_7t        0x10007ae4        0x0
 .glue_7t       0x10007ae4        0x0 linker stubs

.vfp11_veneer   0x10007ae4        0x0
 .vfp11_veneer  0x10007ae4        0x0 linker stubs

.v4_bx          0x10007ae4        0x0
 .v4_bx         0x10007ae4        0x0 linker stubs

.iplt           0x10007ae4        0x0
 .iplt          0x10007ae4        0x0 /usr/lib/gcc/arm-none-eabi/14.2.1/thumb/v8-m.main+fp/softfp/crtbegin.o

.boot2          0x10007ae4        0x0
                0x10007ae4                        __boot2_start__ = .
 *(.boot2)
                0x10007ae4                        __boot2_end__ = .
                0x00000001                        ASSERT (((__boot2_end__ - __boot2_start__) <= 0x100), ERROR: Pico second stage bootloader must be no more than 256 bytes in size)

.rodata         0x10007ae8      0x21c
 *(EXCLUDE_FILE(*libm.a: *libc.a:*lib_a-mem*.o *libgcc.a:) .rodata*)
 .rodata.task_a.str1.4
                0x10007ae8      0x144 CMakeFiles/shared_memory.dir/main.c.o
                                 0x1a (size before relaxing)
 .rodata.main.str1.4
                0x10007c2c        0xf CMakeFiles/shared_memory.dir/main.c.o
 .rodata.panic.str1.4
                0x10007c2c       0x12 CMakeFiles/shared_memory.dir/home/olof/pico-sdk/src/rp2_common/pico_platform_panic/panic.c.o
 .rodata.spin_lock_claim.str1.4
                0x10007c2c       0x1f CMakeFiles/shared_memory.dir/home/olof/pico-sdk/src/rp2_common/hardware_sync/sync.c.o
 .rodata.timer_hardware_alarm_claim.str1.4
                0x10007c2c       0x22 CMakeFiles/shared_memory.dir/home/olof/pico-sdk/src/rp2_common/hardware_timer/timer.c.o
 .rodata.hard_assertion_failure.str1.4
                0x10007c2c        0xc CMakeFiles/shared_memory.dir/home/olof/pico-sdk/src/rp2_common/pico_runtime/runtime.c.o
 .rodata.str1.4
                0x10007c2c       0x48 CMakeFiles/shared_memory.dir/home/olof/pico-sdk/src/rp2_common/pico_standard_binary_info/standard_binary_info.c.o
 .rodata.__bi_84
                0x10007c2c        0xc CMakeFiles/shared_memory.dir/home/olof/pico-sdk/src/rp2_common/pico_standard_binary_info/standard_binary_info.c.o
 .rodata.__bi_78
                0x10007c38        0xc CMakeFiles/shared_memory.dir/home/olof/pico-sdk/src/rp2_common/pico_standard_binary_info/standard_binary_info.c.o
 .rodata.__bi_60
                0x10007c44        0xc CMakeFiles/shared_memory.dir/home/olof/pico-sdk/src/rp2_common/pico_standard_binary_info/standard_binary_info.c.o
 .rodata.__bi_54
                0x10007c50        0xc CMakeFiles/shared_memory.dir/home/olof/pico-sdk/src/rp2_common/pico_standard_binary_info/standard_binary_info.c.o
 .rodata.__bi_48
                0x10007c5c        0xc CMakeFiles/shared_memory.dir/home/olof/pico-sdk/src/rp2_common/pico_standard_binary_info/standard_binary_info.c.o
 .rodata.__bi_42
                0x10007c68        0xc CMakeFiles/shared_memory.dir/home/olof/pico-sdk/src/rp2_common/pico_standard_binary_info/standard_binary_info.c.o
 .rodata.__bi_34
                0x10007c74        0xc CMakeFiles/shared_memory.dir/home/olof/pico-sdk/src/rp2_common/pico_standard_binary_info/standard_binary_info.c.o
 .rodata.__bi_26
                0x10007c80        0xc CMakeFiles/shared_memory.dir/home/olof/pico-sdk/src/rp2_common/pico_standard_binary_info/standard_binary_info.c.o
 .rodata._ftoa.str1.4
                0x10007c8c       0x15 CMakeFiles/shared_memory.dir/home/olof/pico-sdk/src/rp2_common/pico_printf/printf.c.o
 *fill*         0x10007c8c        0x4 
 .rodata.pow10.0
                0x10007c90       0x50 CMakeFiles/shared_memory.dir/home/olof/pico-sdk/src/rp2_common/pico_printf/printf.c.o
 .rodata.crlf_str.0
                0x10007ce0        0x2 CMakeFiles/shared_memory.dir/home/olof/pico-sdk/src/rp2_common/pico_stdio/stdio.c.o
 .rodata.str1.4
                0x10007ce2       0x2c CMakeFiles/shared_memory.dir/home/olof/pico-sdk/src/rp2_common/pico_stdio_uart/stdio_uart.c.o
 *fill*         0x10007ce2        0x2 
 .rodata.__bi_45.4
                0x10007ce4        0xc CMakeFiles/shared_memory.dir/home/olof/pico-sdk/src/rp2_common/pico_stdio_uart/stdio_uart.c.o
 .rodata.__bi_49.5
                0x10007cf0        0x8 CMakeFiles/shared_memory.dir/home/olof/pico-sdk/src/rp2_common/pico_stdio_uart/stdio_uart.c.o
 .rodata.__bi_50.6
                0x10007cf8        0x8 CMakeFiles/shared_memory.dir/home/olof/pico-sdk/src/rp2_common/pico_stdio_uart/stdio_uart.c.o
 .rodata.multicore_doorbell_claim_unused.str1.4
                0x10007d00       0x12 CMakeFiles/shared_memory.dir/home/olof/pico-sdk/src/rp2_common/pico_multicore/multicore.c.o
 .rodata.uxTopUsedPriority
                0x10007d00        0x4 CMakeFiles/shared_memory.dir/home/olof/programs/school/embedded/2/ES-Lab-Kit/Software/FreeRTOS-Kernel/tasks.c.o
 .rodata.xTimerCreateTimerTask.str1.4
                0x10007d04       0x10 CMakeFiles/shared_memory.dir/home/olof/programs/school/embedded/2/ES-Lab-Kit/Software/FreeRTOS-Kernel/timers.c.o
 *(.srodata*)
                0x10007d14                        . = ALIGN (0x4)
 *(SORT_BY_ALIGNMENT(SORT_BY_NAME(.flashdata*)))
                0x10007d14                        . = ALIGN (0x4)

.ARM.extab
 *(.ARM.extab* .gnu.linkonce.armextab.*)
                0x10007d04                        __exidx_start = .

.ARM.exidx      0x10007d04        0x8
 *(.ARM.exidx* .gnu.linkonce.armexidx.*)
 .ARM.exidx     0x10007d04        0x8 /usr/lib/gcc/arm-none-eabi/14.2.1/../../../arm-none-eabi/lib/thumb/v8-m.main+fp/softfp/libg.a(libc_a-memcpy.o)
 .ARM.exidx     0x10007d0c        0x0 /usr/lib/gcc/arm-none-eabi/14.2.1/thumb/v8-m.main+fp/softfp/libgcc.a(_udivmoddi4.o)
                                  0x8 (size before relaxing)
                0x10007d0c                        __exidx_end = .
                0x10007d0c                        . = ALIGN (0x4)
                0x10007d0c                        __binary_info_start = .

.binary_info    0x10007d0c       0x2c
 *(.binary_info.keep.*)
 .binary_info.keep.__bi_ptr84
                0x10007d0c        0x4 CMakeFiles/shared_memory.dir/home/olof/pico-sdk/src/rp2_common/pico_standard_binary_info/standard_binary_info.c.o
 .binary_info.keep.__bi_ptr78
                0x10007d10        0x4 CMakeFiles/shared_memory.dir/home/olof/pico-sdk/src/rp2_common/pico_standard_binary_info/standard_binary_info.c.o
 .binary_info.keep.__bi_ptr60
                0x10007d14        0x4 CMakeFiles/shared_memory.dir/home/olof/pico-sdk/src/rp2_common/pico_standard_binary_info/standard_binary_info.c.o
 .binary_info.keep.__bi_ptr54
                0x10007d18        0x4 CMakeFiles/shared_memory.dir/home/olof/pico-sdk/src/rp2_common/pico_standard_binary_info/standard_binary_info.c.o
 .binary_info.keep.__bi_ptr48
                0x10007d1c        0x4 CMakeFiles/shared_memory.dir/home/olof/pico-sdk/src/rp2_common/pico_standard_binary_info/standard_binary_info.c.o
 .binary_info.keep.__bi_ptr42
                0x10007d20        0x4 CMakeFiles/shared_memory.dir/home/olof/pico-sdk/src/rp2_common/pico_standard_binary_info/standard_binary_info.c.o
 .binary_info.keep.__bi_ptr34
                0x10007d24        0x4 CMakeFiles/shared_memory.dir/home/olof/pico-sdk/src/rp2_common/pico_standard_binary_info/standard_binary_info.c.o
 .binary_info.keep.__bi_ptr26
                0x10007d28        0x4 CMakeFiles/shared_memory.dir/home/olof/pico-sdk/src/rp2_common/pico_standard_binary_info/standard_binary_info.c.o
 *(.binary_info.*)
 .binary_info.__bi_ptr50
                0x10007d2c        0x4 CMakeFiles/shared_memory.dir/home/olof/pico-sdk/src/rp2_common/pico_stdio_uart/stdio_uart.c.o
 .binary_info.__bi_ptr49
                0x10007d30        0x4 CMakeFiles/shared_memory.dir/home/olof/pico-sdk/src/rp2_common/pico_stdio_uart/stdio_uart.c.o
 .binary_info.__bi_ptr45
                0x10007d34        0x4 CMakeFiles/shared_memory.dir/home/olof/pico-sdk/src/rp2_common/pico_stdio_uart/stdio_uart.c.o
                0x10007d38                        __binary_info_end = .
                0x10007d38                        . = ALIGN (0x4)

.ram_vector_table
                0x20000000      0x110
 *(.ram_vector_table)
 .ram_vector_table
                0x20000000      0x110 CMakeFiles/shared_memory.dir/home/olof/pico-sdk/src/rp2_common/pico_runtime_init/runtime_init.c.o
                0x20000000                ram_vector_table

.uninitialized_data
                0x20000110        0x0
                0x20000110                        . = ALIGN (0x4)
 *(.uninitialized_data*)

.data           0x20000110      0x888 load address 0x10007d38
                0x20000110                        __data_start__ = .
 *(vtable)
 *(.time_critical*)
 .time_critical.get_psram_size
                0x20000110       0xc4 CMakeFiles/shared_memory.dir/home/olof/programs/school/embedded/2/ES-Lab-Kit/Software/bsp/psram.c.o
 *fill*         0x200001d4        0x4 
 .time_critical.set_psram_timing
                0x200001d8       0x8c CMakeFiles/shared_memory.dir/home/olof/programs/school/embedded/2/ES-Lab-Kit/Software/bsp/psram.c.o
 .time_critical.setup_psram
                0x20000264       0xe4 CMakeFiles/shared_memory.dir/home/olof/programs/school/embedded/2/ES-Lab-Kit/Software/bsp/psram.c.o
 .time_critical.mutex_try_enter_block_until
                0x20000348       0xac CMakeFiles/shared_memory.dir/home/olof/pico-sdk/src/common/pico_sync/mutex.c.o
                0x20000348                mutex_try_enter_block_until
 .time_critical.mutex_exit
                0x200003f4       0x34 CMakeFiles/shared_memory.dir/home/olof/pico-sdk/src/common/pico_sync/mutex.c.o
                0x200003f4                mutex_exit
 .time_critical.spi_write_blocking
                0x20000428       0x90 CMakeFiles/shared_memory.dir/home/olof/pico-sdk/src/rp2_common/hardware_spi/spi.c.o
                0x20000428                spi_write_blocking
 *(.text*)
 .text          0x200004b8       0xa0 /usr/lib/gcc/arm-none-eabi/14.2.1/thumb/v8-m.main+fp/softfp/libgcc.a(_aeabi_ldivmod.o)
                0x200004b8                __aeabi_ldivmod
 .text          0x20000558       0x30 /usr/lib/gcc/arm-none-eabi/14.2.1/thumb/v8-m.main+fp/softfp/libgcc.a(_aeabi_uldivmod.o)
                0x20000558                __aeabi_uldivmod
 .text          0x20000588      0x34c /usr/lib/gcc/arm-none-eabi/14.2.1/thumb/v8-m.main+fp/softfp/libgcc.a(_udivmoddi4.o)
                0x20000588                __udivmoddi4
 .text          0x200008d4        0x4 /usr/lib/gcc/arm-none-eabi/14.2.1/thumb/v8-m.main+fp/softfp/libgcc.a(_dvmd_tls.o)
                0x200008d4                __aeabi_ldiv0
                0x200008d4                __aeabi_idiv0
 .text.__stub   0x200008d8       0x28 linker stubs
                0x20000900                        . = ALIGN (0x4)
 *(.rodata*)
                0x20000900                        . = ALIGN (0x4)
 *(.data*)
 .data.striped_spin_lock_num
                0x20000900        0x1 CMakeFiles/shared_memory.dir/home/olof/pico-sdk/src/rp2_common/hardware_sync/sync.c.o
 *fill*         0x20000901        0x3 
 .data          0x20000904       0x48 CMakeFiles/shared_memory.dir/home/olof/pico-sdk/src/rp2_common/hardware_irq/irq_handler_chain.S.o
                0x20000904                irq_handler_chain_slots
                0x20000934                irq_handler_chain_first_slot
                0x2000093e                irq_handler_chain_remove_tail
 .data.default_alarm_pool
                0x2000094c       0x18 CMakeFiles/shared_memory.dir/home/olof/pico-sdk/src/common/pico_time/time.c.o
 .data.stdio_uart
                0x20000964       0x18 CMakeFiles/shared_memory.dir/home/olof/pico-sdk/src/rp2_common/pico_stdio_uart/stdio_uart.c.o
                0x20000964                stdio_uart
 .data.i2c0_inst
                0x2000097c        0x8 CMakeFiles/shared_memory.dir/home/olof/pico-sdk/src/rp2_common/hardware_i2c/i2c.c.o
                0x2000097c                i2c0_inst
 .data.cDoorbellNum
                0x20000984        0x1 CMakeFiles/shared_memory.dir/home/olof/programs/school/embedded/2/ES-Lab-Kit/Software/FreeRTOS-Kernel/portable/ThirdParty/GCC/RP2350_ARM_NTZ/non_secure/port.c.o
 .data.ucPrimaryCoreNum
                0x20000985        0x1 CMakeFiles/shared_memory.dir/home/olof/programs/school/embedded/2/ES-Lab-Kit/Software/FreeRTOS-Kernel/portable/ThirdParty/GCC/RP2350_ARM_NTZ/non_secure/port.c.o
 *(.sdata*)
                0x20000988                        . = ALIGN (0x4)
 *fill*         0x20000986        0x2 
 *(.after_data.*)
                0x20000988                        . = ALIGN (0x4)
                0x20000988                        PROVIDE (__mutex_array_start = .)
 *(SORT_BY_NAME(.mutex_array.*))
 *(.mutex_array)
 .mutex_array   0x20000988        0x8 CMakeFiles/shared_memory.dir/home/olof/pico-sdk/src/rp2_common/pico_malloc/malloc.c.o
 .mutex_array   0x20000990        0x8 CMakeFiles/shared_memory.dir/home/olof/pico-sdk/src/rp2_common/pico_stdio/stdio.c.o
                0x20000998                        PROVIDE (__mutex_array_end = .)
 *(.jcr)
                0x20000998                        . = ALIGN (0x4)

.tm_clone_table
                0x20000998        0x0 load address 0x100085c0
 .tm_clone_table
                0x20000998        0x0 /usr/lib/gcc/arm-none-eabi/14.2.1/thumb/v8-m.main+fp/softfp/crtbegin.o
 .tm_clone_table
                0x20000998        0x0 /usr/lib/gcc/arm-none-eabi/14.2.1/thumb/v8-m.main+fp/softfp/crtend.o

.igot.plt       0x20000998        0x0 load address 0x100085c0
 .igot.plt      0x20000998        0x0 /usr/lib/gcc/arm-none-eabi/14.2.1/thumb/v8-m.main+fp/softfp/crtbegin.o

.tdata          0x20000998        0x0 load address 0x100085c0
                0x20000998                        . = ALIGN (0x4)
 *(.tdata .tdata.* .gnu.linkonce.td.*)
                0x20000998                        __tdata_end = .
                0x20000998                        PROVIDE (__data_end__ = .)
                0x10007d38                        __etext = LOADADDR (.data)

.tbss           0x20000998        0x0 load address 0x100085c0
                0x20000998                        . = ALIGN (0x4)
                0x20000998                        __bss_start__ = .
                0x20000998                        __tls_base = .
 *(.tbss .tbss.* .gnu.linkonce.tb.*)
 *(.tcommon)
                0x20000998                        __tls_end = .

.bss            0x20000998    0x22a58 load address 0x100085c0
                0x20000998                        . = ALIGN (0x4)
                0x20000998                        __tbss_end = .
 *(SORT_BY_ALIGNMENT(SORT_BY_NAME(.bss*)))
 .bss.default_alarm_pool_entries
                0x20000998      0x180 CMakeFiles/shared_memory.dir/home/olof/pico-sdk/src/common/pico_time/time.c.o
 .bss.xQueueRegistry
                0x20000b18       0x40 CMakeFiles/shared_memory.dir/home/olof/programs/school/embedded/2/ES-Lab-Kit/Software/FreeRTOS-Kernel/queue.c.o
                0x20000b18                xQueueRegistry
 .bss           0x20000b58       0x1c /usr/lib/gcc/arm-none-eabi/14.2.1/thumb/v8-m.main+fp/softfp/crtbegin.o
 .bss           0x20000b74      0x190 /usr/lib/gcc/arm-none-eabi/14.2.1/../../../arm-none-eabi/lib/thumb/v8-m.main+fp/softfp/libg.a(libc_a-__atexit.o)
                0x20000b74                __atexit0
 .bss           0x20000d04        0x4 /usr/lib/gcc/arm-none-eabi/14.2.1/../../../arm-none-eabi/lib/thumb/v8-m.main+fp/softfp/libg.a(libc_a-__call_atexit.o)
                0x20000d04                __atexit
 .bss._sw_spin_locks
                0x20000d08       0x20 CMakeFiles/shared_memory.dir/home/olof/pico-sdk/src/rp2_common/hardware_sync_spin_lock/sync_spin_lock.c.o
                0x20000d08                _sw_spin_locks
 .bss.acc       0x20000d28       0x18 CMakeFiles/shared_memory.dir/home/olof/programs/school/embedded/2/ES-Lab-Kit/Software/bsp/bsp.c.o
 .bss.chars_available_callback
                0x20000d40        0x4 CMakeFiles/shared_memory.dir/home/olof/pico-sdk/src/rp2_common/pico_stdio_uart/stdio_uart.c.o
 .bss.chars_available_param
                0x20000d44        0x4 CMakeFiles/shared_memory.dir/home/olof/pico-sdk/src/rp2_common/pico_stdio_uart/stdio_uart.c.o
 .bss.claimed   0x20000d48        0x4 CMakeFiles/shared_memory.dir/home/olof/pico-sdk/src/rp2_common/hardware_sync/sync.c.o
 .bss.claimed   0x20000d4c        0x2 CMakeFiles/shared_memory.dir/home/olof/pico-sdk/src/rp2_common/hardware_timer/timer.c.o
 *fill*         0x20000d4e        0x2 
 .bss.configured_freq
                0x20000d50       0x28 CMakeFiles/shared_memory.dir/home/olof/pico-sdk/src/rp2_common/hardware_clocks/clocks.c.o
 .bss.doorbell_claimed
                0x20000d78        0x2 CMakeFiles/shared_memory.dir/home/olof/pico-sdk/src/rp2_common/pico_multicore/multicore.c.o
 *fill*         0x20000d7a        0x2 
 .bss.drivers   0x20000d7c        0x4 CMakeFiles/shared_memory.dir/home/olof/pico-sdk/src/rp2_common/pico_stdio/stdio.c.o
 .bss.filter    0x20000d80        0x4 CMakeFiles/shared_memory.dir/home/olof/pico-sdk/src/rp2_common/pico_stdio/stdio.c.o
 .bss.lazy_vsnprintf
                0x20000d84        0x4 CMakeFiles/shared_memory.dir/home/olof/pico-sdk/src/rp2_common/pico_printf/printf.c.o
 .bss.pools     0x20000d88       0x20 CMakeFiles/shared_memory.dir/home/olof/pico-sdk/src/common/pico_time/time.c.o
 .bss.psram_size
                0x20000da8        0x4 CMakeFiles/shared_memory.dir/home/olof/programs/school/embedded/2/ES-Lab-Kit/Software/bsp/bsp.c.o
 .bss.pxCurrentTCBs
                0x20000dac        0x8 CMakeFiles/shared_memory.dir/home/olof/programs/school/embedded/2/ES-Lab-Kit/Software/FreeRTOS-Kernel/tasks.c.o
                0x20000dac                pxCurrentTCBs
 .bss.pxCurrentTimerList
                0x20000db4        0x4 CMakeFiles/shared_memory.dir/home/olof/programs/school/embedded/2/ES-Lab-Kit/Software/FreeRTOS-Kernel/timers.c.o
 .bss.pxDelayedTaskList
                0x20000db8        0x4 CMakeFiles/shared_memory.dir/home/olof/programs/school/embedded/2/ES-Lab-Kit/Software/FreeRTOS-Kernel/tasks.c.o
 .bss.pxEnd     0x20000dbc        0x4 CMakeFiles/shared_memory.dir/home/olof/programs/school/embedded/2/ES-Lab-Kit/Software/FreeRTOS-Kernel/portable/MemMang/heap_4.c.o
 .bss.pxOverflowDelayedTaskList
                0x20000dc0        0x4 CMakeFiles/shared_memory.dir/home/olof/programs/school/embedded/2/ES-Lab-Kit/Software/FreeRTOS-Kernel/tasks.c.o
 .bss.pxOverflowTimerList
                0x20000dc4        0x4 CMakeFiles/shared_memory.dir/home/olof/programs/school/embedded/2/ES-Lab-Kit/Software/FreeRTOS-Kernel/timers.c.o
 .bss.pxReadyTasksLists
                0x20000dc8      0x280 CMakeFiles/shared_memory.dir/home/olof/programs/school/embedded/2/ES-Lab-Kit/Software/FreeRTOS-Kernel/tasks.c.o
 .bss.shared_address
                0x20001048        0x4 CMakeFiles/shared_memory.dir/main.c.o
                0x20001048                shared_address
 .bss.sleep_notifier
                0x2000104c        0x4 CMakeFiles/shared_memory.dir/home/olof/pico-sdk/src/common/pico_time/time.c.o
 .bss.sr_data   0x20001050        0x4 CMakeFiles/shared_memory.dir/home/olof/programs/school/embedded/2/ES-Lab-Kit/Software/bsp/bsp.c.o
 .bss.task_a_t  0x20001054        0x4 CMakeFiles/shared_memory.dir/main.c.o
                0x20001054                task_a_t
 .bss.task_b_t  0x20001058        0x4 CMakeFiles/shared_memory.dir/main.c.o
                0x20001058                task_b_t
 .bss.uart_char_to_line_feed
                0x2000105c        0x4 CMakeFiles/shared_memory.dir/home/olof/pico-sdk/src/rp2_common/hardware_uart/uart.c.o
                0x2000105c                uart_char_to_line_feed
 .bss.uart_instance
                0x20001060        0x4 CMakeFiles/shared_memory.dir/home/olof/pico-sdk/src/rp2_common/pico_stdio_uart/stdio_uart.c.o
 .bss.ucHeap    0x20001064    0x20000 CMakeFiles/shared_memory.dir/home/olof/programs/school/embedded/2/ES-Lab-Kit/Software/FreeRTOS-Kernel/portable/MemMang/heap_4.c.o
 .bss.ucOwnedByCore.7
                0x20021064        0x4 CMakeFiles/shared_memory.dir/home/olof/programs/school/embedded/2/ES-Lab-Kit/Software/FreeRTOS-Kernel/tasks.c.o
 .bss.ucRecursionCountByLock.6
                0x20021068        0x2 CMakeFiles/shared_memory.dir/home/olof/programs/school/embedded/2/ES-Lab-Kit/Software/FreeRTOS-Kernel/tasks.c.o
 *fill*         0x2002106a        0x2 
 .bss.ucStaticTimerQueueStorage.1
                0x2002106c       0xa0 CMakeFiles/shared_memory.dir/home/olof/programs/school/embedded/2/ES-Lab-Kit/Software/FreeRTOS-Kernel/timers.c.o
 .bss.ulCriticalNestings
                0x2002110c        0x8 CMakeFiles/shared_memory.dir/home/olof/programs/school/embedded/2/ES-Lab-Kit/Software/FreeRTOS-Kernel/portable/ThirdParty/GCC/RP2350_ARM_NTZ/non_secure/port.c.o
                0x2002110c                ulCriticalNestings
 .bss.ulMaxPRIGROUPValue
                0x20021114        0x4 CMakeFiles/shared_memory.dir/home/olof/programs/school/embedded/2/ES-Lab-Kit/Software/FreeRTOS-Kernel/portable/ThirdParty/GCC/RP2350_ARM_NTZ/non_secure/port.c.o
 .bss.uxCurrentNumberOfTasks
                0x20021118        0x4 CMakeFiles/shared_memory.dir/home/olof/programs/school/embedded/2/ES-Lab-Kit/Software/FreeRTOS-Kernel/tasks.c.o
 .bss.uxDeletedTasksWaitingCleanUp
                0x2002111c        0x4 CMakeFiles/shared_memory.dir/home/olof/programs/school/embedded/2/ES-Lab-Kit/Software/FreeRTOS-Kernel/tasks.c.o
 .bss.uxIdleTaskStack.4
                0x20021120      0x800 CMakeFiles/shared_memory.dir/home/olof/programs/school/embedded/2/ES-Lab-Kit/Software/FreeRTOS-Kernel/tasks.c.o
 .bss.uxIdleTaskStacks.2
                0x20021920      0x800 CMakeFiles/shared_memory.dir/home/olof/programs/school/embedded/2/ES-Lab-Kit/Software/FreeRTOS-Kernel/tasks.c.o
 .bss.uxSchedulerSuspended
                0x20022120        0x4 CMakeFiles/shared_memory.dir/home/olof/programs/school/embedded/2/ES-Lab-Kit/Software/FreeRTOS-Kernel/tasks.c.o
 .bss.uxTaskNumber
                0x20022124        0x4 CMakeFiles/shared_memory.dir/home/olof/programs/school/embedded/2/ES-Lab-Kit/Software/FreeRTOS-Kernel/tasks.c.o
 .bss.uxTimerTaskStack.0
                0x20022128     0x1000 CMakeFiles/shared_memory.dir/home/olof/programs/school/embedded/2/ES-Lab-Kit/Software/FreeRTOS-Kernel/tasks.c.o
 .bss.uxTopReadyPriority
                0x20023128        0x4 CMakeFiles/shared_memory.dir/home/olof/programs/school/embedded/2/ES-Lab-Kit/Software/FreeRTOS-Kernel/tasks.c.o
 .bss.xActiveTimerList1
                0x2002312c       0x14 CMakeFiles/shared_memory.dir/home/olof/programs/school/embedded/2/ES-Lab-Kit/Software/FreeRTOS-Kernel/timers.c.o
 .bss.xActiveTimerList2
                0x20023140       0x14 CMakeFiles/shared_memory.dir/home/olof/programs/school/embedded/2/ES-Lab-Kit/Software/FreeRTOS-Kernel/timers.c.o
 .bss.xDelayedTaskList1
                0x20023154       0x14 CMakeFiles/shared_memory.dir/home/olof/programs/school/embedded/2/ES-Lab-Kit/Software/FreeRTOS-Kernel/tasks.c.o
 .bss.xDelayedTaskList2
                0x20023168       0x14 CMakeFiles/shared_memory.dir/home/olof/programs/school/embedded/2/ES-Lab-Kit/Software/FreeRTOS-Kernel/tasks.c.o
 .bss.xEventGroup
                0x2002317c        0x4 CMakeFiles/shared_memory.dir/home/olof/programs/school/embedded/2/ES-Lab-Kit/Software/FreeRTOS-Kernel/portable/ThirdParty/GCC/RP2350_ARM_NTZ/non_secure/port.c.o
 .bss.xFreeBytesRemaining
                0x20023180        0x4 CMakeFiles/shared_memory.dir/home/olof/programs/school/embedded/2/ES-Lab-Kit/Software/FreeRTOS-Kernel/portable/MemMang/heap_4.c.o
 .bss.xIdleTaskHandles
                0x20023184        0x8 CMakeFiles/shared_memory.dir/home/olof/programs/school/embedded/2/ES-Lab-Kit/Software/FreeRTOS-Kernel/tasks.c.o
 .bss.xIdleTaskTCB.5
                0x2002318c       0x7c CMakeFiles/shared_memory.dir/home/olof/programs/school/embedded/2/ES-Lab-Kit/Software/FreeRTOS-Kernel/tasks.c.o
 .bss.xIdleTaskTCBs.3
                0x20023208       0x7c CMakeFiles/shared_memory.dir/home/olof/programs/school/embedded/2/ES-Lab-Kit/Software/FreeRTOS-Kernel/tasks.c.o
 .bss.xLastTime.2
                0x20023284        0x4 CMakeFiles/shared_memory.dir/home/olof/programs/school/embedded/2/ES-Lab-Kit/Software/FreeRTOS-Kernel/timers.c.o
 .bss.xMinimumEverFreeBytesRemaining
                0x20023288        0x4 CMakeFiles/shared_memory.dir/home/olof/programs/school/embedded/2/ES-Lab-Kit/Software/FreeRTOS-Kernel/portable/MemMang/heap_4.c.o
 .bss.xNextTaskUnblockTime
                0x2002328c        0x4 CMakeFiles/shared_memory.dir/home/olof/programs/school/embedded/2/ES-Lab-Kit/Software/FreeRTOS-Kernel/tasks.c.o
 .bss.xNumOfOverflows
                0x20023290        0x4 CMakeFiles/shared_memory.dir/home/olof/programs/school/embedded/2/ES-Lab-Kit/Software/FreeRTOS-Kernel/tasks.c.o
 .bss.xNumberOfSuccessfulAllocations
                0x20023294        0x4 CMakeFiles/shared_memory.dir/home/olof/programs/school/embedded/2/ES-Lab-Kit/Software/FreeRTOS-Kernel/portable/MemMang/heap_4.c.o
 .bss.xNumberOfSuccessfulFrees
                0x20023298        0x4 CMakeFiles/shared_memory.dir/home/olof/programs/school/embedded/2/ES-Lab-Kit/Software/FreeRTOS-Kernel/portable/MemMang/heap_4.c.o
 .bss.xPendedTicks
                0x2002329c        0x4 CMakeFiles/shared_memory.dir/home/olof/programs/school/embedded/2/ES-Lab-Kit/Software/FreeRTOS-Kernel/tasks.c.o
 .bss.xPendingReadyList
                0x200232a0       0x14 CMakeFiles/shared_memory.dir/home/olof/programs/school/embedded/2/ES-Lab-Kit/Software/FreeRTOS-Kernel/tasks.c.o
 .bss.xSchedulerRunning
                0x200232b4        0x4 CMakeFiles/shared_memory.dir/home/olof/programs/school/embedded/2/ES-Lab-Kit/Software/FreeRTOS-Kernel/tasks.c.o
 .bss.xStart    0x200232b8        0x8 CMakeFiles/shared_memory.dir/home/olof/programs/school/embedded/2/ES-Lab-Kit/Software/FreeRTOS-Kernel/portable/MemMang/heap_4.c.o
 .bss.xStaticEventGroup
                0x200232c0       0x20 CMakeFiles/shared_memory.dir/home/olof/programs/school/embedded/2/ES-Lab-Kit/Software/FreeRTOS-Kernel/portable/ThirdParty/GCC/RP2350_ARM_NTZ/non_secure/port.c.o
 .bss.xStaticTimerQueue.0
                0x200232e0       0x54 CMakeFiles/shared_memory.dir/home/olof/programs/school/embedded/2/ES-Lab-Kit/Software/FreeRTOS-Kernel/timers.c.o
 .bss.xSuspendedTaskList
                0x20023334       0x14 CMakeFiles/shared_memory.dir/home/olof/programs/school/embedded/2/ES-Lab-Kit/Software/FreeRTOS-Kernel/tasks.c.o
 .bss.xTasksWaitingTermination
                0x20023348       0x14 CMakeFiles/shared_memory.dir/home/olof/programs/school/embedded/2/ES-Lab-Kit/Software/FreeRTOS-Kernel/tasks.c.o
 .bss.xTickCount
                0x2002335c        0x4 CMakeFiles/shared_memory.dir/home/olof/programs/school/embedded/2/ES-Lab-Kit/Software/FreeRTOS-Kernel/tasks.c.o
 .bss.xTimerQueue
                0x20023360        0x4 CMakeFiles/shared_memory.dir/home/olof/programs/school/embedded/2/ES-Lab-Kit/Software/FreeRTOS-Kernel/timers.c.o
 .bss.xTimerTaskHandle
                0x20023364        0x4 CMakeFiles/shared_memory.dir/home/olof/programs/school/embedded/2/ES-Lab-Kit/Software/FreeRTOS-Kernel/timers.c.o
 .bss.xTimerTaskTCB.1
                0x20023368       0x7c CMakeFiles/shared_memory.dir/home/olof/programs/school/embedded/2/ES-Lab-Kit/Software/FreeRTOS-Kernel/tasks.c.o
 .bss.xYieldPendings
                0x200233e4        0x8 CMakeFiles/shared_memory.dir/home/olof/programs/school/embedded/2/ES-Lab-Kit/Software/FreeRTOS-Kernel/tasks.c.o
 .bss.irq_handler_chain_free_slot_head
                0x200233ec        0x1 CMakeFiles/shared_memory.dir/home/olof/pico-sdk/src/rp2_common/hardware_irq/irq.c.o
 .bss.mma8452q_initialized
                0x200233ed        0x1 CMakeFiles/shared_memory.dir/home/olof/programs/school/embedded/2/ES-Lab-Kit/Software/bsp/bsp.c.o
 *(COMMON)
                [!provide]                        PROVIDE (__global_pointer$ = (. + 0x800))
 *(.sbss*)
                0x200233f0                        . = ALIGN (0x4)
 *fill*         0x200233ee        0x2 
                0x200233f0                        __bss_end__ = .

.heap           0x200233f0      0x800 load address 0x100085c0
                0x200233f0                        __end__ = .
                0x200233f0                        end = __end__
 *(.heap*)
 .heap          0x200233f0      0x800 CMakeFiles/shared_memory.dir/home/olof/pico-sdk/src/rp2_common/pico_crt0/crt0.S.o
                0x20080000                        __HeapLimit = (ORIGIN (RAM) + LENGTH (RAM))

.scratch_x      0x20080000        0x0 load address 0x100085c0
                0x20080000                        __scratch_x_start__ = .
 *(.scratch_x.*)
                0x20080000                        . = ALIGN (0x4)
                0x20080000                        __scratch_x_end__ = .
                0x100085c0                        __scratch_x_source__ = LOADADDR (.scratch_x)

.scratch_y      0x20081000        0x0 load address 0x100085c0
                0x20081000                        __scratch_y_start__ = .
 *(.scratch_y.*)
                0x20081000                        . = ALIGN (0x4)
                0x20081000                        __scratch_y_end__ = .
                0x100085c0                        __scratch_y_source__ = LOADADDR (.scratch_y)

.stack1_dummy   0x20080000      0x800
 *(.stack1*)
 .stack1        0x20080000      0x800 CMakeFiles/shared_memory.dir/home/olof/pico-sdk/src/rp2_common/pico_multicore/multicore.c.o

.stack_dummy    0x20081000      0x800
 *(.stack*)
 .stack         0x20081000      0x800 CMakeFiles/shared_memory.dir/home/olof/pico-sdk/src/rp2_common/pico_crt0/crt0.S.o

.flash_end      0x100085c0       0x14
 *(.embedded_end_block*)
 .embedded_end_block
                0x100085c0       0x14 CMakeFiles/shared_memory.dir/home/olof/pico-sdk/src/rp2_common/pico_crt0/crt0.S.o
                0x100085d4                        PROVIDE (__flash_binary_end = .)
                0x20080000                        __StackLimit = (ORIGIN (RAM) + LENGTH (RAM))
                0x20081000                        __StackOneTop = (ORIGIN (SCRATCH_X) + LENGTH (SCRATCH_X))
                0x20082000                        __StackTop = (ORIGIN (SCRATCH_Y) + LENGTH (SCRATCH_Y))
                0x20080800                        __StackOneBottom = (__StackOneTop - SIZEOF (.stack1_dummy))
                0x20081800                        __StackBottom = (__StackTop - SIZEOF (.stack_dummy))
                0x20082000                        PROVIDE (__stack = __StackTop)
                [!provide]                        PROVIDE (__heap_start = __end__)
                [!provide]                        PROVIDE (__heap_end = __HeapLimit)
                [!provide]                        PROVIDE (__tls_align = MAX (ALIGNOF (.tdata), ALIGNOF (.tbss)))
                [!provide]                        PROVIDE (__tls_size_align = (((__tls_size + __tls_align) - 0x1) & ~ ((__tls_align - 0x1))))
                [!provide]                        PROVIDE (__arm32_tls_tcb_offset = MAX (0x8, __tls_align))
                [!provide]                        PROVIDE (_end = __end__)
                [!provide]                        PROVIDE (__llvm_libc_heap_limit = __HeapLimit)
                0x00000001                        ASSERT ((__StackLimit >= __HeapLimit), region RAM overflowed)
                0x00000001                        ASSERT (((__binary_info_header_end - __logical_binary_start) <= 0x400), Binary info must be in first 1024 bytes of the binary)
                0x00000001                        ASSERT (((__embedded_block_end - __logical_binary_start) <= 0x1000), Embedded block must be in first 4096 bytes of the binary)
LOAD CMakeFiles/shared_memory.dir/main.c.o
LOAD CMakeFiles/shared_memory.dir/home/olof/programs/school/embedded/2/ES-Lab-Kit/Software/bsp/bsp.c.o
LOAD CMakeFiles/shared_memory.dir/home/olof/programs/school/embedded/2/ES-Lab-Kit/Software/bsp/ht16k33.c.o
LOAD CMakeFiles/shared_memory.dir/home/olof/programs/school/embedded/2/ES-Lab-Kit/Software/bsp/mma8452q.c.o
LOAD CMakeFiles/shared_memory.dir/home/olof/programs/school/embedded/2/ES-Lab-Kit/Software/bsp/psram.c.o
LOAD CMakeFiles/shared_memory.dir/home/olof/pico-sdk/src/rp2_common/pico_stdlib/stdlib.c.o
LOAD CMakeFiles/shared_memory.dir/home/olof/pico-sdk/src/rp2_common/hardware_gpio/gpio.c.o
LOAD CMakeFiles/shared_memory.dir/home/olof/pico-sdk/src/rp2350/pico_platform/platform.c.o
LOAD CMakeFiles/shared_memory.dir/home/olof/pico-sdk/src/rp2_common/pico_platform_common/common.c.o
LOAD CMakeFiles/shared_memory.dir/home/olof/pico-sdk/src/rp2_common/pico_platform_panic/panic.c.o
LOAD CMakeFiles/shared_memory.dir/home/olof/pico-sdk/src/common/hardware_claim/claim.c.o
LOAD CMakeFiles/shared_memory.dir/home/olof/pico-sdk/src/rp2_common/hardware_sync/sync.c.o
LOAD CMakeFiles/shared_memory.dir/home/olof/pico-sdk/src/rp2_common/hardware_sync_spin_lock/sync_spin_lock.c.o
LOAD CMakeFiles/shared_memory.dir/home/olof/pico-sdk/src/rp2_common/hardware_irq/irq.c.o
LOAD CMakeFiles/shared_memory.dir/home/olof/pico-sdk/src/rp2_common/hardware_irq/irq_handler_chain.S.o
LOAD CMakeFiles/shared_memory.dir/home/olof/pico-sdk/src/common/pico_sync/sem.c.o
LOAD CMakeFiles/shared_memory.dir/home/olof/pico-sdk/src/common/pico_sync/lock_core.c.o
LOAD CMakeFiles/shared_memory.dir/home/olof/pico-sdk/src/common/pico_sync/mutex.c.o
LOAD CMakeFiles/shared_memory.dir/home/olof/pico-sdk/src/common/pico_sync/critical_section.c.o
LOAD CMakeFiles/shared_memory.dir/home/olof/pico-sdk/src/common/pico_time/time.c.o
LOAD CMakeFiles/shared_memory.dir/home/olof/pico-sdk/src/common/pico_time/timeout_helper.c.o
LOAD CMakeFiles/shared_memory.dir/home/olof/pico-sdk/src/rp2_common/hardware_timer/timer.c.o
LOAD CMakeFiles/shared_memory.dir/home/olof/pico-sdk/src/common/pico_util/datetime.c.o
LOAD CMakeFiles/shared_memory.dir/home/olof/pico-sdk/src/common/pico_util/pheap.c.o
LOAD CMakeFiles/shared_memory.dir/home/olof/pico-sdk/src/common/pico_util/queue.c.o
LOAD CMakeFiles/shared_memory.dir/home/olof/pico-sdk/src/rp2_common/hardware_uart/uart.c.o
LOAD CMakeFiles/shared_memory.dir/home/olof/pico-sdk/src/rp2_common/hardware_clocks/clocks.c.o